Component: ARM Compiler 5.06 update 7 (build 960) Tool: armlink [4d3601]

==============================================================================

Section Cross References

    main.o(.text) refers to usb_regs.o(.text) for GetEPTxAddr
    main.o(.text) refers to usb_mem.o(.text) for UserToPMABufferCopy
    main.o(.text) refers to 24l01.o(.text) for SPI_Write_Reg
    main.o(.text) refers to stm32f10x_gpio.o(.text) for GPIO_ResetBits
    main.o(.text) refers to system_stm32f10x.o(.text) for SystemInit
    main.o(.text) refers to hw_config.o(.text) for USB_Interrupts_Config
    main.o(.text) refers to usb_init.o(.text) for USB_Init
    main.o(.text) refers to main.o(.data) for key_Buf
    stm32f10x_it.o(.text) refers to usb_istr.o(.text) for USB_Istr
    hw_config.o(.text) refers to stm32f10x_rcc.o(.text) for RCC_DeInit
    hw_config.o(.text) refers to stm32f10x_flash.o(.text) for FLASH_PrefetchBufferCmd
    hw_config.o(.text) refers to stm32f10x_gpio.o(.text) for GPIO_Init
    hw_config.o(.text) refers to misc.o(.text) for NVIC_PriorityGroupConfig
    hw_config.o(.text) refers to usb_regs.o(.text) for GetEPTxAddr
    hw_config.o(.text) refers to usb_mem.o(.text) for UserToPMABufferCopy
    hw_config.o(.text) refers to usb_desc.o(.data) for Joystick_StringSerial
    24l01.o(.text) refers to stm32f10x_rcc.o(.text) for RCC_APB2PeriphClockCmd
    24l01.o(.text) refers to stm32f10x_gpio.o(.text) for GPIO_PinRemapConfig
    24l01.o(.text) refers to stm32f10x_spi.o(.text) for SPI_Init
    24l01.o(.text) refers to 24l01.o(.data) for TX_ADDRESS
    24l01.o(.text) refers to main.o(.data) for RX_data
    usb_istr.o(.text) refers to usb_pwr.o(.text) for Resume
    usb_istr.o(.text) refers to usb_int.o(.text) for CTR_LP
    usb_istr.o(.text) refers to usb_istr.o(.data) for wIstr
    usb_istr.o(.text) refers to usb_init.o(.data) for wInterrupt_Mask
    usb_istr.o(.text) refers to usb_prop.o(.data) for Device_Property
    usb_istr.o(.text) refers to usb_pwr.o(.data) for fSuspendEnabled
    usb_istr.o(.data) refers to usb_core.o(.text) for NOP_Process
    usb_prop.o(.text) refers to hw_config.o(.text) for Get_SerialNum
    usb_prop.o(.text) refers to usb_pwr.o(.text) for PowerOn
    usb_prop.o(.text) refers to usb_regs.o(.text) for SetBTABLE
    usb_prop.o(.text) refers to usb_core.o(.text) for SetDeviceAddress
    usb_prop.o(.text) refers to usb_init.o(.data) for pInformation
    usb_prop.o(.text) refers to usb_pwr.o(.data) for bDeviceState
    usb_prop.o(.text) refers to usb_desc.o(.constdata) for Joystick_ConfigDescriptor
    usb_prop.o(.text) refers to usb_prop.o(.data) for Device_Property
    usb_prop.o(.text) refers to usb_init.o(.bss) for Device_Info
    usb_prop.o(.data) refers to usb_prop.o(.text) for Joystick_init
    usb_prop.o(.data) refers to usb_core.o(.text) for NOP_Process
    usb_prop.o(.data) refers to usb_desc.o(.constdata) for Joystick_DeviceDescriptor
    usb_prop.o(.data) refers to usb_desc.o(.data) for Joystick_StringSerial
    usb_pwr.o(.text) refers to hw_config.o(.text) for USB_Cable_Config
    usb_pwr.o(.text) refers to usb_init.o(.data) for wInterrupt_Mask
    usb_pwr.o(.text) refers to usb_pwr.o(.data) for ResumeS
    startup_stm32f10x_md.o(STACK) refers (Special) to heapauxi.o(.text) for __use_two_region_memory
    startup_stm32f10x_md.o(HEAP) refers (Special) to heapauxi.o(.text) for __use_two_region_memory
    startup_stm32f10x_md.o(RESET) refers (Special) to heapauxi.o(.text) for __use_two_region_memory
    startup_stm32f10x_md.o(RESET) refers to startup_stm32f10x_md.o(STACK) for __initial_sp
    startup_stm32f10x_md.o(RESET) refers to startup_stm32f10x_md.o(.text) for Reset_Handler
    startup_stm32f10x_md.o(RESET) refers to stm32f10x_it.o(.text) for NMI_Handler
    startup_stm32f10x_md.o(.text) refers (Special) to heapauxi.o(.text) for __use_two_region_memory
    startup_stm32f10x_md.o(.text) refers to system_stm32f10x.o(.text) for SystemInit
    startup_stm32f10x_md.o(.text) refers to __main.o(!!!main) for __main
    startup_stm32f10x_md.o(.text) refers to startup_stm32f10x_md.o(HEAP) for Heap_Mem
    startup_stm32f10x_md.o(.text) refers to startup_stm32f10x_md.o(STACK) for Stack_Mem
    system_stm32f10x.o(.text) refers to system_stm32f10x.o(.data) for SystemCoreClock
    stm32f10x_adc.o(.text) refers to stm32f10x_rcc.o(.text) for RCC_APB2PeriphResetCmd
    stm32f10x_bkp.o(.text) refers to stm32f10x_rcc.o(.text) for RCC_BackupResetCmd
    stm32f10x_can.o(.text) refers to stm32f10x_rcc.o(.text) for RCC_APB1PeriphResetCmd
    stm32f10x_cec.o(.text) refers to stm32f10x_rcc.o(.text) for RCC_APB1PeriphResetCmd
    stm32f10x_dac.o(.text) refers to stm32f10x_rcc.o(.text) for RCC_APB1PeriphResetCmd
    stm32f10x_gpio.o(.text) refers to stm32f10x_rcc.o(.text) for RCC_APB2PeriphResetCmd
    stm32f10x_i2c.o(.text) refers to stm32f10x_rcc.o(.text) for RCC_APB1PeriphResetCmd
    stm32f10x_pwr.o(.text) refers to stm32f10x_rcc.o(.text) for RCC_APB1PeriphResetCmd
    stm32f10x_rcc.o(.text) refers to stm32f10x_rcc.o(.data) for APBAHBPrescTable
    stm32f10x_spi.o(.text) refers to stm32f10x_rcc.o(.text) for RCC_APB2PeriphResetCmd
    stm32f10x_tim.o(.text) refers to stm32f10x_rcc.o(.text) for RCC_APB2PeriphResetCmd
    stm32f10x_usart.o(.text) refers to stm32f10x_rcc.o(.text) for RCC_APB2PeriphResetCmd
    stm32f10x_wwdg.o(.text) refers to stm32f10x_rcc.o(.text) for RCC_APB1PeriphResetCmd
    usb_core.o(.text) refers to usb_regs.o(.text) for ClearDTOG_TX
    usb_core.o(.text) refers to usb_init.o(.data) for pInformation
    usb_core.o(.text) refers to usb_prop.o(.data) for Device_Table
    usb_core.o(.text) refers to usb_core.o(.data) for StatusInfo
    usb_core.o(.text) refers to usb_mem.o(.text) for PMAToUserBufferCopy
    usb_core.o(.text) refers to usb_int.o(.data) for SaveRState
    usb_init.o(.text) refers to usb_init.o(.bss) for Device_Info
    usb_init.o(.text) refers to usb_init.o(.data) for pInformation
    usb_init.o(.text) refers to usb_prop.o(.data) for Device_Property
    usb_int.o(.text) refers to usb_core.o(.text) for In0_Process
    usb_int.o(.text) refers to usb_istr.o(.data) for wIstr
    usb_int.o(.text) refers to usb_init.o(.data) for EPindex
    usb_int.o(.text) refers to usb_int.o(.data) for SaveRState
    __main.o(!!!main) refers to __rtentry.o(.ARM.Collect$$rtentry$$00000000) for __rt_entry
    __rtentry.o(.ARM.Collect$$rtentry$$00000000) refers (Special) to __rtentry2.o(.ARM.Collect$$rtentry$$0000000A) for __rt_entry_li
    __rtentry.o(.ARM.Collect$$rtentry$$00000000) refers (Special) to __rtentry2.o(.ARM.Collect$$rtentry$$0000000D) for __rt_entry_main
    __rtentry.o(.ARM.Collect$$rtentry$$00000000) refers (Special) to __rtentry2.o(.ARM.Collect$$rtentry$$0000000C) for __rt_entry_postli_1
    __rtentry.o(.ARM.Collect$$rtentry$$00000000) refers (Special) to __rtentry2.o(.ARM.Collect$$rtentry$$00000009) for __rt_entry_postsh_1
    __rtentry.o(.ARM.Collect$$rtentry$$00000000) refers (Special) to __rtentry2.o(.ARM.Collect$$rtentry$$00000002) for __rt_entry_presh_1
    __rtentry.o(.ARM.Collect$$rtentry$$00000000) refers (Special) to __rtentry4.o(.ARM.Collect$$rtentry$$00000004) for __rt_entry_sh
    __rtentry2.o(.ARM.Collect$$rtentry$$00000008) refers to boardinit2.o(.text) for _platform_post_stackheap_init
    __rtentry2.o(.ARM.Collect$$rtentry$$0000000A) refers to libinit.o(.ARM.Collect$$libinit$$00000000) for __rt_lib_init
    __rtentry2.o(.ARM.Collect$$rtentry$$0000000B) refers to boardinit3.o(.text) for _platform_post_lib_init
    __rtentry2.o(.ARM.Collect$$rtentry$$0000000D) refers to main.o(.text) for main
    __rtentry2.o(.ARM.Collect$$rtentry$$0000000D) refers to exit.o(.text) for exit
    __rtentry2.o(.ARM.exidx) refers to __rtentry2.o(.ARM.Collect$$rtentry$$00000001) for .ARM.Collect$$rtentry$$00000001
    __rtentry2.o(.ARM.exidx) refers to __rtentry2.o(.ARM.Collect$$rtentry$$00000008) for .ARM.Collect$$rtentry$$00000008
    __rtentry2.o(.ARM.exidx) refers to __rtentry2.o(.ARM.Collect$$rtentry$$0000000A) for .ARM.Collect$$rtentry$$0000000A
    __rtentry2.o(.ARM.exidx) refers to __rtentry2.o(.ARM.Collect$$rtentry$$0000000B) for .ARM.Collect$$rtentry$$0000000B
    __rtentry2.o(.ARM.exidx) refers to __rtentry2.o(.ARM.Collect$$rtentry$$0000000D) for .ARM.Collect$$rtentry$$0000000D
    __rtentry4.o(.ARM.Collect$$rtentry$$00000004) refers to sys_stackheap_outer.o(.text) for __user_setup_stackheap
    __rtentry4.o(.ARM.exidx) refers to __rtentry4.o(.ARM.Collect$$rtentry$$00000004) for .ARM.Collect$$rtentry$$00000004
    sys_stackheap_outer.o(.text) refers to libspace.o(.text) for __user_perproc_libspace
    sys_stackheap_outer.o(.text) refers to startup_stm32f10x_md.o(.text) for __user_initial_stackheap
    exit.o(.text) refers to rtexit.o(.ARM.Collect$$rtexit$$00000000) for __rt_exit
    libinit.o(.ARM.Collect$$libinit$$00000000) refers (Special) to libinit2.o(.ARM.Collect$$libinit$$0000002E) for __rt_lib_init_alloca_1
    libinit.o(.ARM.Collect$$libinit$$00000000) refers (Special) to libinit2.o(.ARM.Collect$$libinit$$0000002C) for __rt_lib_init_argv_1
    libinit.o(.ARM.Collect$$libinit$$00000000) refers (Special) to libinit2.o(.ARM.Collect$$libinit$$0000001B) for __rt_lib_init_atexit_1
    libinit.o(.ARM.Collect$$libinit$$00000000) refers (Special) to libinit2.o(.ARM.Collect$$libinit$$00000021) for __rt_lib_init_clock_1
    libinit.o(.ARM.Collect$$libinit$$00000000) refers (Special) to libinit2.o(.ARM.Collect$$libinit$$00000032) for __rt_lib_init_cpp_1
    libinit.o(.ARM.Collect$$libinit$$00000000) refers (Special) to libinit2.o(.ARM.Collect$$libinit$$00000030) for __rt_lib_init_exceptions_1
    libinit.o(.ARM.Collect$$libinit$$00000000) refers (Special) to libinit2.o(.ARM.Collect$$libinit$$00000002) for __rt_lib_init_fp_1
    libinit.o(.ARM.Collect$$libinit$$00000000) refers (Special) to libinit2.o(.ARM.Collect$$libinit$$0000001F) for __rt_lib_init_fp_trap_1
    libinit.o(.ARM.Collect$$libinit$$00000000) refers (Special) to libinit2.o(.ARM.Collect$$libinit$$00000023) for __rt_lib_init_getenv_1
    libinit.o(.ARM.Collect$$libinit$$00000000) refers (Special) to libinit2.o(.ARM.Collect$$libinit$$0000000A) for __rt_lib_init_heap_1
    libinit.o(.ARM.Collect$$libinit$$00000000) refers (Special) to libinit2.o(.ARM.Collect$$libinit$$00000011) for __rt_lib_init_lc_collate_1
    libinit.o(.ARM.Collect$$libinit$$00000000) refers (Special) to libinit2.o(.ARM.Collect$$libinit$$00000013) for __rt_lib_init_lc_ctype_1
    libinit.o(.ARM.Collect$$libinit$$00000000) refers (Special) to libinit2.o(.ARM.Collect$$libinit$$00000015) for __rt_lib_init_lc_monetary_1
    libinit.o(.ARM.Collect$$libinit$$00000000) refers (Special) to libinit2.o(.ARM.Collect$$libinit$$00000017) for __rt_lib_init_lc_numeric_1
    libinit.o(.ARM.Collect$$libinit$$00000000) refers (Special) to libinit2.o(.ARM.Collect$$libinit$$00000019) for __rt_lib_init_lc_time_1
    libinit.o(.ARM.Collect$$libinit$$00000000) refers (Special) to libinit2.o(.ARM.Collect$$libinit$$00000004) for __rt_lib_init_preinit_1
    libinit.o(.ARM.Collect$$libinit$$00000000) refers (Special) to libinit2.o(.ARM.Collect$$libinit$$0000000E) for __rt_lib_init_rand_1
    libinit.o(.ARM.Collect$$libinit$$00000000) refers (Special) to libinit2.o(.ARM.Collect$$libinit$$00000033) for __rt_lib_init_return
    libinit.o(.ARM.Collect$$libinit$$00000000) refers (Special) to libinit2.o(.ARM.Collect$$libinit$$0000001D) for __rt_lib_init_signal_1
    libinit.o(.ARM.Collect$$libinit$$00000000) refers (Special) to libinit2.o(.ARM.Collect$$libinit$$00000025) for __rt_lib_init_stdio_1
    libinit.o(.ARM.Collect$$libinit$$00000000) refers (Special) to libinit2.o(.ARM.Collect$$libinit$$0000000C) for __rt_lib_init_user_alloc_1
    libspace.o(.text) refers to libspace.o(.bss) for __libspace_start
    rtexit.o(.ARM.Collect$$rtexit$$00000000) refers (Special) to rtexit2.o(.ARM.Collect$$rtexit$$00000004) for __rt_exit_exit
    rtexit.o(.ARM.Collect$$rtexit$$00000000) refers (Special) to rtexit2.o(.ARM.Collect$$rtexit$$00000003) for __rt_exit_ls
    rtexit.o(.ARM.Collect$$rtexit$$00000000) refers (Special) to rtexit2.o(.ARM.Collect$$rtexit$$00000002) for __rt_exit_prels_1
    rtexit.o(.ARM.exidx) refers (Special) to rtexit2.o(.ARM.Collect$$rtexit$$00000004) for __rt_exit_exit
    rtexit.o(.ARM.exidx) refers (Special) to rtexit2.o(.ARM.Collect$$rtexit$$00000003) for __rt_exit_ls
    rtexit.o(.ARM.exidx) refers (Special) to rtexit2.o(.ARM.Collect$$rtexit$$00000002) for __rt_exit_prels_1
    rtexit.o(.ARM.exidx) refers to rtexit.o(.ARM.Collect$$rtexit$$00000000) for .ARM.Collect$$rtexit$$00000000
    libinit2.o(.ARM.Collect$$libinit$$00000010) refers to libinit2.o(.ARM.Collect$$libinit$$0000000F) for .ARM.Collect$$libinit$$0000000F
    libinit2.o(.ARM.Collect$$libinit$$00000012) refers to libinit2.o(.ARM.Collect$$libinit$$0000000F) for .ARM.Collect$$libinit$$0000000F
    libinit2.o(.ARM.Collect$$libinit$$00000014) refers to libinit2.o(.ARM.Collect$$libinit$$0000000F) for .ARM.Collect$$libinit$$0000000F
    libinit2.o(.ARM.Collect$$libinit$$00000016) refers to libinit2.o(.ARM.Collect$$libinit$$0000000F) for .ARM.Collect$$libinit$$0000000F
    libinit2.o(.ARM.Collect$$libinit$$00000018) refers to libinit2.o(.ARM.Collect$$libinit$$0000000F) for .ARM.Collect$$libinit$$0000000F
    libinit2.o(.ARM.Collect$$libinit$$00000026) refers to argv_veneer.o(.emb_text) for __ARM_argv_veneer
    libinit2.o(.ARM.Collect$$libinit$$00000027) refers to argv_veneer.o(.emb_text) for __ARM_argv_veneer
    rtexit2.o(.ARM.Collect$$rtexit$$00000003) refers to libshutdown.o(.ARM.Collect$$libshutdown$$00000000) for __rt_lib_shutdown
    rtexit2.o(.ARM.Collect$$rtexit$$00000004) refers to sys_exit.o(.text) for _sys_exit
    rtexit2.o(.ARM.exidx) refers to rtexit2.o(.ARM.Collect$$rtexit$$00000001) for .ARM.Collect$$rtexit$$00000001
    rtexit2.o(.ARM.exidx) refers to rtexit2.o(.ARM.Collect$$rtexit$$00000003) for .ARM.Collect$$rtexit$$00000003
    rtexit2.o(.ARM.exidx) refers to rtexit2.o(.ARM.Collect$$rtexit$$00000004) for .ARM.Collect$$rtexit$$00000004
    argv_veneer.o(.emb_text) refers to no_argv.o(.text) for __ARM_get_argv
    sys_exit.o(.text) refers (Special) to use_no_semi.o(.text) for __I$use$semihosting
    sys_exit.o(.text) refers (Special) to indicate_semi.o(.text) for __semihosting_library_function
    _get_argv_nomalloc.o(.text) refers (Special) to hrguard.o(.text) for __heap_region$guard
    _get_argv_nomalloc.o(.text) refers to defsig_rtmem_outer.o(.text) for __rt_SIGRTMEM
    _get_argv_nomalloc.o(.text) refers to sys_command.o(.text) for _sys_command_string
    libshutdown.o(.ARM.Collect$$libshutdown$$00000000) refers (Special) to libshutdown2.o(.ARM.Collect$$libshutdown$$00000004) for __rt_lib_shutdown_cpp_1
    libshutdown.o(.ARM.Collect$$libshutdown$$00000000) refers (Special) to libshutdown2.o(.ARM.Collect$$libshutdown$$00000002) for __rt_lib_shutdown_fini_1
    libshutdown.o(.ARM.Collect$$libshutdown$$00000000) refers (Special) to libshutdown2.o(.ARM.Collect$$libshutdown$$00000009) for __rt_lib_shutdown_fp_trap_1
    libshutdown.o(.ARM.Collect$$libshutdown$$00000000) refers (Special) to libshutdown2.o(.ARM.Collect$$libshutdown$$00000011) for __rt_lib_shutdown_heap_1
    libshutdown.o(.ARM.Collect$$libshutdown$$00000000) refers (Special) to libshutdown2.o(.ARM.Collect$$libshutdown$$00000012) for __rt_lib_shutdown_return
    libshutdown.o(.ARM.Collect$$libshutdown$$00000000) refers (Special) to libshutdown2.o(.ARM.Collect$$libshutdown$$0000000C) for __rt_lib_shutdown_signal_1
    libshutdown.o(.ARM.Collect$$libshutdown$$00000000) refers (Special) to libshutdown2.o(.ARM.Collect$$libshutdown$$00000006) for __rt_lib_shutdown_stdio_1
    libshutdown.o(.ARM.Collect$$libshutdown$$00000000) refers (Special) to libshutdown2.o(.ARM.Collect$$libshutdown$$0000000E) for __rt_lib_shutdown_user_alloc_1
    sys_command.o(.text) refers (Special) to use_no_semi.o(.text) for __I$use$semihosting
    sys_command.o(.text) refers (Special) to indicate_semi.o(.text) for __semihosting_library_function
    defsig_rtmem_outer.o(.text) refers to defsig_rtmem_inner.o(.text) for __rt_SIGRTMEM_inner
    defsig_rtmem_outer.o(.text) refers to defsig_exit.o(.text) for __sig_exit
    defsig_rtmem_formal.o(.text) refers to rt_raise.o(.text) for __rt_raise
    rt_raise.o(.text) refers to __raise.o(.text) for __raise
    rt_raise.o(.text) refers to sys_exit.o(.text) for _sys_exit
    defsig_exit.o(.text) refers to sys_exit.o(.text) for _sys_exit
    defsig_rtmem_inner.o(.text) refers to defsig_general.o(.text) for __default_signal_display
    __raise.o(.text) refers to defsig.o(CL$$defsig) for __default_signal_handler
    defsig_general.o(.text) refers to sys_wrch.o(.text) for _ttywrch
    sys_wrch.o(.text) refers (Special) to use_no_semi.o(.text) for __I$use$semihosting
    sys_wrch.o(.text) refers (Special) to indicate_semi.o(.text) for __semihosting_library_function
    defsig.o(CL$$defsig) refers to defsig_rtmem_inner.o(.text) for __rt_SIGRTMEM_inner
    defsig_abrt_inner.o(.text) refers to defsig_general.o(.text) for __default_signal_display
    defsig_fpe_inner.o(.text) refers to defsig_general.o(.text) for __default_signal_display
    defsig_rtred_inner.o(.text) refers to defsig_general.o(.text) for __default_signal_display
    defsig_stak_inner.o(.text) refers to defsig_general.o(.text) for __default_signal_display
    defsig_pvfn_inner.o(.text) refers to defsig_general.o(.text) for __default_signal_display
    defsig_cppl_inner.o(.text) refers to defsig_general.o(.text) for __default_signal_display
    defsig_segv_inner.o(.text) refers to defsig_general.o(.text) for __default_signal_display
    defsig_other.o(.text) refers to defsig_general.o(.text) for __default_signal_display


==============================================================================

Removing Unused input sections from the image.

    Removing hw_config.o(.data), (12 bytes).
    Removing core_cm3.o(.emb_text), (32 bytes).
    Removing stm32f10x_adc.o(.text), (1102 bytes).
    Removing stm32f10x_bkp.o(.text), (196 bytes).
    Removing stm32f10x_can.o(.text), (2544 bytes).
    Removing stm32f10x_cec.o(.text), (288 bytes).
    Removing stm32f10x_crc.o(.text), (72 bytes).
    Removing stm32f10x_dac.o(.text), (396 bytes).
    Removing stm32f10x_dbgmcu.o(.text), (48 bytes).
    Removing stm32f10x_dma.o(.text), (596 bytes).
    Removing stm32f10x_exti.o(.text), (284 bytes).
    Removing stm32f10x_fsmc.o(.text), (1548 bytes).
    Removing stm32f10x_i2c.o(.text), (1028 bytes).
    Removing stm32f10x_iwdg.o(.text), (64 bytes).
    Removing stm32f10x_pwr.o(.text), (204 bytes).
    Removing stm32f10x_rtc.o(.text), (328 bytes).
    Removing stm32f10x_sdio.o(.text), (468 bytes).
    Removing stm32f10x_tim.o(.text), (3610 bytes).
    Removing stm32f10x_usart.o(.text), (1032 bytes).
    Removing stm32f10x_wwdg.o(.text), (136 bytes).

20 unused section(s) (total 13988 bytes) removed from the image.

==============================================================================

Image Symbol Table

    Local Symbols

    Symbol Name                              Value     Ov Type        Size  Object(Section)

    ../clib/angel/boardlib.s                 0x00000000   Number         0  boardinit1.o ABSOLUTE
    ../clib/angel/boardlib.s                 0x00000000   Number         0  boardinit3.o ABSOLUTE
    ../clib/angel/boardlib.s                 0x00000000   Number         0  boardinit2.o ABSOLUTE
    ../clib/angel/boardlib.s                 0x00000000   Number         0  boardshut.o ABSOLUTE
    ../clib/angel/dczerorl2.s                0x00000000   Number         0  __dczerorl2.o ABSOLUTE
    ../clib/angel/handlers.s                 0x00000000   Number         0  __scatter_zi.o ABSOLUTE
    ../clib/angel/kernel.s                   0x00000000   Number         0  __rtentry2.o ABSOLUTE
    ../clib/angel/kernel.s                   0x00000000   Number         0  __rtentry.o ABSOLUTE
    ../clib/angel/kernel.s                   0x00000000   Number         0  __rtentry4.o ABSOLUTE
    ../clib/angel/kernel.s                   0x00000000   Number         0  rtexit.o ABSOLUTE
    ../clib/angel/kernel.s                   0x00000000   Number         0  rtexit2.o ABSOLUTE
    ../clib/angel/rt.s                       0x00000000   Number         0  rt_raise.o ABSOLUTE
    ../clib/angel/scatter.s                  0x00000000   Number         0  __scatter.o ABSOLUTE
    ../clib/angel/startup.s                  0x00000000   Number         0  __main.o ABSOLUTE
    ../clib/angel/sys.s                      0x00000000   Number         0  indicate_semi.o ABSOLUTE
    ../clib/angel/sys.s                      0x00000000   Number         0  sys_stackheap_outer.o ABSOLUTE
    ../clib/angel/sys.s                      0x00000000   Number         0  libspace.o ABSOLUTE
    ../clib/angel/sys.s                      0x00000000   Number         0  use_no_semi.o ABSOLUTE
    ../clib/angel/sysapp.c                   0x00000000   Number         0  sys_wrch.o ABSOLUTE
    ../clib/angel/sysapp.c                   0x00000000   Number         0  sys_command.o ABSOLUTE
    ../clib/angel/sysapp.c                   0x00000000   Number         0  sys_exit.o ABSOLUTE
    ../clib/armsys.c                         0x00000000   Number         0  argv_veneer.o ABSOLUTE
    ../clib/armsys.c                         0x00000000   Number         0  argv_veneer.o ABSOLUTE
    ../clib/armsys.c                         0x00000000   Number         0  _get_argv_nomalloc.o ABSOLUTE
    ../clib/armsys.c                         0x00000000   Number         0  no_argv.o ABSOLUTE
    ../clib/heapalloc.c                      0x00000000   Number         0  hrguard.o ABSOLUTE
    ../clib/heapaux.c                        0x00000000   Number         0  heapauxi.o ABSOLUTE
    ../clib/libinit.s                        0x00000000   Number         0  libshutdown.o ABSOLUTE
    ../clib/libinit.s                        0x00000000   Number         0  libinit.o ABSOLUTE
    ../clib/libinit.s                        0x00000000   Number         0  libshutdown2.o ABSOLUTE
    ../clib/libinit.s                        0x00000000   Number         0  libinit2.o ABSOLUTE
    ../clib/signal.c                         0x00000000   Number         0  defsig_other.o ABSOLUTE
    ../clib/signal.c                         0x00000000   Number         0  __raise.o ABSOLUTE
    ../clib/signal.c                         0x00000000   Number         0  defsig_rtmem_inner.o ABSOLUTE
    ../clib/signal.c                         0x00000000   Number         0  defsig_exit.o ABSOLUTE
    ../clib/signal.c                         0x00000000   Number         0  defsig_segv_inner.o ABSOLUTE
    ../clib/signal.c                         0x00000000   Number         0  defsig_abrt_inner.o ABSOLUTE
    ../clib/signal.c                         0x00000000   Number         0  defsig_cppl_inner.o ABSOLUTE
    ../clib/signal.c                         0x00000000   Number         0  defsig_pvfn_inner.o ABSOLUTE
    ../clib/signal.c                         0x00000000   Number         0  defsig_stak_inner.o ABSOLUTE
    ../clib/signal.c                         0x00000000   Number         0  defsig_rtred_inner.o ABSOLUTE
    ../clib/signal.c                         0x00000000   Number         0  defsig_fpe_inner.o ABSOLUTE
    ../clib/signal.c                         0x00000000   Number         0  defsig_rtmem_formal.o ABSOLUTE
    ../clib/signal.c                         0x00000000   Number         0  defsig_rtmem_outer.o ABSOLUTE
    ../clib/signal.c                         0x00000000   Number         0  defsig_general.o ABSOLUTE
    ../clib/signal.s                         0x00000000   Number         0  defsig.o ABSOLUTE
    ../clib/stdlib.c                         0x00000000   Number         0  exit.o ABSOLUTE
    ../fplib/fpinit.s                        0x00000000   Number         0  fpinit.o ABSOLUTE
    ..\CMSIS\CM3\CoreSupport\core_cm3.c      0x00000000   Number         0  core_cm3.o ABSOLUTE
    ..\CMSIS\CM3\DeviceSupport\ST\STM32F10x\startup\arm\startup_stm32f10x_md.s 0x00000000   Number         0  startup_stm32f10x_md.o ABSOLUTE
    ..\STM32F10x_StdPeriph_Driver\src\misc.c 0x00000000   Number         0  misc.o ABSOLUTE
    ..\STM32F10x_StdPeriph_Driver\src\stm32f10x_adc.c 0x00000000   Number         0  stm32f10x_adc.o ABSOLUTE
    ..\STM32F10x_StdPeriph_Driver\src\stm32f10x_bkp.c 0x00000000   Number         0  stm32f10x_bkp.o ABSOLUTE
    ..\STM32F10x_StdPeriph_Driver\src\stm32f10x_can.c 0x00000000   Number         0  stm32f10x_can.o ABSOLUTE
    ..\STM32F10x_StdPeriph_Driver\src\stm32f10x_cec.c 0x00000000   Number         0  stm32f10x_cec.o ABSOLUTE
    ..\STM32F10x_StdPeriph_Driver\src\stm32f10x_crc.c 0x00000000   Number         0  stm32f10x_crc.o ABSOLUTE
    ..\STM32F10x_StdPeriph_Driver\src\stm32f10x_dac.c 0x00000000   Number         0  stm32f10x_dac.o ABSOLUTE
    ..\STM32F10x_StdPeriph_Driver\src\stm32f10x_dbgmcu.c 0x00000000   Number         0  stm32f10x_dbgmcu.o ABSOLUTE
    ..\STM32F10x_StdPeriph_Driver\src\stm32f10x_dma.c 0x00000000   Number         0  stm32f10x_dma.o ABSOLUTE
    ..\STM32F10x_StdPeriph_Driver\src\stm32f10x_exti.c 0x00000000   Number         0  stm32f10x_exti.o ABSOLUTE
    ..\STM32F10x_StdPeriph_Driver\src\stm32f10x_flash.c 0x00000000   Number         0  stm32f10x_flash.o ABSOLUTE
    ..\STM32F10x_StdPeriph_Driver\src\stm32f10x_fsmc.c 0x00000000   Number         0  stm32f10x_fsmc.o ABSOLUTE
    ..\STM32F10x_StdPeriph_Driver\src\stm32f10x_gpio.c 0x00000000   Number         0  stm32f10x_gpio.o ABSOLUTE
    ..\STM32F10x_StdPeriph_Driver\src\stm32f10x_i2c.c 0x00000000   Number         0  stm32f10x_i2c.o ABSOLUTE
    ..\STM32F10x_StdPeriph_Driver\src\stm32f10x_iwdg.c 0x00000000   Number         0  stm32f10x_iwdg.o ABSOLUTE
    ..\STM32F10x_StdPeriph_Driver\src\stm32f10x_pwr.c 0x00000000   Number         0  stm32f10x_pwr.o ABSOLUTE
    ..\STM32F10x_StdPeriph_Driver\src\stm32f10x_rcc.c 0x00000000   Number         0  stm32f10x_rcc.o ABSOLUTE
    ..\STM32F10x_StdPeriph_Driver\src\stm32f10x_rtc.c 0x00000000   Number         0  stm32f10x_rtc.o ABSOLUTE
    ..\STM32F10x_StdPeriph_Driver\src\stm32f10x_sdio.c 0x00000000   Number         0  stm32f10x_sdio.o ABSOLUTE
    ..\STM32F10x_StdPeriph_Driver\src\stm32f10x_spi.c 0x00000000   Number         0  stm32f10x_spi.o ABSOLUTE
    ..\STM32F10x_StdPeriph_Driver\src\stm32f10x_tim.c 0x00000000   Number         0  stm32f10x_tim.o ABSOLUTE
    ..\STM32F10x_StdPeriph_Driver\src\stm32f10x_usart.c 0x00000000   Number         0  stm32f10x_usart.o ABSOLUTE
    ..\STM32F10x_StdPeriph_Driver\src\stm32f10x_wwdg.c 0x00000000   Number         0  stm32f10x_wwdg.o ABSOLUTE
    ..\STM32_USB-FS-Device_Driver\src\usb_core.c 0x00000000   Number         0  usb_core.o ABSOLUTE
    ..\STM32_USB-FS-Device_Driver\src\usb_init.c 0x00000000   Number         0  usb_init.o ABSOLUTE
    ..\STM32_USB-FS-Device_Driver\src\usb_int.c 0x00000000   Number         0  usb_int.o ABSOLUTE
    ..\STM32_USB-FS-Device_Driver\src\usb_mem.c 0x00000000   Number         0  usb_mem.o ABSOLUTE
    ..\STM32_USB-FS-Device_Driver\src\usb_regs.c 0x00000000   Number         0  usb_regs.o ABSOLUTE
    ..\User\24L01.c                          0x00000000   Number         0  24l01.o ABSOLUTE
    ..\User\hw_config.c                      0x00000000   Number         0  hw_config.o ABSOLUTE
    ..\User\main.c                           0x00000000   Number         0  main.o ABSOLUTE
    ..\User\stm32f10x_it.c                   0x00000000   Number         0  stm32f10x_it.o ABSOLUTE
    ..\User\system_stm32f10x.c               0x00000000   Number         0  system_stm32f10x.o ABSOLUTE
    ..\User\usb_desc.c                       0x00000000   Number         0  usb_desc.o ABSOLUTE
    ..\User\usb_istr.c                       0x00000000   Number         0  usb_istr.o ABSOLUTE
    ..\User\usb_prop.c                       0x00000000   Number         0  usb_prop.o ABSOLUTE
    ..\User\usb_pwr.c                        0x00000000   Number         0  usb_pwr.o ABSOLUTE
    ..\\CMSIS\\CM3\\CoreSupport\\core_cm3.c  0x00000000   Number         0  core_cm3.o ABSOLUTE
    dc.s                                     0x00000000   Number         0  dc.o ABSOLUTE
    RESET                                    0x08000000   Section      236  startup_stm32f10x_md.o(RESET)
    !!!main                                  0x080000ec   Section        8  __main.o(!!!main)
    !!!scatter                               0x080000f4   Section       52  __scatter.o(!!!scatter)
    !!dczerorl2                              0x08000128   Section       90  __dczerorl2.o(!!dczerorl2)
    !!handler_zi                             0x08000184   Section       28  __scatter_zi.o(!!handler_zi)
    .ARM.Collect$$libinit$$00000000          0x080001a0   Section        2  libinit.o(.ARM.Collect$$libinit$$00000000)
    .ARM.Collect$$libinit$$00000002          0x080001a2   Section        0  libinit2.o(.ARM.Collect$$libinit$$00000002)
    .ARM.Collect$$libinit$$00000004          0x080001a2   Section        0  libinit2.o(.ARM.Collect$$libinit$$00000004)
    .ARM.Collect$$libinit$$0000000A          0x080001a2   Section        0  libinit2.o(.ARM.Collect$$libinit$$0000000A)
    .ARM.Collect$$libinit$$0000000C          0x080001a2   Section        0  libinit2.o(.ARM.Collect$$libinit$$0000000C)
    .ARM.Collect$$libinit$$0000000E          0x080001a2   Section        0  libinit2.o(.ARM.Collect$$libinit$$0000000E)
    .ARM.Collect$$libinit$$00000011          0x080001a2   Section        0  libinit2.o(.ARM.Collect$$libinit$$00000011)
    .ARM.Collect$$libinit$$00000013          0x080001a2   Section        0  libinit2.o(.ARM.Collect$$libinit$$00000013)
    .ARM.Collect$$libinit$$00000015          0x080001a2   Section        0  libinit2.o(.ARM.Collect$$libinit$$00000015)
    .ARM.Collect$$libinit$$00000017          0x080001a2   Section        0  libinit2.o(.ARM.Collect$$libinit$$00000017)
    .ARM.Collect$$libinit$$00000019          0x080001a2   Section        0  libinit2.o(.ARM.Collect$$libinit$$00000019)
    .ARM.Collect$$libinit$$0000001B          0x080001a2   Section        0  libinit2.o(.ARM.Collect$$libinit$$0000001B)
    .ARM.Collect$$libinit$$0000001D          0x080001a2   Section        0  libinit2.o(.ARM.Collect$$libinit$$0000001D)
    .ARM.Collect$$libinit$$0000001F          0x080001a2   Section        0  libinit2.o(.ARM.Collect$$libinit$$0000001F)
    .ARM.Collect$$libinit$$00000021          0x080001a2   Section        0  libinit2.o(.ARM.Collect$$libinit$$00000021)
    .ARM.Collect$$libinit$$00000023          0x080001a2   Section        0  libinit2.o(.ARM.Collect$$libinit$$00000023)
    .ARM.Collect$$libinit$$00000025          0x080001a2   Section        0  libinit2.o(.ARM.Collect$$libinit$$00000025)
    .ARM.Collect$$libinit$$0000002C          0x080001a2   Section        0  libinit2.o(.ARM.Collect$$libinit$$0000002C)
    .ARM.Collect$$libinit$$0000002E          0x080001a2   Section        0  libinit2.o(.ARM.Collect$$libinit$$0000002E)
    .ARM.Collect$$libinit$$00000030          0x080001a2   Section        0  libinit2.o(.ARM.Collect$$libinit$$00000030)
    .ARM.Collect$$libinit$$00000032          0x080001a2   Section        0  libinit2.o(.ARM.Collect$$libinit$$00000032)
    .ARM.Collect$$libinit$$00000033          0x080001a2   Section        2  libinit2.o(.ARM.Collect$$libinit$$00000033)
    .ARM.Collect$$libshutdown$$00000000      0x080001a4   Section        2  libshutdown.o(.ARM.Collect$$libshutdown$$00000000)
    .ARM.Collect$$libshutdown$$00000002      0x080001a6   Section        0  libshutdown2.o(.ARM.Collect$$libshutdown$$00000002)
    .ARM.Collect$$libshutdown$$00000004      0x080001a6   Section        0  libshutdown2.o(.ARM.Collect$$libshutdown$$00000004)
    .ARM.Collect$$libshutdown$$00000006      0x080001a6   Section        0  libshutdown2.o(.ARM.Collect$$libshutdown$$00000006)
    .ARM.Collect$$libshutdown$$00000009      0x080001a6   Section        0  libshutdown2.o(.ARM.Collect$$libshutdown$$00000009)
    .ARM.Collect$$libshutdown$$0000000C      0x080001a6   Section        0  libshutdown2.o(.ARM.Collect$$libshutdown$$0000000C)
    .ARM.Collect$$libshutdown$$0000000E      0x080001a6   Section        0  libshutdown2.o(.ARM.Collect$$libshutdown$$0000000E)
    .ARM.Collect$$libshutdown$$00000011      0x080001a6   Section        0  libshutdown2.o(.ARM.Collect$$libshutdown$$00000011)
    .ARM.Collect$$libshutdown$$00000012      0x080001a6   Section        2  libshutdown2.o(.ARM.Collect$$libshutdown$$00000012)
    .ARM.Collect$$rtentry$$00000000          0x080001a8   Section        0  __rtentry.o(.ARM.Collect$$rtentry$$00000000)
    .ARM.Collect$$rtentry$$00000002          0x080001a8   Section        0  __rtentry2.o(.ARM.Collect$$rtentry$$00000002)
    .ARM.Collect$$rtentry$$00000004          0x080001a8   Section        6  __rtentry4.o(.ARM.Collect$$rtentry$$00000004)
    .ARM.Collect$$rtentry$$00000009          0x080001ae   Section        0  __rtentry2.o(.ARM.Collect$$rtentry$$00000009)
    .ARM.Collect$$rtentry$$0000000A          0x080001ae   Section        4  __rtentry2.o(.ARM.Collect$$rtentry$$0000000A)
    .ARM.Collect$$rtentry$$0000000C          0x080001b2   Section        0  __rtentry2.o(.ARM.Collect$$rtentry$$0000000C)
    .ARM.Collect$$rtentry$$0000000D          0x080001b2   Section        8  __rtentry2.o(.ARM.Collect$$rtentry$$0000000D)
    .ARM.Collect$$rtexit$$00000000           0x080001ba   Section        2  rtexit.o(.ARM.Collect$$rtexit$$00000000)
    .ARM.Collect$$rtexit$$00000002           0x080001bc   Section        0  rtexit2.o(.ARM.Collect$$rtexit$$00000002)
    .ARM.Collect$$rtexit$$00000003           0x080001bc   Section        4  rtexit2.o(.ARM.Collect$$rtexit$$00000003)
    .ARM.Collect$$rtexit$$00000004           0x080001c0   Section        6  rtexit2.o(.ARM.Collect$$rtexit$$00000004)
    .text                                    0x080001c8   Section        0  main.o(.text)
    .text                                    0x080002f0   Section        0  stm32f10x_it.o(.text)
    .text                                    0x08000314   Section        0  hw_config.o(.text)
    .text                                    0x08000568   Section        0  24l01.o(.text)
    .text                                    0x0800098c   Section        0  usb_istr.o(.text)
    .text                                    0x08000a84   Section        0  usb_prop.o(.text)
    .text                                    0x08000cbc   Section        0  usb_pwr.o(.text)
    .text                                    0x08000df8   Section       64  startup_stm32f10x_md.o(.text)
    .text                                    0x08000e38   Section        0  system_stm32f10x.o(.text)
    SetSysClockTo72                          0x08000e39   Thumb Code   214  system_stm32f10x.o(.text)
    SetSysClock                              0x08000f0f   Thumb Code     8  system_stm32f10x.o(.text)
    .text                                    0x08001018   Section        0  misc.o(.text)
    .text                                    0x080010f4   Section        0  stm32f10x_flash.o(.text)
    .text                                    0x080016b0   Section        0  stm32f10x_gpio.o(.text)
    .text                                    0x08001a0c   Section        0  stm32f10x_rcc.o(.text)
    .text                                    0x08001db0   Section        0  stm32f10x_spi.o(.text)
    .text                                    0x080020bc   Section        0  usb_core.o(.text)
    DataStageOut                             0x080024fb   Thumb Code   166  usb_core.o(.text)
    DataStageIn                              0x080025a1   Thumb Code   166  usb_core.o(.text)
    NoData_Setup0                            0x08002647   Thumb Code   290  usb_core.o(.text)
    Data_Setup0                              0x08002769   Thumb Code   678  usb_core.o(.text)
    .text                                    0x08002c0c   Section        0  usb_init.o(.text)
    .text                                    0x08002c48   Section        0  usb_int.o(.text)
    .text                                    0x08002f84   Section        0  usb_mem.o(.text)
    .text                                    0x08002fe0   Section        0  usb_regs.o(.text)
    .text                                    0x080037e8   Section        0  heapauxi.o(.text)
    .text                                    0x080037ee   Section       74  sys_stackheap_outer.o(.text)
    .text                                    0x08003838   Section        0  exit.o(.text)
    .text                                    0x0800384c   Section        8  libspace.o(.text)
    .text                                    0x08003854   Section        0  sys_exit.o(.text)
    .text                                    0x08003860   Section        2  use_no_semi.o(.text)
    .constdata                               0x08003862   Section      192  usb_desc.o(.constdata)
    .text                                    0x08003862   Section        0  indicate_semi.o(.text)
    .data                                    0x20000000   Section       24  main.o(.data)
    .data                                    0x20000018   Section        5  24l01.o(.data)
    .data                                    0x20000020   Section       60  usb_istr.o(.data)
    .data                                    0x2000005c   Section       26  usb_desc.o(.data)
    .data                                    0x20000078   Section      156  usb_prop.o(.data)
    .data                                    0x20000114   Section        7  usb_pwr.o(.data)
    .data                                    0x2000011c   Section       20  system_stm32f10x.o(.data)
    .data                                    0x20000130   Section       20  stm32f10x_rcc.o(.data)
    APBAHBPrescTable                         0x20000130   Data          16  stm32f10x_rcc.o(.data)
    ADCPrescTable                            0x20000140   Data           4  stm32f10x_rcc.o(.data)
    .data                                    0x20000144   Section        3  usb_core.o(.data)
    .data                                    0x20000148   Section       20  usb_init.o(.data)
    .data                                    0x2000015c   Section        4  usb_int.o(.data)
    .bss                                     0x20000160   Section       28  usb_init.o(.bss)
    .bss                                     0x2000017c   Section       96  libspace.o(.bss)
    HEAP                                     0x200001e0   Section      512  startup_stm32f10x_md.o(HEAP)
    Heap_Mem                                 0x200001e0   Data         512  startup_stm32f10x_md.o(HEAP)
    STACK                                    0x200003e0   Section     1024  startup_stm32f10x_md.o(STACK)
    Stack_Mem                                0x200003e0   Data        1024  startup_stm32f10x_md.o(STACK)
    __initial_sp                             0x200007e0   Data           0  startup_stm32f10x_md.o(STACK)

    Global Symbols

    Symbol Name                              Value     Ov Type        Size  Object(Section)

    BuildAttributes$$THM_ISAv4$P$D$K$B$S$PE$A:L22UL41UL21$X:L11$S22US41US21$IEEE1$IW$USESV6$~STKCKD$USESV7$~SHL$OSPACE$ROPI$EBA8$UX$STANDARDLIB$REQ8$PRES8$EABIv2 0x00000000   Number         0  anon$$obj.o ABSOLUTE
    __ARM_use_no_argv                        0x00000000   Number         0  main.o ABSOLUTE
    __ARM_exceptions_init                     - Undefined Weak Reference
    __alloca_initialize                       - Undefined Weak Reference
    __arm_fini_                               - Undefined Weak Reference
    __arm_preinit_                            - Undefined Weak Reference
    __cpp_initialize__aeabi_                  - Undefined Weak Reference
    __cxa_finalize                            - Undefined Weak Reference
    __rt_locale                               - Undefined Weak Reference
    __sigvec_lookup                           - Undefined Weak Reference
    _atexit_init                              - Undefined Weak Reference
    _call_atexit_fns                          - Undefined Weak Reference
    _clock_init                               - Undefined Weak Reference
    _fp_trap_init                             - Undefined Weak Reference
    _fp_trap_shutdown                         - Undefined Weak Reference
    _get_lc_collate                           - Undefined Weak Reference
    _get_lc_ctype                             - Undefined Weak Reference
    _get_lc_monetary                          - Undefined Weak Reference
    _get_lc_numeric                           - Undefined Weak Reference
    _get_lc_time                              - Undefined Weak Reference
    _getenv_init                              - Undefined Weak Reference
    _handle_redirection                       - Undefined Weak Reference
    _init_alloc                               - Undefined Weak Reference
    _init_user_alloc                          - Undefined Weak Reference
    _initio                                   - Undefined Weak Reference
    _rand_init                                - Undefined Weak Reference
    _signal_finish                            - Undefined Weak Reference
    _signal_init                              - Undefined Weak Reference
    _terminate_alloc                          - Undefined Weak Reference
    _terminate_user_alloc                     - Undefined Weak Reference
    _terminateio                              - Undefined Weak Reference
    __Vectors_Size                           0x000000ec   Number         0  startup_stm32f10x_md.o ABSOLUTE
    __Vectors                                0x08000000   Data           4  startup_stm32f10x_md.o(RESET)
    __Vectors_End                            0x080000ec   Data           0  startup_stm32f10x_md.o(RESET)
    __main                                   0x080000ed   Thumb Code     8  __main.o(!!!main)
    __scatterload                            0x080000f5   Thumb Code     0  __scatter.o(!!!scatter)
    __scatterload_rt2                        0x080000f5   Thumb Code    44  __scatter.o(!!!scatter)
    __scatterload_rt2_thumb_only             0x080000f5   Thumb Code     0  __scatter.o(!!!scatter)
    __scatterload_null                       0x08000103   Thumb Code     0  __scatter.o(!!!scatter)
    __decompress                             0x08000129   Thumb Code    90  __dczerorl2.o(!!dczerorl2)
    __decompress1                            0x08000129   Thumb Code     0  __dczerorl2.o(!!dczerorl2)
    __scatterload_zeroinit                   0x08000185   Thumb Code    28  __scatter_zi.o(!!handler_zi)
    __rt_lib_init                            0x080001a1   Thumb Code     0  libinit.o(.ARM.Collect$$libinit$$00000000)
    __rt_lib_init_alloca_1                   0x080001a3   Thumb Code     0  libinit2.o(.ARM.Collect$$libinit$$0000002E)
    __rt_lib_init_argv_1                     0x080001a3   Thumb Code     0  libinit2.o(.ARM.Collect$$libinit$$0000002C)
    __rt_lib_init_atexit_1                   0x080001a3   Thumb Code     0  libinit2.o(.ARM.Collect$$libinit$$0000001B)
    __rt_lib_init_clock_1                    0x080001a3   Thumb Code     0  libinit2.o(.ARM.Collect$$libinit$$00000021)
    __rt_lib_init_cpp_1                      0x080001a3   Thumb Code     0  libinit2.o(.ARM.Collect$$libinit$$00000032)
    __rt_lib_init_exceptions_1               0x080001a3   Thumb Code     0  libinit2.o(.ARM.Collect$$libinit$$00000030)
    __rt_lib_init_fp_1                       0x080001a3   Thumb Code     0  libinit2.o(.ARM.Collect$$libinit$$00000002)
    __rt_lib_init_fp_trap_1                  0x080001a3   Thumb Code     0  libinit2.o(.ARM.Collect$$libinit$$0000001F)
    __rt_lib_init_getenv_1                   0x080001a3   Thumb Code     0  libinit2.o(.ARM.Collect$$libinit$$00000023)
    __rt_lib_init_heap_1                     0x080001a3   Thumb Code     0  libinit2.o(.ARM.Collect$$libinit$$0000000A)
    __rt_lib_init_lc_collate_1               0x080001a3   Thumb Code     0  libinit2.o(.ARM.Collect$$libinit$$00000011)
    __rt_lib_init_lc_ctype_1                 0x080001a3   Thumb Code     0  libinit2.o(.ARM.Collect$$libinit$$00000013)
    __rt_lib_init_lc_monetary_1              0x080001a3   Thumb Code     0  libinit2.o(.ARM.Collect$$libinit$$00000015)
    __rt_lib_init_lc_numeric_1               0x080001a3   Thumb Code     0  libinit2.o(.ARM.Collect$$libinit$$00000017)
    __rt_lib_init_lc_time_1                  0x080001a3   Thumb Code     0  libinit2.o(.ARM.Collect$$libinit$$00000019)
    __rt_lib_init_preinit_1                  0x080001a3   Thumb Code     0  libinit2.o(.ARM.Collect$$libinit$$00000004)
    __rt_lib_init_rand_1                     0x080001a3   Thumb Code     0  libinit2.o(.ARM.Collect$$libinit$$0000000E)
    __rt_lib_init_return                     0x080001a3   Thumb Code     0  libinit2.o(.ARM.Collect$$libinit$$00000033)
    __rt_lib_init_signal_1                   0x080001a3   Thumb Code     0  libinit2.o(.ARM.Collect$$libinit$$0000001D)
    __rt_lib_init_stdio_1                    0x080001a3   Thumb Code     0  libinit2.o(.ARM.Collect$$libinit$$00000025)
    __rt_lib_init_user_alloc_1               0x080001a3   Thumb Code     0  libinit2.o(.ARM.Collect$$libinit$$0000000C)
    __rt_lib_shutdown                        0x080001a5   Thumb Code     0  libshutdown.o(.ARM.Collect$$libshutdown$$00000000)
    __rt_lib_shutdown_cpp_1                  0x080001a7   Thumb Code     0  libshutdown2.o(.ARM.Collect$$libshutdown$$00000004)
    __rt_lib_shutdown_fini_1                 0x080001a7   Thumb Code     0  libshutdown2.o(.ARM.Collect$$libshutdown$$00000002)
    __rt_lib_shutdown_fp_trap_1              0x080001a7   Thumb Code     0  libshutdown2.o(.ARM.Collect$$libshutdown$$00000009)
    __rt_lib_shutdown_heap_1                 0x080001a7   Thumb Code     0  libshutdown2.o(.ARM.Collect$$libshutdown$$00000011)
    __rt_lib_shutdown_return                 0x080001a7   Thumb Code     0  libshutdown2.o(.ARM.Collect$$libshutdown$$00000012)
    __rt_lib_shutdown_signal_1               0x080001a7   Thumb Code     0  libshutdown2.o(.ARM.Collect$$libshutdown$$0000000C)
    __rt_lib_shutdown_stdio_1                0x080001a7   Thumb Code     0  libshutdown2.o(.ARM.Collect$$libshutdown$$00000006)
    __rt_lib_shutdown_user_alloc_1           0x080001a7   Thumb Code     0  libshutdown2.o(.ARM.Collect$$libshutdown$$0000000E)
    __rt_entry                               0x080001a9   Thumb Code     0  __rtentry.o(.ARM.Collect$$rtentry$$00000000)
    __rt_entry_presh_1                       0x080001a9   Thumb Code     0  __rtentry2.o(.ARM.Collect$$rtentry$$00000002)
    __rt_entry_sh                            0x080001a9   Thumb Code     0  __rtentry4.o(.ARM.Collect$$rtentry$$00000004)
    __rt_entry_li                            0x080001af   Thumb Code     0  __rtentry2.o(.ARM.Collect$$rtentry$$0000000A)
    __rt_entry_postsh_1                      0x080001af   Thumb Code     0  __rtentry2.o(.ARM.Collect$$rtentry$$00000009)
    __rt_entry_main                          0x080001b3   Thumb Code     0  __rtentry2.o(.ARM.Collect$$rtentry$$0000000D)
    __rt_entry_postli_1                      0x080001b3   Thumb Code     0  __rtentry2.o(.ARM.Collect$$rtentry$$0000000C)
    __rt_exit                                0x080001bb   Thumb Code     0  rtexit.o(.ARM.Collect$$rtexit$$00000000)
    __rt_exit_ls                             0x080001bd   Thumb Code     0  rtexit2.o(.ARM.Collect$$rtexit$$00000003)
    __rt_exit_prels_1                        0x080001bd   Thumb Code     0  rtexit2.o(.ARM.Collect$$rtexit$$00000002)
    __rt_exit_exit                           0x080001c1   Thumb Code     0  rtexit2.o(.ARM.Collect$$rtexit$$00000004)
    Delay_ms                                 0x080001c9   Thumb Code    30  main.o(.text)
    send_usb_key_data_fun                    0x080001e7   Thumb Code    40  main.o(.text)
    send_usb_key_zero_data_fun               0x0800020f   Thumb Code    40  main.o(.text)
    read_fun                                 0x08000237   Thumb Code    94  main.o(.text)
    main                                     0x08000295   Thumb Code    76  main.o(.text)
    NMI_Handler                              0x080002f1   Thumb Code     2  stm32f10x_it.o(.text)
    HardFault_Handler                        0x080002f3   Thumb Code     4  stm32f10x_it.o(.text)
    MemManage_Handler                        0x080002f7   Thumb Code     4  stm32f10x_it.o(.text)
    BusFault_Handler                         0x080002fb   Thumb Code     4  stm32f10x_it.o(.text)
    UsageFault_Handler                       0x080002ff   Thumb Code     4  stm32f10x_it.o(.text)
    SVC_Handler                              0x08000303   Thumb Code     2  stm32f10x_it.o(.text)
    DebugMon_Handler                         0x08000305   Thumb Code     2  stm32f10x_it.o(.text)
    PendSV_Handler                           0x08000307   Thumb Code     2  stm32f10x_it.o(.text)
    SysTick_Handler                          0x08000309   Thumb Code     2  stm32f10x_it.o(.text)
    USB_LP_CAN1_RX0_IRQHandler               0x0800030b   Thumb Code     8  stm32f10x_it.o(.text)
    RCC_HSI_Configuration                    0x08000315   Thumb Code   102  hw_config.o(.text)
    Set_System                               0x0800037b   Thumb Code     8  hw_config.o(.text)
    Set_USBClock                             0x08000383   Thumb Code    18  hw_config.o(.text)
    GPIO_AINConfig                           0x08000395   Thumb Code    74  hw_config.o(.text)
    USB_Interrupts_Config                    0x080003df   Thumb Code    38  hw_config.o(.text)
    USB_Cable_Config                         0x08000405   Thumb Code    30  hw_config.o(.text)
    JoyState                                 0x08000423   Thumb Code    66  hw_config.o(.text)
    Joystick_Send                            0x08000465   Thumb Code   164  hw_config.o(.text)
    Get_SerialNum                            0x08000509   Thumb Code    62  hw_config.o(.text)
    delay_us                                 0x08000569   Thumb Code    26  24l01.o(.text)
    GPIO_init                                0x08000583   Thumb Code   210  24l01.o(.text)
    SPI2_Init_fun                            0x08000655   Thumb Code   216  24l01.o(.text)
    spi2_send_byte_fun                       0x0800072d   Thumb Code    50  24l01.o(.text)
    SPI_Write_Reg                            0x0800075f   Thumb Code    46  24l01.o(.text)
    RX_2401_init_race                        0x0800078d   Thumb Code   408  24l01.o(.text)
    Read_race_data                           0x08000925   Thumb Code    64  24l01.o(.text)
    USB_Istr                                 0x0800098d   Thumb Code   222  usb_istr.o(.text)
    Joystick_init                            0x08000a85   Thumb Code    50  usb_prop.o(.text)
    Joystick_Reset                           0x08000ab7   Thumb Code   148  usb_prop.o(.text)
    Joystick_SetConfiguration                0x08000b4b   Thumb Code    14  usb_prop.o(.text)
    Joystick_SetDeviceAddress                0x08000b59   Thumb Code     8  usb_prop.o(.text)
    Joystick_Status_In                       0x08000b61   Thumb Code     2  usb_prop.o(.text)
    Joystick_Status_Out                      0x08000b63   Thumb Code     2  usb_prop.o(.text)
    Joystick_GetProtocolValue                0x08000b65   Thumb Code    20  usb_prop.o(.text)
    Joystick_GetHIDDescriptor                0x08000b79   Thumb Code    14  usb_prop.o(.text)
    Joystick_GetReportDescriptor             0x08000b87   Thumb Code    14  usb_prop.o(.text)
    Joystick_Data_Setup                      0x08000b95   Thumb Code   114  usb_prop.o(.text)
    Joystick_SetProtocol                     0x08000c07   Thumb Code    14  usb_prop.o(.text)
    Joystick_NoData_Setup                    0x08000c15   Thumb Code    32  usb_prop.o(.text)
    Joystick_GetDeviceDescriptor             0x08000c35   Thumb Code    14  usb_prop.o(.text)
    Joystick_GetConfigDescriptor             0x08000c43   Thumb Code    14  usb_prop.o(.text)
    Joystick_GetStringDescriptor             0x08000c51   Thumb Code    32  usb_prop.o(.text)
    Joystick_Get_Interface_Setting           0x08000c71   Thumb Code    22  usb_prop.o(.text)
    PowerOn                                  0x08000cbd   Thumb Code    54  usb_pwr.o(.text)
    PowerOff                                 0x08000cf3   Thumb Code    28  usb_pwr.o(.text)
    Suspend                                  0x08000d0f   Thumb Code    28  usb_pwr.o(.text)
    Resume_Init                              0x08000d2b   Thumb Code    24  usb_pwr.o(.text)
    Resume                                   0x08000d43   Thumb Code   168  usb_pwr.o(.text)
    Reset_Handler                            0x08000df9   Thumb Code     8  startup_stm32f10x_md.o(.text)
    ADC1_2_IRQHandler                        0x08000e13   Thumb Code     0  startup_stm32f10x_md.o(.text)
    CAN1_RX1_IRQHandler                      0x08000e13   Thumb Code     0  startup_stm32f10x_md.o(.text)
    CAN1_SCE_IRQHandler                      0x08000e13   Thumb Code     0  startup_stm32f10x_md.o(.text)
    DMA1_Channel1_IRQHandler                 0x08000e13   Thumb Code     0  startup_stm32f10x_md.o(.text)
    DMA1_Channel2_IRQHandler                 0x08000e13   Thumb Code     0  startup_stm32f10x_md.o(.text)
    DMA1_Channel3_IRQHandler                 0x08000e13   Thumb Code     0  startup_stm32f10x_md.o(.text)
    DMA1_Channel4_IRQHandler                 0x08000e13   Thumb Code     0  startup_stm32f10x_md.o(.text)
    DMA1_Channel5_IRQHandler                 0x08000e13   Thumb Code     0  startup_stm32f10x_md.o(.text)
    DMA1_Channel6_IRQHandler                 0x08000e13   Thumb Code     0  startup_stm32f10x_md.o(.text)
    DMA1_Channel7_IRQHandler                 0x08000e13   Thumb Code     0  startup_stm32f10x_md.o(.text)
    EXTI0_IRQHandler                         0x08000e13   Thumb Code     0  startup_stm32f10x_md.o(.text)
    EXTI15_10_IRQHandler                     0x08000e13   Thumb Code     0  startup_stm32f10x_md.o(.text)
    EXTI1_IRQHandler                         0x08000e13   Thumb Code     0  startup_stm32f10x_md.o(.text)
    EXTI2_IRQHandler                         0x08000e13   Thumb Code     0  startup_stm32f10x_md.o(.text)
    EXTI3_IRQHandler                         0x08000e13   Thumb Code     0  startup_stm32f10x_md.o(.text)
    EXTI4_IRQHandler                         0x08000e13   Thumb Code     0  startup_stm32f10x_md.o(.text)
    EXTI9_5_IRQHandler                       0x08000e13   Thumb Code     0  startup_stm32f10x_md.o(.text)
    FLASH_IRQHandler                         0x08000e13   Thumb Code     0  startup_stm32f10x_md.o(.text)
    I2C1_ER_IRQHandler                       0x08000e13   Thumb Code     0  startup_stm32f10x_md.o(.text)
    I2C1_EV_IRQHandler                       0x08000e13   Thumb Code     0  startup_stm32f10x_md.o(.text)
    I2C2_ER_IRQHandler                       0x08000e13   Thumb Code     0  startup_stm32f10x_md.o(.text)
    I2C2_EV_IRQHandler                       0x08000e13   Thumb Code     0  startup_stm32f10x_md.o(.text)
    PVD_IRQHandler                           0x08000e13   Thumb Code     0  startup_stm32f10x_md.o(.text)
    RCC_IRQHandler                           0x08000e13   Thumb Code     0  startup_stm32f10x_md.o(.text)
    RTCAlarm_IRQHandler                      0x08000e13   Thumb Code     0  startup_stm32f10x_md.o(.text)
    RTC_IRQHandler                           0x08000e13   Thumb Code     0  startup_stm32f10x_md.o(.text)
    SPI1_IRQHandler                          0x08000e13   Thumb Code     0  startup_stm32f10x_md.o(.text)
    SPI2_IRQHandler                          0x08000e13   Thumb Code     0  startup_stm32f10x_md.o(.text)
    TAMPER_IRQHandler                        0x08000e13   Thumb Code     0  startup_stm32f10x_md.o(.text)
    TIM1_BRK_IRQHandler                      0x08000e13   Thumb Code     0  startup_stm32f10x_md.o(.text)
    TIM1_CC_IRQHandler                       0x08000e13   Thumb Code     0  startup_stm32f10x_md.o(.text)
    TIM1_TRG_COM_IRQHandler                  0x08000e13   Thumb Code     0  startup_stm32f10x_md.o(.text)
    TIM1_UP_IRQHandler                       0x08000e13   Thumb Code     0  startup_stm32f10x_md.o(.text)
    TIM2_IRQHandler                          0x08000e13   Thumb Code     0  startup_stm32f10x_md.o(.text)
    TIM3_IRQHandler                          0x08000e13   Thumb Code     0  startup_stm32f10x_md.o(.text)
    TIM4_IRQHandler                          0x08000e13   Thumb Code     0  startup_stm32f10x_md.o(.text)
    USART1_IRQHandler                        0x08000e13   Thumb Code     0  startup_stm32f10x_md.o(.text)
    USART2_IRQHandler                        0x08000e13   Thumb Code     0  startup_stm32f10x_md.o(.text)
    USART3_IRQHandler                        0x08000e13   Thumb Code     0  startup_stm32f10x_md.o(.text)
    USBWakeUp_IRQHandler                     0x08000e13   Thumb Code     0  startup_stm32f10x_md.o(.text)
    USB_HP_CAN1_TX_IRQHandler                0x08000e13   Thumb Code     0  startup_stm32f10x_md.o(.text)
    WWDG_IRQHandler                          0x08000e13   Thumb Code     0  startup_stm32f10x_md.o(.text)
    __user_initial_stackheap                 0x08000e15   Thumb Code     0  startup_stm32f10x_md.o(.text)
    SystemInit                               0x08000f17   Thumb Code    78  system_stm32f10x.o(.text)
    SystemCoreClockUpdate                    0x08000f65   Thumb Code   142  system_stm32f10x.o(.text)
    NVIC_PriorityGroupConfig                 0x08001019   Thumb Code    10  misc.o(.text)
    NVIC_Init                                0x08001023   Thumb Code   100  misc.o(.text)
    NVIC_SetVectorTable                      0x08001087   Thumb Code    14  misc.o(.text)
    NVIC_SystemLPConfig                      0x08001095   Thumb Code    34  misc.o(.text)
    SysTick_CLKSourceConfig                  0x080010b7   Thumb Code    40  misc.o(.text)
    FLASH_SetLatency                         0x080010f5   Thumb Code    18  stm32f10x_flash.o(.text)
    FLASH_HalfCycleAccessCmd                 0x08001107   Thumb Code    22  stm32f10x_flash.o(.text)
    FLASH_PrefetchBufferCmd                  0x0800111d   Thumb Code    22  stm32f10x_flash.o(.text)
    FLASH_Unlock                             0x08001133   Thumb Code    12  stm32f10x_flash.o(.text)
    FLASH_UnlockBank1                        0x0800113f   Thumb Code    12  stm32f10x_flash.o(.text)
    FLASH_Lock                               0x0800114b   Thumb Code    14  stm32f10x_flash.o(.text)
    FLASH_LockBank1                          0x08001159   Thumb Code    14  stm32f10x_flash.o(.text)
    FLASH_GetBank1Status                     0x08001167   Thumb Code    48  stm32f10x_flash.o(.text)
    FLASH_WaitForLastOperation               0x08001197   Thumb Code    38  stm32f10x_flash.o(.text)
    FLASH_ErasePage                          0x080011bd   Thumb Code    72  stm32f10x_flash.o(.text)
    FLASH_EraseAllPages                      0x08001205   Thumb Code    68  stm32f10x_flash.o(.text)
    FLASH_WaitForLastBank1Operation          0x08001249   Thumb Code    38  stm32f10x_flash.o(.text)
    FLASH_EraseAllBank1Pages                 0x0800126f   Thumb Code    68  stm32f10x_flash.o(.text)
    FLASH_GetReadOutProtectionStatus         0x080012b3   Thumb Code    20  stm32f10x_flash.o(.text)
    FLASH_EraseOptionBytes                   0x080012c7   Thumb Code   150  stm32f10x_flash.o(.text)
    FLASH_ProgramWord                        0x0800135d   Thumb Code   102  stm32f10x_flash.o(.text)
    FLASH_ProgramHalfWord                    0x080013c3   Thumb Code    60  stm32f10x_flash.o(.text)
    FLASH_ProgramOptionByteData              0x080013ff   Thumb Code    72  stm32f10x_flash.o(.text)
    FLASH_EnableWriteProtection              0x08001447   Thumb Code   200  stm32f10x_flash.o(.text)
    FLASH_ReadOutProtection                  0x0800150f   Thumb Code   156  stm32f10x_flash.o(.text)
    FLASH_UserOptionByteConfig               0x080015ab   Thumb Code    88  stm32f10x_flash.o(.text)
    FLASH_GetUserOptionByte                  0x08001603   Thumb Code     8  stm32f10x_flash.o(.text)
    FLASH_GetWriteProtectionOptionByte       0x0800160b   Thumb Code     6  stm32f10x_flash.o(.text)
    FLASH_GetPrefetchBufferStatus            0x08001611   Thumb Code    20  stm32f10x_flash.o(.text)
    FLASH_ITConfig                           0x08001625   Thumb Code    26  stm32f10x_flash.o(.text)
    FLASH_GetFlagStatus                      0x0800163f   Thumb Code    42  stm32f10x_flash.o(.text)
    FLASH_ClearFlag                          0x08001669   Thumb Code     6  stm32f10x_flash.o(.text)
    FLASH_GetStatus                          0x0800166f   Thumb Code    48  stm32f10x_flash.o(.text)
    GPIO_DeInit                              0x080016b1   Thumb Code   172  stm32f10x_gpio.o(.text)
    GPIO_AFIODeInit                          0x0800175d   Thumb Code    20  stm32f10x_gpio.o(.text)
    GPIO_Init                                0x08001771   Thumb Code   278  stm32f10x_gpio.o(.text)
    GPIO_StructInit                          0x08001887   Thumb Code    16  stm32f10x_gpio.o(.text)
    GPIO_ReadInputDataBit                    0x08001897   Thumb Code    18  stm32f10x_gpio.o(.text)
    GPIO_ReadInputData                       0x080018a9   Thumb Code     8  stm32f10x_gpio.o(.text)
    GPIO_ReadOutputDataBit                   0x080018b1   Thumb Code    18  stm32f10x_gpio.o(.text)
    GPIO_ReadOutputData                      0x080018c3   Thumb Code     8  stm32f10x_gpio.o(.text)
    GPIO_SetBits                             0x080018cb   Thumb Code     4  stm32f10x_gpio.o(.text)
    GPIO_ResetBits                           0x080018cf   Thumb Code     4  stm32f10x_gpio.o(.text)
    GPIO_WriteBit                            0x080018d3   Thumb Code    10  stm32f10x_gpio.o(.text)
    GPIO_Write                               0x080018dd   Thumb Code     4  stm32f10x_gpio.o(.text)
    GPIO_PinLockConfig                       0x080018e1   Thumb Code    18  stm32f10x_gpio.o(.text)
    GPIO_EventOutputConfig                   0x080018f3   Thumb Code    26  stm32f10x_gpio.o(.text)
    GPIO_EventOutputCmd                      0x0800190d   Thumb Code     6  stm32f10x_gpio.o(.text)
    GPIO_PinRemapConfig                      0x08001913   Thumb Code   138  stm32f10x_gpio.o(.text)
    GPIO_EXTILineConfig                      0x0800199d   Thumb Code    66  stm32f10x_gpio.o(.text)
    GPIO_ETH_MediaInterfaceConfig            0x080019df   Thumb Code     8  stm32f10x_gpio.o(.text)
    RCC_DeInit                               0x08001a0d   Thumb Code    64  stm32f10x_rcc.o(.text)
    RCC_HSEConfig                            0x08001a4d   Thumb Code    70  stm32f10x_rcc.o(.text)
    RCC_GetFlagStatus                        0x08001a93   Thumb Code    56  stm32f10x_rcc.o(.text)
    RCC_WaitForHSEStartUp                    0x08001acb   Thumb Code    56  stm32f10x_rcc.o(.text)
    RCC_AdjustHSICalibrationValue            0x08001b03   Thumb Code    20  stm32f10x_rcc.o(.text)
    RCC_HSICmd                               0x08001b17   Thumb Code     6  stm32f10x_rcc.o(.text)
    RCC_PLLConfig                            0x08001b1d   Thumb Code    24  stm32f10x_rcc.o(.text)
    RCC_PLLCmd                               0x08001b35   Thumb Code     6  stm32f10x_rcc.o(.text)
    RCC_SYSCLKConfig                         0x08001b3b   Thumb Code    18  stm32f10x_rcc.o(.text)
    RCC_GetSYSCLKSource                      0x08001b4d   Thumb Code    10  stm32f10x_rcc.o(.text)
    RCC_HCLKConfig                           0x08001b57   Thumb Code    18  stm32f10x_rcc.o(.text)
    RCC_PCLK1Config                          0x08001b69   Thumb Code    18  stm32f10x_rcc.o(.text)
    RCC_PCLK2Config                          0x08001b7b   Thumb Code    20  stm32f10x_rcc.o(.text)
    RCC_ITConfig                             0x08001b8f   Thumb Code    26  stm32f10x_rcc.o(.text)
    RCC_USBCLKConfig                         0x08001ba9   Thumb Code     8  stm32f10x_rcc.o(.text)
    RCC_ADCCLKConfig                         0x08001bb1   Thumb Code    18  stm32f10x_rcc.o(.text)
    RCC_LSEConfig                            0x08001bc3   Thumb Code    50  stm32f10x_rcc.o(.text)
    RCC_LSICmd                               0x08001bf5   Thumb Code     6  stm32f10x_rcc.o(.text)
    RCC_RTCCLKConfig                         0x08001bfb   Thumb Code    12  stm32f10x_rcc.o(.text)
    RCC_RTCCLKCmd                            0x08001c07   Thumb Code     8  stm32f10x_rcc.o(.text)
    RCC_GetClocksFreq                        0x08001c0f   Thumb Code   192  stm32f10x_rcc.o(.text)
    RCC_AHBPeriphClockCmd                    0x08001ccf   Thumb Code    26  stm32f10x_rcc.o(.text)
    RCC_APB2PeriphClockCmd                   0x08001ce9   Thumb Code    26  stm32f10x_rcc.o(.text)
    RCC_APB1PeriphClockCmd                   0x08001d03   Thumb Code    26  stm32f10x_rcc.o(.text)
    RCC_APB2PeriphResetCmd                   0x08001d1d   Thumb Code    26  stm32f10x_rcc.o(.text)
    RCC_APB1PeriphResetCmd                   0x08001d37   Thumb Code    26  stm32f10x_rcc.o(.text)
    RCC_BackupResetCmd                       0x08001d51   Thumb Code     8  stm32f10x_rcc.o(.text)
    RCC_ClockSecuritySystemCmd               0x08001d59   Thumb Code     6  stm32f10x_rcc.o(.text)
    RCC_MCOConfig                            0x08001d5f   Thumb Code     6  stm32f10x_rcc.o(.text)
    RCC_ClearFlag                            0x08001d65   Thumb Code    14  stm32f10x_rcc.o(.text)
    RCC_GetITStatus                          0x08001d73   Thumb Code    20  stm32f10x_rcc.o(.text)
    RCC_ClearITPendingBit                    0x08001d87   Thumb Code     6  stm32f10x_rcc.o(.text)
    SPI_I2S_DeInit                           0x08001db1   Thumb Code    76  stm32f10x_spi.o(.text)
    SPI_Init                                 0x08001dfd   Thumb Code    60  stm32f10x_spi.o(.text)
    I2S_Init                                 0x08001e39   Thumb Code   226  stm32f10x_spi.o(.text)
    SPI_StructInit                           0x08001f1b   Thumb Code    24  stm32f10x_spi.o(.text)
    I2S_StructInit                           0x08001f33   Thumb Code    20  stm32f10x_spi.o(.text)
    SPI_Cmd                                  0x08001f47   Thumb Code    24  stm32f10x_spi.o(.text)
    I2S_Cmd                                  0x08001f5f   Thumb Code    24  stm32f10x_spi.o(.text)
    SPI_I2S_ITConfig                         0x08001f77   Thumb Code    32  stm32f10x_spi.o(.text)
    SPI_I2S_DMACmd                           0x08001f97   Thumb Code    18  stm32f10x_spi.o(.text)
    SPI_I2S_SendData                         0x08001fa9   Thumb Code     4  stm32f10x_spi.o(.text)
    SPI_I2S_ReceiveData                      0x08001fad   Thumb Code     6  stm32f10x_spi.o(.text)
    SPI_NSSInternalSoftwareConfig            0x08001fb3   Thumb Code    30  stm32f10x_spi.o(.text)
    SPI_SSOutputCmd                          0x08001fd1   Thumb Code    24  stm32f10x_spi.o(.text)
    SPI_DataSizeConfig                       0x08001fe9   Thumb Code    18  stm32f10x_spi.o(.text)
    SPI_TransmitCRC                          0x08001ffb   Thumb Code    10  stm32f10x_spi.o(.text)
    SPI_CalculateCRC                         0x08002005   Thumb Code    24  stm32f10x_spi.o(.text)
    SPI_GetCRC                               0x0800201d   Thumb Code    16  stm32f10x_spi.o(.text)
    SPI_GetCRCPolynomial                     0x0800202d   Thumb Code     6  stm32f10x_spi.o(.text)
    SPI_BiDirectionalLineConfig              0x08002033   Thumb Code    28  stm32f10x_spi.o(.text)
    SPI_I2S_GetFlagStatus                    0x0800204f   Thumb Code    18  stm32f10x_spi.o(.text)
    SPI_I2S_ClearFlag                        0x08002061   Thumb Code     6  stm32f10x_spi.o(.text)
    SPI_I2S_GetITStatus                      0x08002067   Thumb Code    52  stm32f10x_spi.o(.text)
    SPI_I2S_ClearITPendingBit                0x0800209b   Thumb Code    20  stm32f10x_spi.o(.text)
    Standard_GetConfiguration                0x080020bd   Thumb Code    34  usb_core.o(.text)
    Standard_SetConfiguration                0x080020df   Thumb Code    60  usb_core.o(.text)
    Standard_GetInterface                    0x0800211b   Thumb Code    34  usb_core.o(.text)
    Standard_SetInterface                    0x0800213d   Thumb Code    96  usb_core.o(.text)
    Standard_GetStatus                       0x0800219d   Thumb Code   238  usb_core.o(.text)
    Standard_ClearFeature                    0x0800228b   Thumb Code   342  usb_core.o(.text)
    Standard_SetEndPointFeature              0x080023e1   Thumb Code   220  usb_core.o(.text)
    Standard_SetDeviceFeature                0x080024bd   Thumb Code    30  usb_core.o(.text)
    Standard_GetDescriptorData               0x080024db   Thumb Code    32  usb_core.o(.text)
    Post0_Process                            0x08002a0f   Thumb Code    54  usb_core.o(.text)
    Setup0_Process                           0x08002a45   Thumb Code   170  usb_core.o(.text)
    SetDeviceAddress                         0x08002aef   Thumb Code    70  usb_core.o(.text)
    In0_Process                              0x08002b35   Thumb Code    98  usb_core.o(.text)
    Out0_Process                             0x08002b97   Thumb Code    70  usb_core.o(.text)
    NOP_Process                              0x08002bdd   Thumb Code     2  usb_core.o(.text)
    USB_Init                                 0x08002c0d   Thumb Code    36  usb_init.o(.text)
    CTR_LP                                   0x08002c49   Thumb Code   616  usb_int.o(.text)
    CTR_HP                                   0x08002eb1   Thumb Code   178  usb_int.o(.text)
    UserToPMABufferCopy                      0x08002f85   Thumb Code    52  usb_mem.o(.text)
    PMAToUserBufferCopy                      0x08002fb9   Thumb Code    34  usb_mem.o(.text)
    SetCNTR                                  0x08002fe1   Thumb Code     6  usb_regs.o(.text)
    GetCNTR                                  0x08002fe7   Thumb Code     8  usb_regs.o(.text)
    SetISTR                                  0x08002fef   Thumb Code     8  usb_regs.o(.text)
    GetISTR                                  0x08002ff7   Thumb Code    10  usb_regs.o(.text)
    GetFNR                                   0x08003001   Thumb Code    10  usb_regs.o(.text)
    SetDADDR                                 0x0800300b   Thumb Code     8  usb_regs.o(.text)
    GetDADDR                                 0x08003013   Thumb Code    10  usb_regs.o(.text)
    SetBTABLE                                0x0800301d   Thumb Code    14  usb_regs.o(.text)
    GetBTABLE                                0x0800302b   Thumb Code    10  usb_regs.o(.text)
    SetENDPOINT                              0x08003035   Thumb Code    12  usb_regs.o(.text)
    GetENDPOINT                              0x08003041   Thumb Code    16  usb_regs.o(.text)
    SetEPType                                0x08003051   Thumb Code    32  usb_regs.o(.text)
    GetEPType                                0x08003071   Thumb Code    18  usb_regs.o(.text)
    SetEPTxStatus                            0x08003083   Thumb Code    60  usb_regs.o(.text)
    SetEPRxStatus                            0x080030bf   Thumb Code    60  usb_regs.o(.text)
    SetDouBleBuffEPStall                     0x080030fb   Thumb Code    54  usb_regs.o(.text)
    GetEPTxStatus                            0x08003131   Thumb Code    18  usb_regs.o(.text)
    GetEPRxStatus                            0x08003143   Thumb Code    18  usb_regs.o(.text)
    SetEPTxValid                             0x08003155   Thumb Code    48  usb_regs.o(.text)
    SetEPRxValid                             0x08003185   Thumb Code    48  usb_regs.o(.text)
    SetEP_KIND                               0x080031b5   Thumb Code    38  usb_regs.o(.text)
    ClearEP_KIND                             0x080031db   Thumb Code    34  usb_regs.o(.text)
    Clear_Status_Out                         0x080031fd   Thumb Code    34  usb_regs.o(.text)
    Set_Status_Out                           0x0800321f   Thumb Code    38  usb_regs.o(.text)
    SetEPDoubleBuff                          0x08003245   Thumb Code    38  usb_regs.o(.text)
    ClearEPDoubleBuff                        0x0800326b   Thumb Code    34  usb_regs.o(.text)
    GetTxStallStatus                         0x0800328d   Thumb Code    28  usb_regs.o(.text)
    GetRxStallStatus                         0x080032a9   Thumb Code    30  usb_regs.o(.text)
    ClearEP_CTR_RX                           0x080032c7   Thumb Code    32  usb_regs.o(.text)
    ClearEP_CTR_TX                           0x080032e7   Thumb Code    28  usb_regs.o(.text)
    ToggleDTOG_RX                            0x08003303   Thumb Code    34  usb_regs.o(.text)
    ToggleDTOG_TX                            0x08003325   Thumb Code    34  usb_regs.o(.text)
    ClearDTOG_RX                             0x08003347   Thumb Code    48  usb_regs.o(.text)
    ClearDTOG_TX                             0x08003377   Thumb Code    48  usb_regs.o(.text)
    SetEPAddress                             0x080033a7   Thumb Code    46  usb_regs.o(.text)
    GetEPAddress                             0x080033d5   Thumb Code    18  usb_regs.o(.text)
    SetEPTxAddr                              0x080033e7   Thumb Code    24  usb_regs.o(.text)
    SetEPRxAddr                              0x080033ff   Thumb Code    26  usb_regs.o(.text)
    GetEPTxAddr                              0x08003419   Thumb Code    22  usb_regs.o(.text)
    GetEPRxAddr                              0x0800342f   Thumb Code    24  usb_regs.o(.text)
    SetEPTxCount                             0x08003447   Thumb Code    20  usb_regs.o(.text)
    SetEPCountRxReg                          0x0800345b   Thumb Code    48  usb_regs.o(.text)
    SetEPRxCount                             0x0800348b   Thumb Code    68  usb_regs.o(.text)
    GetEPTxCount                             0x080034cf   Thumb Code    26  usb_regs.o(.text)
    GetEPRxCount                             0x080034e9   Thumb Code    26  usb_regs.o(.text)
    SetEPDblBuffAddr                         0x08003503   Thumb Code    44  usb_regs.o(.text)
    SetEPDblBuf0Addr                         0x0800352f   Thumb Code    24  usb_regs.o(.text)
    SetEPDblBuf1Addr                         0x08003547   Thumb Code    26  usb_regs.o(.text)
    GetEPDblBuf0Addr                         0x08003561   Thumb Code    22  usb_regs.o(.text)
    GetEPDblBuf1Addr                         0x08003577   Thumb Code    24  usb_regs.o(.text)
    SetEPDblBuffCount                        0x0800358f   Thumb Code   186  usb_regs.o(.text)
    SetEPDblBuf0Count                        0x08003649   Thumb Code    96  usb_regs.o(.text)
    SetEPDblBuf1Count                        0x080036a9   Thumb Code    96  usb_regs.o(.text)
    GetEPDblBuf0Count                        0x08003709   Thumb Code    26  usb_regs.o(.text)
    GetEPDblBuf1Count                        0x08003723   Thumb Code    26  usb_regs.o(.text)
    GetEPDblBufDir                           0x0800373d   Thumb Code    62  usb_regs.o(.text)
    FreeUserBuffer                           0x0800377b   Thumb Code    90  usb_regs.o(.text)
    ToWord                                   0x080037d5   Thumb Code     8  usb_regs.o(.text)
    ByteSwap                                 0x080037dd   Thumb Code    12  usb_regs.o(.text)
    __use_two_region_memory                  0x080037e9   Thumb Code     2  heapauxi.o(.text)
    __rt_heap_escrow$2region                 0x080037eb   Thumb Code     2  heapauxi.o(.text)
    __rt_heap_expand$2region                 0x080037ed   Thumb Code     2  heapauxi.o(.text)
    __user_setup_stackheap                   0x080037ef   Thumb Code    74  sys_stackheap_outer.o(.text)
    exit                                     0x08003839   Thumb Code    18  exit.o(.text)
    __user_libspace                          0x0800384d   Thumb Code     8  libspace.o(.text)
    __user_perproc_libspace                  0x0800384d   Thumb Code     0  libspace.o(.text)
    __user_perthread_libspace                0x0800384d   Thumb Code     0  libspace.o(.text)
    _sys_exit                                0x08003855   Thumb Code     8  sys_exit.o(.text)
    __I$use$semihosting                      0x08003861   Thumb Code     0  use_no_semi.o(.text)
    __use_no_semihosting_swi                 0x08003861   Thumb Code     2  use_no_semi.o(.text)
    Joystick_DeviceDescriptor                0x08003862   Data          18  usb_desc.o(.constdata)
    __semihosting_library_function           0x08003863   Thumb Code     0  indicate_semi.o(.text)
    Joystick_ConfigDescriptor                0x08003874   Data          41  usb_desc.o(.constdata)
    Joystick_ReportDescriptor                0x0800389d   Data          61  usb_desc.o(.constdata)
    Joystick_StringLangID                    0x080038da   Data           4  usb_desc.o(.constdata)
    Joystick_StringVendor                    0x080038de   Data          38  usb_desc.o(.constdata)
    Joystick_StringProduct                   0x08003904   Data          30  usb_desc.o(.constdata)
    Region$$Table$$Base                      0x08003924   Number         0  anon$$obj.o(Region$$Table)
    Region$$Table$$Limit                     0x08003944   Number         0  anon$$obj.o(Region$$Table)
    key_Buf                                  0x20000000   Data           8  main.o(.data)
    key_Buf_zero                             0x20000008   Data           8  main.o(.data)
    RX_data                                  0x20000010   Data           8  main.o(.data)
    TX_ADDRESS                               0x20000018   Data           5  24l01.o(.data)
    wIstr                                    0x20000020   Data           2  usb_istr.o(.data)
    bIntPackSOF                              0x20000022   Data           1  usb_istr.o(.data)
    pEpInt_IN                                0x20000024   Data          28  usb_istr.o(.data)
    pEpInt_OUT                               0x20000040   Data          28  usb_istr.o(.data)
    Joystick_StringSerial                    0x2000005c   Data          26  usb_desc.o(.data)
    ProtocolValue                            0x20000078   Data           4  usb_prop.o(.data)
    Device_Table                             0x2000007c   Data           2  usb_prop.o(.data)
    Device_Property                          0x20000080   Data          48  usb_prop.o(.data)
    User_Standard_Requests                   0x200000b0   Data          36  usb_prop.o(.data)
    Device_Descriptor                        0x200000d4   Data           8  usb_prop.o(.data)
    Config_Descriptor                        0x200000dc   Data           8  usb_prop.o(.data)
    Joystick_Report_Descriptor               0x200000e4   Data           8  usb_prop.o(.data)
    Mouse_Hid_Descriptor                     0x200000ec   Data           8  usb_prop.o(.data)
    String_Descriptor                        0x200000f4   Data          32  usb_prop.o(.data)
    bDeviceState                             0x20000114   Data           4  usb_pwr.o(.data)
    fSuspendEnabled                          0x20000118   Data           1  usb_pwr.o(.data)
    ResumeS                                  0x20000119   Data           2  usb_pwr.o(.data)
    SystemCoreClock                          0x2000011c   Data           4  system_stm32f10x.o(.data)
    AHBPrescTable                            0x20000120   Data          16  system_stm32f10x.o(.data)
    StatusInfo                               0x20000144   Data           2  usb_core.o(.data)
    Data_Mul_MaxPacketSize                   0x20000146   Data           1  usb_core.o(.data)
    EPindex                                  0x20000148   Data           1  usb_init.o(.data)
    pInformation                             0x2000014c   Data           4  usb_init.o(.data)
    pProperty                                0x20000150   Data           4  usb_init.o(.data)
    SaveState                                0x20000154   Data           2  usb_init.o(.data)
    wInterrupt_Mask                          0x20000156   Data           2  usb_init.o(.data)
    pUser_Standard_Requests                  0x20000158   Data           4  usb_init.o(.data)
    SaveRState                               0x2000015c   Data           2  usb_int.o(.data)
    SaveTState                               0x2000015e   Data           2  usb_int.o(.data)
    Device_Info                              0x20000160   Data          28  usb_init.o(.bss)
    __libspace_start                         0x2000017c   Data          96  libspace.o(.bss)
    __temporary_stack_top$libspace           0x200001dc   Data           0  libspace.o(.bss)



==============================================================================

Memory Map of the image

  Image Entry point : 0x080000ed

  Load Region LR_IROM1 (Base: 0x08000000, Size: 0x00003aa4, Max: 0x00010000, ABSOLUTE, COMPRESSED[0x000039dc])

    Execution Region ER_IROM1 (Exec base: 0x08000000, Load base: 0x08000000, Size: 0x00003944, Max: 0x00010000, ABSOLUTE)

    Exec Addr    Load Addr    Size         Type   Attr      Idx    E Section Name        Object

    0x08000000   0x08000000   0x000000ec   Data   RO          298    RESET               startup_stm32f10x_md.o
    0x080000ec   0x080000ec   0x00000008   Code   RO          751  * !!!main             c_w.l(__main.o)
    0x080000f4   0x080000f4   0x00000034   Code   RO          912    !!!scatter          c_w.l(__scatter.o)
    0x08000128   0x08000128   0x0000005a   Code   RO          910    !!dczerorl2         c_w.l(__dczerorl2.o)
    0x08000182   0x08000182   0x00000002   PAD
    0x08000184   0x08000184   0x0000001c   Code   RO          914    !!handler_zi        c_w.l(__scatter_zi.o)
    0x080001a0   0x080001a0   0x00000002   Code   RO          778    .ARM.Collect$$libinit$$00000000  c_w.l(libinit.o)
    0x080001a2   0x080001a2   0x00000000   Code   RO          785    .ARM.Collect$$libinit$$00000002  c_w.l(libinit2.o)
    0x080001a2   0x080001a2   0x00000000   Code   RO          787    .ARM.Collect$$libinit$$00000004  c_w.l(libinit2.o)
    0x080001a2   0x080001a2   0x00000000   Code   RO          790    .ARM.Collect$$libinit$$0000000A  c_w.l(libinit2.o)
    0x080001a2   0x080001a2   0x00000000   Code   RO          792    .ARM.Collect$$libinit$$0000000C  c_w.l(libinit2.o)
    0x080001a2   0x080001a2   0x00000000   Code   RO          794    .ARM.Collect$$libinit$$0000000E  c_w.l(libinit2.o)
    0x080001a2   0x080001a2   0x00000000   Code   RO          797    .ARM.Collect$$libinit$$00000011  c_w.l(libinit2.o)
    0x080001a2   0x080001a2   0x00000000   Code   RO          799    .ARM.Collect$$libinit$$00000013  c_w.l(libinit2.o)
    0x080001a2   0x080001a2   0x00000000   Code   RO          801    .ARM.Collect$$libinit$$00000015  c_w.l(libinit2.o)
    0x080001a2   0x080001a2   0x00000000   Code   RO          803    .ARM.Collect$$libinit$$00000017  c_w.l(libinit2.o)
    0x080001a2   0x080001a2   0x00000000   Code   RO          805    .ARM.Collect$$libinit$$00000019  c_w.l(libinit2.o)
    0x080001a2   0x080001a2   0x00000000   Code   RO          807    .ARM.Collect$$libinit$$0000001B  c_w.l(libinit2.o)
    0x080001a2   0x080001a2   0x00000000   Code   RO          809    .ARM.Collect$$libinit$$0000001D  c_w.l(libinit2.o)
    0x080001a2   0x080001a2   0x00000000   Code   RO          811    .ARM.Collect$$libinit$$0000001F  c_w.l(libinit2.o)
    0x080001a2   0x080001a2   0x00000000   Code   RO          813    .ARM.Collect$$libinit$$00000021  c_w.l(libinit2.o)
    0x080001a2   0x080001a2   0x00000000   Code   RO          815    .ARM.Collect$$libinit$$00000023  c_w.l(libinit2.o)
    0x080001a2   0x080001a2   0x00000000   Code   RO          817    .ARM.Collect$$libinit$$00000025  c_w.l(libinit2.o)
    0x080001a2   0x080001a2   0x00000000   Code   RO          821    .ARM.Collect$$libinit$$0000002C  c_w.l(libinit2.o)
    0x080001a2   0x080001a2   0x00000000   Code   RO          823    .ARM.Collect$$libinit$$0000002E  c_w.l(libinit2.o)
    0x080001a2   0x080001a2   0x00000000   Code   RO          825    .ARM.Collect$$libinit$$00000030  c_w.l(libinit2.o)
    0x080001a2   0x080001a2   0x00000000   Code   RO          827    .ARM.Collect$$libinit$$00000032  c_w.l(libinit2.o)
    0x080001a2   0x080001a2   0x00000002   Code   RO          828    .ARM.Collect$$libinit$$00000033  c_w.l(libinit2.o)
    0x080001a4   0x080001a4   0x00000002   Code   RO          848    .ARM.Collect$$libshutdown$$00000000  c_w.l(libshutdown.o)
    0x080001a6   0x080001a6   0x00000000   Code   RO          861    .ARM.Collect$$libshutdown$$00000002  c_w.l(libshutdown2.o)
    0x080001a6   0x080001a6   0x00000000   Code   RO          863    .ARM.Collect$$libshutdown$$00000004  c_w.l(libshutdown2.o)
    0x080001a6   0x080001a6   0x00000000   Code   RO          865    .ARM.Collect$$libshutdown$$00000006  c_w.l(libshutdown2.o)
    0x080001a6   0x080001a6   0x00000000   Code   RO          868    .ARM.Collect$$libshutdown$$00000009  c_w.l(libshutdown2.o)
    0x080001a6   0x080001a6   0x00000000   Code   RO          871    .ARM.Collect$$libshutdown$$0000000C  c_w.l(libshutdown2.o)
    0x080001a6   0x080001a6   0x00000000   Code   RO          873    .ARM.Collect$$libshutdown$$0000000E  c_w.l(libshutdown2.o)
    0x080001a6   0x080001a6   0x00000000   Code   RO          876    .ARM.Collect$$libshutdown$$00000011  c_w.l(libshutdown2.o)
    0x080001a6   0x080001a6   0x00000002   Code   RO          877    .ARM.Collect$$libshutdown$$00000012  c_w.l(libshutdown2.o)
    0x080001a8   0x080001a8   0x00000000   Code   RO          753    .ARM.Collect$$rtentry$$00000000  c_w.l(__rtentry.o)
    0x080001a8   0x080001a8   0x00000000   Code   RO          755    .ARM.Collect$$rtentry$$00000002  c_w.l(__rtentry2.o)
    0x080001a8   0x080001a8   0x00000006   Code   RO          767    .ARM.Collect$$rtentry$$00000004  c_w.l(__rtentry4.o)
    0x080001ae   0x080001ae   0x00000000   Code   RO          757    .ARM.Collect$$rtentry$$00000009  c_w.l(__rtentry2.o)
    0x080001ae   0x080001ae   0x00000004   Code   RO          758    .ARM.Collect$$rtentry$$0000000A  c_w.l(__rtentry2.o)
    0x080001b2   0x080001b2   0x00000000   Code   RO          760    .ARM.Collect$$rtentry$$0000000C  c_w.l(__rtentry2.o)
    0x080001b2   0x080001b2   0x00000008   Code   RO          761    .ARM.Collect$$rtentry$$0000000D  c_w.l(__rtentry2.o)
    0x080001ba   0x080001ba   0x00000002   Code   RO          782    .ARM.Collect$$rtexit$$00000000  c_w.l(rtexit.o)
    0x080001bc   0x080001bc   0x00000000   Code   RO          830    .ARM.Collect$$rtexit$$00000002  c_w.l(rtexit2.o)
    0x080001bc   0x080001bc   0x00000004   Code   RO          831    .ARM.Collect$$rtexit$$00000003  c_w.l(rtexit2.o)
    0x080001c0   0x080001c0   0x00000006   Code   RO          832    .ARM.Collect$$rtexit$$00000004  c_w.l(rtexit2.o)
    0x080001c6   0x080001c6   0x00000002   PAD
    0x080001c8   0x080001c8   0x00000128   Code   RO            1    .text               main.o
    0x080002f0   0x080002f0   0x00000022   Code   RO           93    .text               stm32f10x_it.o
    0x08000312   0x08000312   0x00000002   PAD
    0x08000314   0x08000314   0x00000254   Code   RO          177    .text               hw_config.o
    0x08000568   0x08000568   0x00000424   Code   RO          199    .text               24l01.o
    0x0800098c   0x0800098c   0x000000f8   Code   RO          221    .text               usb_istr.o
    0x08000a84   0x08000a84   0x00000238   Code   RO          255    .text               usb_prop.o
    0x08000cbc   0x08000cbc   0x0000013c   Code   RO          278    .text               usb_pwr.o
    0x08000df8   0x08000df8   0x00000040   Code   RO          299    .text               startup_stm32f10x_md.o
    0x08000e38   0x08000e38   0x000001e0   Code   RO          304    .text               system_stm32f10x.o
    0x08001018   0x08001018   0x000000dc   Code   RO          332    .text               misc.o
    0x080010f4   0x080010f4   0x000005bc   Code   RO          476    .text               stm32f10x_flash.o
    0x080016b0   0x080016b0   0x0000035c   Code   RO          503    .text               stm32f10x_gpio.o
    0x08001a0c   0x08001a0c   0x000003a4   Code   RO          560    .text               stm32f10x_rcc.o
    0x08001db0   0x08001db0   0x0000030c   Code   RO          604    .text               stm32f10x_spi.o
    0x080020bc   0x080020bc   0x00000b50   Code   RO          661    .text               usb_core.o
    0x08002c0c   0x08002c0c   0x0000003c   Code   RO          676    .text               usb_init.o
    0x08002c48   0x08002c48   0x0000033c   Code   RO          699    .text               usb_int.o
    0x08002f84   0x08002f84   0x0000005c   Code   RO          723    .text               usb_mem.o
    0x08002fe0   0x08002fe0   0x00000808   Code   RO          735    .text               usb_regs.o
    0x080037e8   0x080037e8   0x00000006   Code   RO          749    .text               c_w.l(heapauxi.o)
    0x080037ee   0x080037ee   0x0000004a   Code   RO          769    .text               c_w.l(sys_stackheap_outer.o)
    0x08003838   0x08003838   0x00000012   Code   RO          771    .text               c_w.l(exit.o)
    0x0800384a   0x0800384a   0x00000002   PAD
    0x0800384c   0x0800384c   0x00000008   Code   RO          779    .text               c_w.l(libspace.o)
    0x08003854   0x08003854   0x0000000c   Code   RO          840    .text               c_w.l(sys_exit.o)
    0x08003860   0x08003860   0x00000002   Code   RO          851    .text               c_w.l(use_no_semi.o)
    0x08003862   0x08003862   0x00000000   Code   RO          853    .text               c_w.l(indicate_semi.o)
    0x08003862   0x08003862   0x000000c0   Data   RO          242    .constdata          usb_desc.o
    0x08003922   0x08003922   0x00000002   PAD
    0x08003924   0x08003924   0x00000020   Data   RO          908    Region$$Table       anon$$obj.o


    Execution Region RW_IRAM1 (Exec base: 0x20000000, Load base: 0x08003944, Size: 0x000007e0, Max: 0x00005000, ABSOLUTE, COMPRESSED[0x00000098])

    Exec Addr    Load Addr    Size         Type   Attr      Idx    E Section Name        Object

    0x20000000   COMPRESSED   0x00000018   Data   RW            2    .data               main.o
    0x20000018   COMPRESSED   0x00000005   Data   RW          200    .data               24l01.o
    0x2000001d   COMPRESSED   0x00000003   PAD
    0x20000020   COMPRESSED   0x0000003c   Data   RW          222    .data               usb_istr.o
    0x2000005c   COMPRESSED   0x0000001a   Data   RW          243    .data               usb_desc.o
    0x20000076   COMPRESSED   0x00000002   PAD
    0x20000078   COMPRESSED   0x0000009c   Data   RW          256    .data               usb_prop.o
    0x20000114   COMPRESSED   0x00000007   Data   RW          279    .data               usb_pwr.o
    0x2000011b   COMPRESSED   0x00000001   PAD
    0x2000011c   COMPRESSED   0x00000014   Data   RW          305    .data               system_stm32f10x.o
    0x20000130   COMPRESSED   0x00000014   Data   RW          561    .data               stm32f10x_rcc.o
    0x20000144   COMPRESSED   0x00000003   Data   RW          662    .data               usb_core.o
    0x20000147   COMPRESSED   0x00000001   PAD
    0x20000148   COMPRESSED   0x00000014   Data   RW          678    .data               usb_init.o
    0x2000015c   COMPRESSED   0x00000004   Data   RW          700    .data               usb_int.o
    0x20000160        -       0x0000001c   Zero   RW          677    .bss                usb_init.o
    0x2000017c        -       0x00000060   Zero   RW          780    .bss                c_w.l(libspace.o)
    0x200001dc   COMPRESSED   0x00000004   PAD
    0x200001e0        -       0x00000200   Zero   RW          297    HEAP                startup_stm32f10x_md.o
    0x200003e0        -       0x00000400   Zero   RW          296    STACK               startup_stm32f10x_md.o


==============================================================================

Image component sizes


      Code (inc. data)   RO Data    RW Data    ZI Data      Debug   Object Name

      1060         46          0          5          0      10068   24l01.o
       596         44          0          0          0       2271   hw_config.o
       296         16          0         24          0     208217   main.o
       220         22          0          0          0       1877   misc.o
        64         26        236          0       1536        912   startup_stm32f10x_md.o
      1468         34          0          0          0       8282   stm32f10x_flash.o
       860         38          0          0          0       5805   stm32f10x_gpio.o
        34          0          0          0          0     240565   stm32f10x_it.o
       932         36          0         20          0       9004   stm32f10x_rcc.o
       780         14          0          0          0       6690   stm32f10x_spi.o
       480         38          0         20          0       1843   system_stm32f10x.o
      2896        114          0          3          0       8183   usb_core.o
         0          0        192         26          0       1053   usb_desc.o
        60         24          0         20         28       4182   usb_init.o
       828         34          0          4          0       1975   usb_int.o
       248         26          0         60          0       1320   usb_istr.o
        92          6          0          0          0       1454   usb_mem.o
       568         54          0        156          0       7650   usb_prop.o
       316         22          0          7          0       2653   usb_pwr.o
      2056         20          0          0          0      12033   usb_regs.o

    ----------------------------------------------------------------------
     13856        614        462        352       1564     536037   Object Totals
         0          0         32          0          0          0   (incl. Generated)
         2          0          2          7          0          0   (incl. Padding)

    ----------------------------------------------------------------------

      Code (inc. data)   RO Data    RW Data    ZI Data      Debug   Library Member Name

        90          0          0          0          0          0   __dczerorl2.o
         8          0          0          0          0         68   __main.o
         0          0          0          0          0          0   __rtentry.o
        12          0          0          0          0          0   __rtentry2.o
         6          0          0          0          0          0   __rtentry4.o
        52          8          0          0          0          0   __scatter.o
        28          0          0          0          0          0   __scatter_zi.o
        18          0          0          0          0         80   exit.o
         6          0          0          0          0        152   heapauxi.o
         0          0          0          0          0          0   indicate_semi.o
         2          0          0          0          0          0   libinit.o
         2          0          0          0          0          0   libinit2.o
         2          0          0          0          0          0   libshutdown.o
         2          0          0          0          0          0   libshutdown2.o
         8          4          0          0         96         68   libspace.o
         2          0          0          0          0          0   rtexit.o
        10          0          0          0          0          0   rtexit2.o
        12          4          0          0          0         68   sys_exit.o
        74          0          0          0          0         80   sys_stackheap_outer.o
         2          0          0          0          0         68   use_no_semi.o

    ----------------------------------------------------------------------
       342         16          0          0        100        584   Library Totals
         6          0          0          0          4          0   (incl. Padding)

    ----------------------------------------------------------------------

      Code (inc. data)   RO Data    RW Data    ZI Data      Debug   Library Name

       336         16          0          0         96        584   c_w.l

    ----------------------------------------------------------------------
       342         16          0          0        100        584   Library Totals

    ----------------------------------------------------------------------

==============================================================================


      Code (inc. data)   RO Data    RW Data    ZI Data      Debug   

     14198        630        462        352       1664     534693   Grand Totals
     14198        630        462        152       1664     534693   ELF Image Totals (compressed)
     14198        630        462        152          0          0   ROM Totals

==============================================================================

    Total RO  Size (Code + RO Data)                14660 (  14.32kB)
    Total RW  Size (RW Data + ZI Data)              2016 (   1.97kB)
    Total ROM Size (Code + RO Data + RW Data)      14812 (  14.46kB)

==============================================================================

