Component: ARM Compiler 5.06 update 7 (build 960) Tool: armlink [4d3601]

==============================================================================

Section Cross References

    startup_stm32f10x_md.o(RESET) refers to startup_stm32f10x_md.o(STACK) for __initial_sp
    startup_stm32f10x_md.o(RESET) refers to startup_stm32f10x_md.o(.text) for Reset_Handler
    startup_stm32f10x_md.o(RESET) refers to stm32f10x_it.o(i.NMI_Handler) for NMI_Handler
    startup_stm32f10x_md.o(RESET) refers to stm32f10x_it.o(i.HardFault_Handler) for HardFault_Handler
    startup_stm32f10x_md.o(RESET) refers to stm32f10x_it.o(i.MemManage_Handler) for MemManage_Handler
    startup_stm32f10x_md.o(RESET) refers to stm32f10x_it.o(i.BusFault_Handler) for BusFault_Handler
    startup_stm32f10x_md.o(RESET) refers to stm32f10x_it.o(i.UsageFault_Handler) for UsageFault_Handler
    startup_stm32f10x_md.o(RESET) refers to stm32f10x_it.o(i.SVC_Handler) for SVC_Handler
    startup_stm32f10x_md.o(RESET) refers to stm32f10x_it.o(i.DebugMon_Handler) for DebugMon_Handler
    startup_stm32f10x_md.o(RESET) refers to stm32f10x_it.o(i.PendSV_Handler) for PendSV_Handler
    startup_stm32f10x_md.o(RESET) refers to stm32f10x_it.o(i.SysTick_Handler) for SysTick_Handler
    startup_stm32f10x_md.o(RESET) refers to int.o(i.EXTI0_IRQHandler) for EXTI0_IRQHandler
    startup_stm32f10x_md.o(RESET) refers to int.o(i.EXTI1_IRQHandler) for EXTI1_IRQHandler
    startup_stm32f10x_md.o(RESET) refers to int.o(i.EXTI4_IRQHandler) for EXTI4_IRQHandler
    startup_stm32f10x_md.o(RESET) refers to timer.o(i.TIM2_IRQHandler) for TIM2_IRQHandler
    startup_stm32f10x_md.o(RESET) refers to usart.o(i.USART1_IRQHandler) for USART1_IRQHandler
    startup_stm32f10x_md.o(RESET) refers to usart.o(i.USART2_IRQHandler) for USART2_IRQHandler
    startup_stm32f10x_md.o(.text) refers to system_stm32f10x.o(i.SystemInit) for SystemInit
    startup_stm32f10x_md.o(.text) refers to entry.o(.ARM.Collect$$$$00000000) for __main
    system_stm32f10x.o(i.SetSysClock) refers to system_stm32f10x.o(i.SetSysClockTo72) for SetSysClockTo72
    system_stm32f10x.o(i.SystemCoreClockUpdate) refers to system_stm32f10x.o(.data) for .data
    system_stm32f10x.o(i.SystemInit) refers to system_stm32f10x.o(i.SetSysClock) for SetSysClock
    stm32f10x_adc.o(i.ADC_DeInit) refers to stm32f10x_rcc.o(i.RCC_APB2PeriphResetCmd) for RCC_APB2PeriphResetCmd
    stm32f10x_bkp.o(i.BKP_DeInit) refers to stm32f10x_rcc.o(i.RCC_BackupResetCmd) for RCC_BackupResetCmd
    stm32f10x_can.o(i.CAN_DeInit) refers to stm32f10x_rcc.o(i.RCC_APB1PeriphResetCmd) for RCC_APB1PeriphResetCmd
    stm32f10x_can.o(i.CAN_GetITStatus) refers to stm32f10x_can.o(i.CheckITStatus) for CheckITStatus
    stm32f10x_cec.o(i.CEC_DeInit) refers to stm32f10x_rcc.o(i.RCC_APB1PeriphResetCmd) for RCC_APB1PeriphResetCmd
    stm32f10x_dac.o(i.DAC_DeInit) refers to stm32f10x_rcc.o(i.RCC_APB1PeriphResetCmd) for RCC_APB1PeriphResetCmd
    stm32f10x_flash.o(i.FLASH_EnableWriteProtection) refers to stm32f10x_flash.o(i.FLASH_WaitForLastOperation) for FLASH_WaitForLastOperation
    stm32f10x_flash.o(i.FLASH_EraseAllBank1Pages) refers to stm32f10x_flash.o(i.FLASH_WaitForLastBank1Operation) for FLASH_WaitForLastBank1Operation
    stm32f10x_flash.o(i.FLASH_EraseAllPages) refers to stm32f10x_flash.o(i.FLASH_WaitForLastOperation) for FLASH_WaitForLastOperation
    stm32f10x_flash.o(i.FLASH_EraseOptionBytes) refers to stm32f10x_flash.o(i.FLASH_GetReadOutProtectionStatus) for FLASH_GetReadOutProtectionStatus
    stm32f10x_flash.o(i.FLASH_EraseOptionBytes) refers to stm32f10x_flash.o(i.FLASH_WaitForLastOperation) for FLASH_WaitForLastOperation
    stm32f10x_flash.o(i.FLASH_ErasePage) refers to stm32f10x_flash.o(i.FLASH_WaitForLastOperation) for FLASH_WaitForLastOperation
    stm32f10x_flash.o(i.FLASH_ProgramHalfWord) refers to stm32f10x_flash.o(i.FLASH_WaitForLastOperation) for FLASH_WaitForLastOperation
    stm32f10x_flash.o(i.FLASH_ProgramOptionByteData) refers to stm32f10x_flash.o(i.FLASH_WaitForLastOperation) for FLASH_WaitForLastOperation
    stm32f10x_flash.o(i.FLASH_ProgramWord) refers to stm32f10x_flash.o(i.FLASH_WaitForLastOperation) for FLASH_WaitForLastOperation
    stm32f10x_flash.o(i.FLASH_ReadOutProtection) refers to stm32f10x_flash.o(i.FLASH_WaitForLastOperation) for FLASH_WaitForLastOperation
    stm32f10x_flash.o(i.FLASH_UserOptionByteConfig) refers to stm32f10x_flash.o(i.FLASH_WaitForLastOperation) for FLASH_WaitForLastOperation
    stm32f10x_flash.o(i.FLASH_WaitForLastBank1Operation) refers to stm32f10x_flash.o(i.FLASH_GetBank1Status) for FLASH_GetBank1Status
    stm32f10x_flash.o(i.FLASH_WaitForLastOperation) refers to stm32f10x_flash.o(i.FLASH_GetBank1Status) for FLASH_GetBank1Status
    stm32f10x_gpio.o(i.GPIO_AFIODeInit) refers to stm32f10x_rcc.o(i.RCC_APB2PeriphResetCmd) for RCC_APB2PeriphResetCmd
    stm32f10x_gpio.o(i.GPIO_DeInit) refers to stm32f10x_rcc.o(i.RCC_APB2PeriphResetCmd) for RCC_APB2PeriphResetCmd
[...]
    _printf_post_padding                     0x080022cd   Thumb Code    36  printfa.o(i._printf_post_padding)
    i._printf_pre_padding                    0x080022f0   Section        0  printfa.o(i._printf_pre_padding)
    _printf_pre_padding                      0x080022f1   Thumb Code    46  printfa.o(i._printf_pre_padding)
    i.act_get_dec_bit                        0x0800231e   Section        0  nnom_activation.o(i.act_get_dec_bit)
    i.act_leaky_relu                         0x08002338   Section        0  nnom_activation.o(i.act_leaky_relu)
    i.allocate_block                         0x08002368   Section        0  nnom.o(i.allocate_block)
    allocate_block                           0x08002369   Thumb Code    46  nnom.o(i.allocate_block)
    i.allocate_hook                          0x0800239c   Section        0  nnom.o(i.allocate_hook)
    allocate_hook                            0x0800239d   Thumb Code    44  nnom.o(i.allocate_hook)
    i.allocate_io                            0x080023c8   Section        0  nnom.o(i.allocate_io)
    allocate_io                              0x080023c9   Thumb Code    52  nnom.o(i.allocate_io)
    i.block_mem_set                          0x080023fc   Section        0  nnom.o(i.block_mem_set)
    i.check_model_version                    0x08002420   Section        0  nnom.o(i.check_model_version)
    i.compile_layers                         0x080024bc   Section        0  nnom.o(i.compile_layers)
    i.conv2d_build                           0x080026d6   Section        0  nnom_conv2d.o(i.conv2d_build)
    i.conv2d_free                            0x080027ca   Section        0  nnom_conv2d.o(i.conv2d_free)
    i.conv2d_run                             0x080027e4   Section        0  nnom_conv2d.o(i.conv2d_run)
    i.conv2d_s                               0x080028ec   Section        0  nnom_conv2d.o(i.conv2d_s)
    i.conv_output_length                     0x08002a34   Section        0  nnom_conv2d.o(i.conv_output_length)
    i.default_build                          0x08002a58   Section        0  nnom_baselayer.o(i.default_build)
    i.delay_ms                               0x08002aa2   Section        0  delay.o(i.delay_ms)
    i.delay_us                               0x08002abe   Section        0  delay.o(i.delay_us)
    i.delete_tensor                          0x08002ad6   Section        0  nnom_tensor.o(i.delete_tensor)
    i.dense_build                            0x08002ae0   Section        0  nnom_dense.o(i.dense_build)
    i.dense_free                             0x08002bb0   Section        0  nnom_dense.o(i.dense_free)
    i.dense_run                              0x08002bca   Section        0  nnom_dense.o(i.dense_run)
    i.dense_s                                0x08002c24   Section        0  nnom_dense.o(i.dense_s)
    i.dilation                               0x08002ca0   Section        0  nnom_layers.o(i.dilation)
    i.find_last                              0x08002ca6   Section        0  nnom.o(i.find_last)
    find_last                                0x08002ca7   Thumb Code    18  nnom.o(i.find_last)
    i.flatten_build                          0x08002cb8   Section        0  nnom_flatten.o(i.flatten_build)
    i.flatten_run                            0x08002d04   Section        0  nnom_flatten.o(i.flatten_run)
    i.flatten_s                              0x08002d08   Section        0  nnom_flatten.o(i.flatten_s)
    i.fputc                                  0x08002d18   Section        0  main.o(i.fputc)
    i.input_build                            0x08002d34   Section        0  nnom_input.o(i.input_build)
    i.input_run                              0x08002d5e   Section        0  nnom_input.o(i.input_run)
    i.input_s                                0x08002d7c   Section        0  nnom_input.o(i.input_s)
    i.io_init                                0x08002e70   Section        0  nnom_layers.o(i.io_init)
    i.io_mem_size                            0x08002e78   Section        0  nnom.o(i.io_mem_size)
    io_mem_size                              0x08002e79   Thumb Code    30  nnom.o(i.io_mem_size)
    i.kernel                                 0x08002e96   Section        0  nnom_layers.o(i.kernel)
    i.layer_run                              0x08002e9c   Section        0  nnom.o(i.layer_run)
    i.layer_shortcut_add                     0x08002ee0   Section        0  nnom.o(i.layer_shortcut_add)
    layer_shortcut_add                       0x08002ee1   Thumb Code    32  nnom.o(i.layer_shortcut_add)
    i.leaky_relu_run                         0x08002f00   Section        0  nnom_activation.o(i.leaky_relu_run)
    leaky_relu_run                           0x08002f01   Thumb Code    54  nnom_activation.o(i.leaky_relu_run)
    i.local_convolve_HWC_q15_nonsquare       0x08002f36   Section        0  nnom_local_q15.o(i.local_convolve_HWC_q15_nonsquare)
    i.local_convolve_HWC_q7_nonsquare        0x080030fc   Section        0  nnom_local.o(i.local_convolve_HWC_q7_nonsquare)
    i.local_fully_connected_q7_opt           0x080032ac   Section        0  nnom_local.o(i.local_fully_connected_q7_opt)
    i.local_leaky_relu_q15                   0x080034e4   Section        0  nnom_local_q15.o(i.local_leaky_relu_q15)
    i.local_leaky_relu_q7                    0x08003508   Section        0  nnom_local.o(i.local_leaky_relu_q7)
    i.local_maxpool_q7_HWC                   0x08003528   Section        0  nnom_local.o(i.local_maxpool_q7_HWC)
    i.local_softmax_q7                       0x080035d4   Section        0  nnom_local.o(i.local_softmax_q7)
    i.main                                   0x0800365c   Section        0  main.o(i.main)
    i.maxpool_build                          0x080037d0   Section        0  nnom_maxpool.o(i.maxpool_build)
    i.maxpool_run                            0x080038b0   Section        0  nnom_maxpool.o(i.maxpool_run)
    i.maxpool_s                              0x08003906   Section        0  nnom_maxpool.o(i.maxpool_s)
    i.mem_analysis_result                    0x08003968   Section        0  nnom.o(i.mem_analysis_result)
    i.model_active                           0x080039f4   Section        0  nnom.o(i.model_active)
    model_active                             0x080039f5   Thumb Code     8  nnom.o(i.model_active)
    i.model_add                              0x080039fc   Section        0  nnom.o(i.model_add)
    model_add                                0x080039fd   Thumb Code    50  nnom.o(i.model_add)
    i.model_compile                          0x08003a34   Section        0  nnom.o(i.model_compile)
    i.model_hook                             0x08003c1c   Section        0  nnom.o(i.model_hook)
    model_hook                               0x08003c1d   Thumb Code    40  nnom.o(i.model_hook)
    i.model_merge                            0x08003c44   Section        0  nnom.o(i.model_merge)
    model_merge                              0x08003c45   Thumb Code    10  nnom.o(i.model_merge)
    i.model_mergex                           0x08003c4e   Section        0  nnom.o(i.model_mergex)
    model_mergex                             0x08003c4f   Thumb Code    52  nnom.o(i.model_mergex)
    i.model_run                              0x08003c82   Section        0  nnom.o(i.model_run)
    i.model_run_to                           0x08003c88   Section        0  nnom.o(i.model_run_to)
    i.model_set_ops                          0x08003d94   Section        0  nnom.o(i.model_set_ops)
    model_set_ops                            0x08003d95   Thumb Code    34  nnom.o(i.model_set_ops)
    i.new_model                              0x08003db8   Section        0  nnom.o(i.new_model)
    i.new_tensor                             0x08003e0c   Section        0  nnom_tensor.o(i.new_tensor)
    i.nnom_alignto                           0x08003e9c   Section        0  nnom.o(i.nnom_alignto)
    i.nnom_feed_input                        0x08003eb8   Section        0  main.o(i.nnom_feed_input)
    i.nnom_free                              0x08004038   Section        0  nnom.o(i.nnom_free)
    i.nnom_get_output                        0x0800403c   Section        0  main.o(i.nnom_get_output)
    i.nnom_hook_length                       0x080040cc   Section        0  nnom.o(i.nnom_hook_length)
    i.nnom_malloc                            0x080040e0   Section        0  nnom.o(i.nnom_malloc)
    i.nnom_mem                               0x08004120   Section        0  nnom.o(i.nnom_mem)
    i.nnom_model_create                      0x0800414c   Section        0  main.o(i.nnom_model_create)
    nnom_model_create                        0x0800414d   Thumb Code   186  main.o(i.nnom_model_create)
    i.nnom_set_static_buf                    0x08004214   Section        0  nnom.o(i.nnom_set_static_buf)
    i.output_run                             0x08004224   Section        0  nnom_output.o(i.output_run)
    i.output_s                               0x08004244   Section        0  nnom_output.o(i.output_s)
    i.print_layer_info                       0x08004274   Section        0  nnom.o(i.print_layer_info)
    print_layer_info                         0x08004275   Thumb Code   288  nnom.o(i.print_layer_info)
    i.print_memory_block_info                0x0800443c   Section        0  nnom.o(i.print_memory_block_info)
    print_memory_block_info                  0x0800443d   Thumb Code    64  nnom.o(i.print_memory_block_info)
    i.read_key                               0x08004490   Section        0  main.o(i.read_key)
    i.release_block                          0x08004660   Section        0  nnom.o(i.release_block)
    release_block                            0x08004661   Thumb Code    20  nnom.o(i.release_block)
    i.release_comp_mem                       0x08004674   Section        0  nnom.o(i.release_comp_mem)
    release_comp_mem                         0x08004675   Thumb Code    14  nnom.o(i.release_comp_mem)
    i.release_input_mem                      0x08004682   Section        0  nnom.o(i.release_input_mem)
    release_input_mem                        0x08004683   Thumb Code    20  nnom.o(i.release_input_mem)
    i.round                                  0x08004698   Section        0  round.o(i.round)
    i.send_data_init                         0x0800472c   Section        0  24l01.o(i.send_data_init)
    i.send_result                            0x08004748   Section        0  main.o(i.send_result)
    i.set_tailed_activation                  0x080049b0   Section        0  nnom.o(i.set_tailed_activation)
    i.shape                                  0x08004a04   Section        0  nnom_layers.o(i.shape)
    i.softmax_build                          0x08004a1e   Section        0  nnom_softmax.o(i.softmax_build)
    i.softmax_run                            0x08004a58   Section        0  nnom_softmax.o(i.softmax_run)
    i.softmax_s                              0x08004a7a   Section        0  nnom_softmax.o(i.softmax_s)
    i.spi2_send_byte_fun                     0x08004a8c   Section        0  spi.o(i.spi2_send_byte_fun)
    i.stride                                 0x08004ac0   Section        0  nnom_layers.o(i.stride)
    i.tensor_cpy_attr                        0x08004ac6   Section        0  nnom_tensor.o(i.tensor_cpy_attr)
    i.tensor_get_num_channel                 0x08004b1c   Section        0  nnom_tensor.o(i.tensor_get_num_channel)
    i.tensor_mem_set                         0x08004b28   Section        0  nnom.o(i.tensor_mem_set)
    i.tensor_set_attr                        0x08004b5a   Section        0  nnom_tensor.o(i.tensor_set_attr)
    i.tensor_set_attr_v                      0x08004ba4   Section        0  nnom_tensor.o(i.tensor_set_attr_v)
    i.tensor_size                            0x08004bce   Section        0  nnom_tensor.o(i.tensor_size)
    .constdata                               0x08004bf0   Section        4  main.o(.constdata)
    .constdata                               0x08004bf4   Section        4  main.o(.constdata)
    .constdata                               0x08004bf8   Section        4  main.o(.constdata)
    .constdata                               0x08004bfc   Section       20  main.o(.constdata)
    .constdata                               0x08004c10   Section      144  main.o(.constdata)
    .constdata                               0x08004ca0   Section      270  main.o(.constdata)
    .constdata                               0x08004dae   Section        6  main.o(.constdata)
    .constdata                               0x08004db4   Section        4  main.o(.constdata)
    .constdata                               0x08004db8   Section        4  main.o(.constdata)
    .constdata                               0x08004dbc   Section       20  main.o(.constdata)
    .constdata                               0x08004dd0   Section       30  main.o(.constdata)
    .constdata                               0x08004dee   Section        2  main.o(.constdata)
    .constdata                               0x08004df0   Section        4  main.o(.constdata)
    .constdata                               0x08004df4   Section        4  main.o(.constdata)
    .constdata                               0x08004df8   Section       20  main.o(.constdata)
    .constdata                               0x08004e0c   Section        4  main.o(.constdata)
    .constdata                               0x08004e10   Section        4  main.o(.constdata)
    .constdata                               0x08004e14   Section     1350  main.o(.constdata)
    .constdata                               0x0800535a   Section        6  main.o(.constdata)
    .constdata                               0x08005360   Section        4  main.o(.constdata)
    .constdata                               0x08005364   Section        4  main.o(.constdata)
    .constdata                               0x08005368   Section       20  main.o(.constdata)
    .constdata                               0x0800537c   Section       15  main.o(.constdata)
    .constdata                               0x0800538c   Section        2  main.o(.constdata)
    .constdata                               0x08005390   Section        4  main.o(.constdata)
    .constdata                               0x08005394   Section        4  main.o(.constdata)
    .constdata                               0x08005398   Section       20  main.o(.constdata)
    .constdata                               0x080053ac   Section        4  main.o(.constdata)
    .constdata                               0x080053b0   Section        4  main.o(.constdata)
    .constdata                               0x080053b4   Section      600  main.o(.constdata)
    .constdata                               0x0800560c   Section        4  main.o(.constdata)
    .constdata                               0x08005610   Section        4  main.o(.constdata)
    .constdata                               0x08005614   Section        4  main.o(.constdata)
    .constdata                               0x08005618   Section       20  main.o(.constdata)
    .constdata                               0x0800562c   Section       10  main.o(.constdata)
    .constdata                               0x08005636   Section        2  main.o(.constdata)
    .constdata                               0x08005638   Section        4  main.o(.constdata)
    .constdata                               0x0800563c   Section        4  main.o(.constdata)
    .constdata                               0x08005640   Section       20  main.o(.constdata)
    .constdata                               0x08005654   Section        4  main.o(.constdata)
    .constdata                               0x08005658   Section        4  main.o(.constdata)
    .constdata                               0x0800565c   Section        2  main.o(.constdata)
    .constdata                               0x08005660   Section        4  main.o(.constdata)
    .constdata                               0x08005664   Section        4  main.o(.constdata)
    .constdata                               0x08005668   Section       20  main.o(.constdata)
    .constdata                               0x0800567c   Section      492  nnom.o(.constdata)
    .constdata                               0x08005868   Section        4  nnom_dense.o(.constdata)
    .conststring                             0x0800586c   Section       76  main.o(.conststring)
    .conststring                             0x080058b8   Section      701  nnom.o(.conststring)
    .data                                    0x20000000   Section       20  stm32f10x_rcc.o(.data)
    ADCPrescTable                            0x20000000   Data           4  stm32f10x_rcc.o(.data)
    APBAHBPrescTable                         0x20000004   Data          16  stm32f10x_rcc.o(.data)
    .data                                    0x20000014   Section       13  24l01.o(.data)
    .data                                    0x20000021   Section        1  usart.o(.data)
    .data                                    0x20000022   Section        1  usart.o(.data)
    .data                                    0x20000023   Section        1  usart.o(.data)
    .data                                    0x20000024   Section        1  usart.o(.data)
    .data                                    0x20000025   Section        1  usart.o(.data)
    .data                                    0x20000026   Section        1  usart.o(.data)
    .data                                    0x20000027   Section        1  usart.o(.data)
    .data                                    0x20000028   Section        1  usart.o(.data)
    .data                                    0x2000002c   Section       32  main.o(.data)
    .data                                    0x2000004c   Section       16  nnom.o(.data)
    nnom_static_buf                          0x20000050   Data           4  nnom.o(.data)
    nnom_static_buf_size                     0x20000054   Data           4  nnom.o(.data)
    nnom_static_buf_curr                     0x20000058   Data           4  nnom.o(.data)
    .data                                    0x2000005c   Section        4  stdout.o(.data)
    .bss                                     0x20000060   Section    11052  main.o(.bss)
    nnom_input_data                          0x20000060   Data         300  main.o(.bss)
    nnom_output_data                         0x2000018c   Data          10  main.o(.bss)
    model                                    0x20000b04   Data         136  main.o(.bss)
    nnom_buffer                              0x20000b8c   Data        8192  main.o(.bss)
    STACK                                    0x20002b90   Section     1024  startup_stm32f10x_md.o(STACK)

    Global Symbols

    Symbol Name                              Value     Ov Type        Size  Object(Section)

    BuildAttributes$$THM_ISAv4$P$D$K$B$S$PE$A:L22UL41UL21$X:L11$S22US41US21$IEEE1$IW$USESV6$~STKCKD$USESV7$~SHL$OTIME$ROPI$IEEEJ$EBA8$MICROLIB$REQ8$PRES8$EABIv2 0x00000000   Number         0  anon$$obj.o ABSOLUTE
    __ARM_use_no_argv                        0x00000000   Number         0  main.o ABSOLUTE
    _printf_a                                0x00000000   Number         0  stubs.o ABSOLUTE
    _printf_c                                0x00000000   Number         0  stubs.o ABSOLUTE
    _printf_charcount                        0x00000000   Number         0  stubs.o ABSOLUTE
    _printf_d                                0x00000000   Number         0  stubs.o ABSOLUTE
    _printf_e                                0x00000000   Number         0  stubs.o ABSOLUTE
    _printf_f                                0x00000000   Number         0  stubs.o ABSOLUTE
    _printf_flags                            0x00000000   Number         0  stubs.o ABSOLUTE
    _printf_fp_dec                           0x00000000   Number         0  stubs.o ABSOLUTE
    _printf_fp_hex                           0x00000000   Number         0  stubs.o ABSOLUTE
    _printf_g                                0x00000000   Number         0  stubs.o ABSOLUTE
    _printf_i                                0x00000000   Number         0  stubs.o ABSOLUTE
    _printf_int_dec                          0x00000000   Number         0  stubs.o ABSOLUTE
    _printf_l                                0x00000000   Number         0  stubs.o ABSOLUTE
    _printf_lc                               0x00000000   Number         0  stubs.o ABSOLUTE
    _printf_ll                               0x00000000   Number         0  stubs.o ABSOLUTE
    _printf_lld                              0x00000000   Number         0  stubs.o ABSOLUTE
    _printf_lli                              0x00000000   Number         0  stubs.o ABSOLUTE
    _printf_llo                              0x00000000   Number         0  stubs.o ABSOLUTE
    _printf_llu                              0x00000000   Number         0  stubs.o ABSOLUTE
    _printf_llx                              0x00000000   Number         0  stubs.o ABSOLUTE
    _printf_longlong_dec                     0x00000000   Number         0  stubs.o ABSOLUTE
    _printf_longlong_hex                     0x00000000   Number         0  stubs.o ABSOLUTE
    _printf_longlong_oct                     0x00000000   Number         0  stubs.o ABSOLUTE
    _printf_ls                               0x00000000   Number         0  stubs.o ABSOLUTE
    _printf_mbtowc                           0x00000000   Number         0  stubs.o ABSOLUTE
    _printf_n                                0x00000000   Number         0  stubs.o ABSOLUTE
    _printf_o                                0x00000000   Number         0  stubs.o ABSOLUTE
    _printf_p                                0x00000000   Number         0  stubs.o ABSOLUTE
    _printf_percent                          0x00000000   Number         0  stubs.o ABSOLUTE
    _printf_pre_padding                      0x00000000   Number         0  stubs.o ABSOLUTE
    _printf_return_value                     0x00000000   Number         0  stubs.o ABSOLUTE
    _printf_s                                0x00000000   Number         0  stubs.o ABSOLUTE
    _printf_sizespec                         0x00000000   Number         0  stubs.o ABSOLUTE
    _printf_str                              0x00000000   Number         0  stubs.o ABSOLUTE
    _printf_truncate_signed                  0x00000000   Number         0  stubs.o ABSOLUTE
    _printf_truncate_unsigned                0x00000000   Number         0  stubs.o ABSOLUTE
    _printf_u                                0x00000000   Number         0  stubs.o ABSOLUTE
    _printf_wc                               0x00000000   Number         0  stubs.o ABSOLUTE
    _printf_wctomb                           0x00000000   Number         0  stubs.o ABSOLUTE
    _printf_widthprec                        0x00000000   Number         0  stubs.o ABSOLUTE
    _printf_x                                0x00000000   Number         0  stubs.o ABSOLUTE
    __arm_fini_                               - Undefined Weak Reference
    __cpp_initialize__aeabi_                  - Undefined Weak Reference
    __cxa_finalize                            - Undefined Weak Reference
    __decompress                              - Undefined Weak Reference
    _clock_init                               - Undefined Weak Reference
    _microlib_exit                            - Undefined Weak Reference
    __Vectors_Size                           0x000000ec   Number         0  startup_stm32f10x_md.o ABSOLUTE
    __Vectors                                0x08000000   Data           4  startup_stm32f10x_md.o(RESET)
    __Vectors_End                            0x080000ec   Data           0  startup_stm32f10x_md.o(RESET)
    __main                                   0x080000ed   Thumb Code     0  entry.o(.ARM.Collect$$$$00000000)
    _main_stk                                0x080000ed   Thumb Code     0  entry2.o(.ARM.Collect$$$$00000001)
    _main_scatterload                        0x080000f1   Thumb Code     0  entry5.o(.ARM.Collect$$$$00000004)
    __main_after_scatterload                 0x080000f5   Thumb Code     0  entry5.o(.ARM.Collect$$$$00000004)
    _main_clock                              0x080000f5   Thumb Code     0  entry7b.o(.ARM.Collect$$$$00000008)
    _main_cpp_init                           0x080000f5   Thumb Code     0  entry8b.o(.ARM.Collect$$$$0000000A)
    _main_init                               0x080000f5   Thumb Code     0  entry9a.o(.ARM.Collect$$$$0000000B)
    __rt_lib_shutdown_fini                   0x080000fd   Thumb Code     0  entry12b.o(.ARM.Collect$$$$0000000E)
    __rt_final_cpp                           0x08000101   Thumb Code     0  entry10a.o(.ARM.Collect$$$$0000000F)
    __rt_final_exit                          0x08000101   Thumb Code     0  entry11a.o(.ARM.Collect$$$$00000011)
    Reset_Handler                            0x08000105   Thumb Code     8  startup_stm32f10x_md.o(.text)
    ADC1_2_IRQHandler                        0x0800011f   Thumb Code     0  startup_stm32f10x_md.o(.text)
    CAN1_RX1_IRQHandler                      0x0800011f   Thumb Code     0  startup_stm32f10x_md.o(.text)
    CAN1_SCE_IRQHandler                      0x0800011f   Thumb Code     0  startup_stm32f10x_md.o(.text)
    DMA1_Channel1_IRQHandler                 0x0800011f   Thumb Code     0  startup_stm32f10x_md.o(.text)
    DMA1_Channel2_IRQHandler                 0x0800011f   Thumb Code     0  startup_stm32f10x_md.o(.text)
    DMA1_Channel3_IRQHandler                 0x0800011f   Thumb Code     0  startup_stm32f10x_md.o(.text)
    DMA1_Channel4_IRQHandler                 0x0800011f   Thumb Code     0  startup_stm32f10x_md.o(.text)
    DMA1_Channel5_IRQHandler                 0x0800011f   Thumb Code     0  startup_stm32f10x_md.o(.text)
    DMA1_Channel6_IRQHandler                 0x0800011f   Thumb Code     0  startup_stm32f10x_md.o(.text)
    DMA1_Channel7_IRQHandler                 0x0800011f   Thumb Code     0  startup_stm32f10x_md.o(.text)
    EXTI15_10_IRQHandler                     0x0800011f   Thumb Code     0  startup_stm32f10x_md.o(.text)
    EXTI2_IRQHandler                         0x0800011f   Thumb Code     0  startup_stm32f10x_md.o(.text)
    EXTI3_IRQHandler                         0x0800011f   Thumb Code     0  startup_stm32f10x_md.o(.text)
    EXTI9_5_IRQHandler                       0x0800011f   Thumb Code     0  startup_stm32f10x_md.o(.text)
    FLASH_IRQHandler                         0x0800011f   Thumb Code     0  startup_stm32f10x_md.o(.text)
    I2C1_ER_IRQHandler                       0x0800011f   Thumb Code     0  startup_stm32f10x_md.o(.text)
    I2C1_EV_IRQHandler                       0x0800011f   Thumb Code     0  startup_stm32f10x_md.o(.text)
    I2C2_ER_IRQHandler                       0x0800011f   Thumb Code     0  startup_stm32f10x_md.o(.text)
    I2C2_EV_IRQHandler                       0x0800011f   Thumb Code     0  startup_stm32f10x_md.o(.text)
    PVD_IRQHandler                           0x0800011f   Thumb Code     0  startup_stm32f10x_md.o(.text)
    RCC_IRQHandler                           0x0800011f   Thumb Code     0  startup_stm32f10x_md.o(.text)
    RTCAlarm_IRQHandler                      0x0800011f   Thumb Code     0  startup_stm32f10x_md.o(.text)
    RTC_IRQHandler                           0x0800011f   Thumb Code     0  startup_stm32f10x_md.o(.text)
    SPI1_IRQHandler                          0x0800011f   Thumb Code     0  startup_stm32f10x_md.o(.text)
    SPI2_IRQHandler                          0x0800011f   Thumb Code     0  startup_stm32f10x_md.o(.text)
    TAMPER_IRQHandler                        0x0800011f   Thumb Code     0  startup_stm32f10x_md.o(.text)
    TIM1_BRK_IRQHandler                      0x0800011f   Thumb Code     0  startup_stm32f10x_md.o(.text)
    TIM1_CC_IRQHandler                       0x0800011f   Thumb Code     0  startup_stm32f10x_md.o(.text)
    TIM1_TRG_COM_IRQHandler                  0x0800011f   Thumb Code     0  startup_stm32f10x_md.o(.text)
    TIM1_UP_IRQHandler                       0x0800011f   Thumb Code     0  startup_stm32f10x_md.o(.text)
    TIM3_IRQHandler                          0x0800011f   Thumb Code     0  startup_stm32f10x_md.o(.text)
    TIM4_IRQHandler                          0x0800011f   Thumb Code     0  startup_stm32f10x_md.o(.text)
    USART3_IRQHandler                        0x0800011f   Thumb Code     0  startup_stm32f10x_md.o(.text)
    USBWakeUp_IRQHandler                     0x0800011f   Thumb Code     0  startup_stm32f10x_md.o(.text)
    USB_HP_CAN1_TX_IRQHandler                0x0800011f   Thumb Code     0  startup_stm32f10x_md.o(.text)
    USB_LP_CAN1_RX0_IRQHandler               0x0800011f   Thumb Code     0  startup_stm32f10x_md.o(.text)
    WWDG_IRQHandler                          0x0800011f   Thumb Code     0  startup_stm32f10x_md.o(.text)
    __aeabi_uldivmod                         0x08000129   Thumb Code    98  uldiv.o(.text)
    __aeabi_lasr                             0x0800018b   Thumb Code    36  llsshr.o(.text)
    _ll_sshift_r                             0x0800018b   Thumb Code     0  llsshr.o(.text)
    __aeabi_memcpy                           0x080001af   Thumb Code    36  memcpya.o(.text)
    __aeabi_memcpy4                          0x080001af   Thumb Code     0  memcpya.o(.text)
    __aeabi_memcpy8                          0x080001af   Thumb Code     0  memcpya.o(.text)
    __aeabi_memset                           0x080001d3   Thumb Code    14  memseta.o(.text)
    __aeabi_memset4                          0x080001d3   Thumb Code     0  memseta.o(.text)
    __aeabi_memset8                          0x080001d3   Thumb Code     0  memseta.o(.text)
    __aeabi_memclr                           0x080001e1   Thumb Code     4  memseta.o(.text)
    __aeabi_memclr4                          0x080001e1   Thumb Code     0  memseta.o(.text)
    __aeabi_memclr8                          0x080001e1   Thumb Code     0  memseta.o(.text)
    _memset$wrapper                          0x080001e5   Thumb Code    18  memseta.o(.text)
    __aeabi_fadd                             0x080001f7   Thumb Code   164  fadd.o(.text)
    __aeabi_fsub                             0x0800029b   Thumb Code     6  fadd.o(.text)
    __aeabi_frsub                            0x080002a1   Thumb Code     6  fadd.o(.text)
    __aeabi_fmul                             0x080002a7   Thumb Code   100  fmul.o(.text)
    __aeabi_fdiv                             0x0800030b   Thumb Code   124  fdiv.o(.text)
    __ARM_scalbnf                            0x08000387   Thumb Code    24  fscalb.o(.text)
    scalbnf                                  0x08000387   Thumb Code     0  fscalb.o(.text)
    __aeabi_dmul                             0x0800039f   Thumb Code   228  dmul.o(.text)
    __aeabi_i2f                              0x08000483   Thumb Code    18  fflti.o(.text)
    __aeabi_f2iz                             0x08000495   Thumb Code    50  ffixi.o(.text)
    __aeabi_d2iz                             0x080004c7   Thumb Code    62  dfixi.o(.text)
    __aeabi_f2d                              0x08000505   Thumb Code    38  f2d.o(.text)
    __aeabi_cfrcmple                         0x0800052d   Thumb Code    20  cfrcmple.o(.text)
    __aeabi_uidiv                            0x08000541   Thumb Code     0  uidiv.o(.text)
    __aeabi_uidivmod                         0x08000541   Thumb Code    44  uidiv.o(.text)
    __aeabi_llsl                             0x0800056d   Thumb Code    30  llshl.o(.text)
    _ll_shift_l                              0x0800056d   Thumb Code     0  llshl.o(.text)
    __aeabi_llsr                             0x0800058b   Thumb Code    32  llushr.o(.text)
    _ll_ushift_r                             0x0800058b   Thumb Code     0  llushr.o(.text)
    __I$use$fp                               0x080005ab   Thumb Code     0  iusefp.o(.text)
    _float_round                             0x080005ab   Thumb Code    18  fepilogue.o(.text)
    _float_epilogue                          0x080005bd   Thumb Code    92  fepilogue.o(.text)
    _double_round                            0x08000619   Thumb Code    30  depilogue.o(.text)
    _double_epilogue                         0x08000637   Thumb Code   156  depilogue.o(.text)
    __aeabi_dadd                             0x080006d3   Thumb Code   322  dadd.o(.text)
    __aeabi_dsub                             0x08000815   Thumb Code     6  dadd.o(.text)
    __aeabi_drsub                            0x0800081b   Thumb Code     6  dadd.o(.text)
    __aeabi_ddiv                             0x08000821   Thumb Code   222  ddiv.o(.text)
    _drnd                                    0x08000901   Thumb Code   132  drnd.o(.text)
    __aeabi_d2ulz                            0x08000989   Thumb Code    48  dfixul.o(.text)
    __aeabi_cdcmpeq                          0x080009b9   Thumb Code     0  cdcmple.o(.text)
    __aeabi_cdcmple                          0x080009b9   Thumb Code    48  cdcmple.o(.text)
    __aeabi_cdrcmple                         0x080009e9   Thumb Code    48  cdrcmple.o(.text)
    __scatterload                            0x08000a19   Thumb Code    28  init.o(.text)
    __scatterload_rt2                        0x08000a19   Thumb Code     0  init.o(.text)
    BusFault_Handler                         0x08000a3d   Thumb Code     2  stm32f10x_it.o(i.BusFault_Handler)
    DebugMon_Handler                         0x08000a3f   Thumb Code     2  stm32f10x_it.o(i.DebugMon_Handler)
    Delay_us                                 0x08000a41   Thumb Code    32  mydelay.o(i.Delay_us)
    EXTI0_IRQHandler                         0x08000a61   Thumb Code     6  int.o(i.EXTI0_IRQHandler)
    EXTI1_IRQHandler                         0x08000a67   Thumb Code     6  int.o(i.EXTI1_IRQHandler)
    EXTI4_IRQHandler                         0x08000a6d   Thumb Code     6  int.o(i.EXTI4_IRQHandler)
    EXTI_ClearITPendingBit                   0x08000a75   Thumb Code     6  stm32f10x_exti.o(i.EXTI_ClearITPendingBit)
    Flatten                                  0x08000a81   Thumb Code    66  nnom_flatten.o(i.Flatten)
    GPIO_Init                                0x08000acd   Thumb Code   166  stm32f10x_gpio.o(i.GPIO_Init)
    GPIO_ReadInputDataBit                    0x08000b73   Thumb Code    14  stm32f10x_gpio.o(i.GPIO_ReadInputDataBit)
    GPIO_ResetBits                           0x08000b81   Thumb Code     4  stm32f10x_gpio.o(i.GPIO_ResetBits)
    GPIO_SetBits                             0x08000b85   Thumb Code     4  stm32f10x_gpio.o(i.GPIO_SetBits)
    GPIO_WriteBit                            0x08000b89   Thumb Code    12  stm32f10x_gpio.o(i.GPIO_WriteBit)
    GPIO_init                                0x08000b95   Thumb Code   172  gpio.o(i.GPIO_init)
    HardFault_Handler                        0x08000c55   Thumb Code     2  stm32f10x_it.o(i.HardFault_Handler)
    MPU6050_GetData                          0x08000c57   Thumb Code   146  mpu6050.o(i.MPU6050_GetData)
    MPU6050_Init                             0x08000ce9   Thumb Code    58  mpu6050.o(i.MPU6050_Init)
    MPU6050_ReadReg                          0x08000d23   Thumb Code    62  mpu6050.o(i.MPU6050_ReadReg)
    MPU6050_WriteReg                         0x08000d61   Thumb Code    48  mpu6050.o(i.MPU6050_WriteReg)
    MaxPool                                  0x08000d91   Thumb Code   164  nnom_maxpool.o(i.MaxPool)
    MemManage_Handler                        0x08000e3d   Thumb Code     2  stm32f10x_it.o(i.MemManage_Handler)
    MyI2C_Init                               0x08000e41   Thumb Code    48  myi2c.o(i.MyI2C_Init)
    MyI2C_R_SDA                              0x08000e75   Thumb Code    22  myi2c.o(i.MyI2C_R_SDA)
    MyI2C_ReceiveAck                         0x08000e91   Thumb Code    30  myi2c.o(i.MyI2C_ReceiveAck)
    MyI2C_ReceiveByte                        0x08000eaf   Thumb Code   204  myi2c.o(i.MyI2C_ReceiveByte)
    MyI2C_SendAck                            0x08000f7b   Thumb Code    22  myi2c.o(i.MyI2C_SendAck)
    MyI2C_SendByte                           0x08000f91   Thumb Code   168  myi2c.o(i.MyI2C_SendByte)
    MyI2C_Start                              0x08001039   Thumb Code    30  myi2c.o(i.MyI2C_Start)
    MyI2C_Stop                               0x08001057   Thumb Code    24  myi2c.o(i.MyI2C_Stop)
    MyI2C_W_SCL                              0x08001071   Thumb Code    22  myi2c.o(i.MyI2C_W_SCL)
    MyI2C_W_SDA                              0x0800108d   Thumb Code    22  myi2c.o(i.MyI2C_W_SDA)
    NMI_Handler                              0x080010a9   Thumb Code     2  stm32f10x_it.o(i.NMI_Handler)
    NVIC_Init                                0x080010ad   Thumb Code    96  misc.o(i.NVIC_Init)
    NVIC_PriorityGroupConfig                 0x08001111   Thumb Code    10  misc.o(i.NVIC_PriorityGroupConfig)
    PendSV_Handler                           0x08001125   Thumb Code     2  stm32f10x_it.o(i.PendSV_Handler)
    RCC_APB1PeriphClockCmd                   0x08001129   Thumb Code    22  stm32f10x_rcc.o(i.RCC_APB1PeriphClockCmd)
    RCC_APB2PeriphClockCmd                   0x08001145   Thumb Code    22  stm32f10x_rcc.o(i.RCC_APB2PeriphClockCmd)
    RCC_GetClocksFreq                        0x08001161   Thumb Code   154  stm32f10x_rcc.o(i.RCC_GetClocksFreq)
    SPI2_Init_fun                            0x0800120d   Thumb Code   200  spi.o(i.SPI2_Init_fun)
    SPI_Cmd                                  0x080012dd   Thumb Code    24  stm32f10x_spi.o(i.SPI_Cmd)
    SPI_I2S_GetFlagStatus                    0x080012f5   Thumb Code    14  stm32f10x_spi.o(i.SPI_I2S_GetFlagStatus)
    SPI_I2S_ReceiveData                      0x08001303   Thumb Code     4  stm32f10x_spi.o(i.SPI_I2S_ReceiveData)
    SPI_I2S_SendData                         0x08001307   Thumb Code     4  stm32f10x_spi.o(i.SPI_I2S_SendData)
    SPI_Init                                 0x0800130b   Thumb Code    56  stm32f10x_spi.o(i.SPI_Init)
    SPI_Write_Buf                            0x08001345   Thumb Code    66  24l01.o(i.SPI_Write_Buf)
    SPI_Write_Reg                            0x0800138d   Thumb Code    50  24l01.o(i.SPI_Write_Reg)
    SVC_Handler                              0x080013c5   Thumb Code     2  stm32f10x_it.o(i.SVC_Handler)
    Send_2401                                0x080013c9   Thumb Code    90  24l01.o(i.Send_2401)
    Softmax                                  0x080014e5   Thumb Code    64  nnom_softmax.o(i.Softmax)
    SysTick_Handler                          0x0800152d   Thumb Code     2  stm32f10x_it.o(i.SysTick_Handler)
    SystemInit                               0x08001531   Thumb Code    64  system_stm32f10x.o(i.SystemInit)
    TIM2_IRQHandler                          0x08001581   Thumb Code   108  timer.o(i.TIM2_IRQHandler)
    TIM_ClearITPendingBit                    0x08001611   Thumb Code     6  stm32f10x_tim.o(i.TIM_ClearITPendingBit)
    TIM_GetITStatus                          0x08001617   Thumb Code    24  stm32f10x_tim.o(i.TIM_GetITStatus)
    TX_2401_init_send                        0x08001631   Thumb Code   310  24l01.o(i.TX_2401_init_send)
    USART1_IRQHandler                        0x08001775   Thumb Code    46  usart.o(i.USART1_IRQHandler)
    USART1_config                            0x080017a9   Thumb Code   184  usart.o(i.USART1_config)
    USART2_IRQHandler                        0x08001869   Thumb Code    46  usart.o(i.USART2_IRQHandler)
    USART_ClearFlag                          0x0800189d   Thumb Code     8  stm32f10x_usart.o(i.USART_ClearFlag)
    USART_Cmd                                0x080018a5   Thumb Code    24  stm32f10x_usart.o(i.USART_Cmd)
    USART_GetITStatus                        0x080018bd   Thumb Code    64  stm32f10x_usart.o(i.USART_GetITStatus)
    USART_ITConfig                           0x080018fd   Thumb Code    54  stm32f10x_usart.o(i.USART_ITConfig)
    USART_Init                               0x08001935   Thumb Code   182  stm32f10x_usart.o(i.USART_Init)
    USART_ReceiveData                        0x080019f1   Thumb Code     8  stm32f10x_usart.o(i.USART_ReceiveData)
    USART_SendData                           0x080019f9   Thumb Code     8  stm32f10x_usart.o(i.USART_SendData)
    UsageFault_Handler                       0x08001a01   Thumb Code     2  stm32f10x_it.o(i.UsageFault_Handler)
    __0printf                                0x08001a05   Thumb Code    22  printfa.o(i.__0printf)
    __1printf                                0x08001a05   Thumb Code     0  printfa.o(i.__0printf)
    __2printf                                0x08001a05   Thumb Code     0  printfa.o(i.__0printf)
    __c89printf                              0x08001a05   Thumb Code     0  printfa.o(i.__0printf)
    printf                                   0x08001a05   Thumb Code     0  printfa.o(i.__0printf)
    __scatterload_copy                       0x08001a75   Thumb Code    14  handlers.o(i.__scatterload_copy)
    __scatterload_null                       0x08001a83   Thumb Code     2  handlers.o(i.__scatterload_null)
    __scatterload_zeroinit                   0x08001a85   Thumb Code    14  handlers.o(i.__scatterload_zeroinit)
    act_get_dec_bit                          0x0800231f   Thumb Code    24  nnom_activation.o(i.act_get_dec_bit)
    act_leaky_relu                           0x08002339   Thumb Code    44  nnom_activation.o(i.act_leaky_relu)
    block_mem_set                            0x080023fd   Thumb Code    34  nnom.o(i.block_mem_set)
    check_model_version                      0x08002421   Thumb Code    62  nnom.o(i.check_model_version)
    compile_layers                           0x080024bd   Thumb Code   538  nnom.o(i.compile_layers)
    conv2d_build                             0x080026d7   Thumb Code   244  nnom_conv2d.o(i.conv2d_build)
    conv2d_free                              0x080027cb   Thumb Code    26  nnom_conv2d.o(i.conv2d_free)
    conv2d_run                               0x080027e5   Thumb Code   262  nnom_conv2d.o(i.conv2d_run)
    conv2d_s                                 0x080028ed   Thumb Code   314  nnom_conv2d.o(i.conv2d_s)
    conv_output_length                       0x08002a35   Thumb Code    36  nnom_conv2d.o(i.conv_output_length)
    default_build                            0x08002a59   Thumb Code    74  nnom_baselayer.o(i.default_build)
    delay_ms                                 0x08002aa3   Thumb Code    28  delay.o(i.delay_ms)
    delay_us                                 0x08002abf   Thumb Code    24  delay.o(i.delay_us)
    delete_tensor                            0x08002ad7   Thumb Code    10  nnom_tensor.o(i.delete_tensor)
    dense_build                              0x08002ae1   Thumb Code   202  nnom_dense.o(i.dense_build)
    dense_free                               0x08002bb1   Thumb Code    26  nnom_dense.o(i.dense_free)
    dense_run                                0x08002bcb   Thumb Code    90  nnom_dense.o(i.dense_run)
    dense_s                                  0x08002c25   Thumb Code   110  nnom_dense.o(i.dense_s)
    dilation                                 0x08002ca1   Thumb Code     6  nnom_layers.o(i.dilation)
    flatten_build                            0x08002cb9   Thumb Code    76  nnom_flatten.o(i.flatten_build)
    flatten_run                              0x08002d05   Thumb Code     4  nnom_flatten.o(i.flatten_run)
    flatten_s                                0x08002d09   Thumb Code    16  nnom_flatten.o(i.flatten_s)
    fputc                                    0x08002d19   Thumb Code    24  main.o(i.fputc)
    input_build                              0x08002d35   Thumb Code    42  nnom_input.o(i.input_build)
    input_run                                0x08002d5f   Thumb Code    30  nnom_input.o(i.input_run)
    input_s                                  0x08002d7d   Thumb Code   234  nnom_input.o(i.input_s)
    io_init                                  0x08002e71   Thumb Code     8  nnom_layers.o(i.io_init)
    kernel                                   0x08002e97   Thumb Code     6  nnom_layers.o(i.kernel)
    layer_run                                0x08002e9d   Thumb Code    44  nnom.o(i.layer_run)
    local_convolve_HWC_q15_nonsquare         0x08002f37   Thumb Code   454  nnom_local_q15.o(i.local_convolve_HWC_q15_nonsquare)
    local_convolve_HWC_q7_nonsquare          0x080030fd   Thumb Code   432  nnom_local.o(i.local_convolve_HWC_q7_nonsquare)
    local_fully_connected_q7_opt             0x080032ad   Thumb Code   568  nnom_local.o(i.local_fully_connected_q7_opt)
    local_leaky_relu_q15                     0x080034e5   Thumb Code    36  nnom_local_q15.o(i.local_leaky_relu_q15)
    local_leaky_relu_q7                      0x08003509   Thumb Code    32  nnom_local.o(i.local_leaky_relu_q7)
    local_maxpool_q7_HWC                     0x08003529   Thumb Code   172  nnom_local.o(i.local_maxpool_q7_HWC)
    local_softmax_q7                         0x080035d5   Thumb Code   136  nnom_local.o(i.local_softmax_q7)
    main                                     0x0800365d   Thumb Code   320  main.o(i.main)
    maxpool_build                            0x080037d1   Thumb Code   224  nnom_maxpool.o(i.maxpool_build)
    maxpool_run                              0x080038b1   Thumb Code    86  nnom_maxpool.o(i.maxpool_run)
    maxpool_s                                0x08003907   Thumb Code    98  nnom_maxpool.o(i.maxpool_s)
    mem_analysis_result                      0x08003969   Thumb Code    52  nnom.o(i.mem_analysis_result)
    model_compile                            0x08003a35   Thumb Code   218  nnom.o(i.model_compile)
    model_run                                0x08003c83   Thumb Code     6  nnom.o(i.model_run)
    model_run_to                             0x08003c89   Thumb Code   138  nnom.o(i.model_run_to)
    new_model                                0x08003db9   Thumb Code    62  nnom.o(i.new_model)
    new_tensor                               0x08003e0d   Thumb Code   106  nnom_tensor.o(i.new_tensor)
    nnom_alignto                             0x08003e9d   Thumb Code    26  nnom.o(i.nnom_alignto)
    nnom_feed_input                          0x08003eb9   Thumb Code   348  main.o(i.nnom_feed_input)
    nnom_free                                0x08004039   Thumb Code     2  nnom.o(i.nnom_free)
    nnom_get_output                          0x0800403d   Thumb Code   104  main.o(i.nnom_get_output)
    nnom_hook_length                         0x080040cd   Thumb Code    20  nnom.o(i.nnom_hook_length)
    nnom_malloc                              0x080040e1   Thumb Code    52  nnom.o(i.nnom_malloc)
    nnom_mem                                 0x08004121   Thumb Code    40  nnom.o(i.nnom_mem)
    nnom_set_static_buf                      0x08004215   Thumb Code    12  nnom.o(i.nnom_set_static_buf)
    output_run                               0x08004225   Thumb Code    30  nnom_output.o(i.output_run)
    output_s                                 0x08004245   Thumb Code    40  nnom_output.o(i.output_s)
    read_key                                 0x08004491   Thumb Code   428  main.o(i.read_key)
    round                                    0x08004699   Thumb Code   136  round.o(i.round)
    send_data_init                           0x0800472d   Thumb Code    24  24l01.o(i.send_data_init)
    send_result                              0x08004749   Thumb Code   456  main.o(i.send_result)
    set_tailed_activation                    0x080049b1   Thumb Code    58  nnom.o(i.set_tailed_activation)
    shape                                    0x08004a05   Thumb Code    26  nnom_layers.o(i.shape)
    softmax_build                            0x08004a1f   Thumb Code    58  nnom_softmax.o(i.softmax_build)
    softmax_run                              0x08004a59   Thumb Code    34  nnom_softmax.o(i.softmax_run)
    softmax_s                                0x08004a7b   Thumb Code    16  nnom_softmax.o(i.softmax_s)
    spi2_send_byte_fun                       0x08004a8d   Thumb Code    48  spi.o(i.spi2_send_byte_fun)
    stride                                   0x08004ac1   Thumb Code     6  nnom_layers.o(i.stride)
    tensor_cpy_attr                          0x08004ac7   Thumb Code    86  nnom_tensor.o(i.tensor_cpy_attr)
    tensor_get_num_channel                   0x08004b1d   Thumb Code    12  nnom_tensor.o(i.tensor_get_num_channel)
    tensor_mem_set                           0x08004b29   Thumb Code    50  nnom.o(i.tensor_mem_set)
    tensor_set_attr                          0x08004b5b   Thumb Code    74  nnom_tensor.o(i.tensor_set_attr)
    tensor_set_attr_v                        0x08004ba5   Thumb Code    42  nnom_tensor.o(i.tensor_set_attr_v)
    tensor_size                              0x08004bcf   Thumb Code    34  nnom_tensor.o(i.tensor_size)
    tensor_input_1_dim                       0x08004bf0   Data           4  main.o(.constdata)
    tensor_input_1_dec                       0x08004bf4   Data           4  main.o(.constdata)
    tensor_input_1_offset                    0x08004bf8   Data           4  main.o(.constdata)
    tensor_input_1                           0x08004bfc   Data          20  main.o(.constdata)
    flatten_config                           0x08004c10   Data           4  main.o(.constdata)
    softmax_config                           0x08004c14   Data           4  main.o(.constdata)
    input_1_config                           0x08004c18   Data           8  main.o(.constdata)
    output0_config                           0x08004c20   Data           8  main.o(.constdata)
    conv1d_config                            0x08004c28   Data          40  main.o(.constdata)
    conv1d_1_config                          0x08004c50   Data          40  main.o(.constdata)
    max_pooling1d_config                     0x08004c78   Data          16  main.o(.constdata)
    dense_config                             0x08004c88   Data          24  main.o(.constdata)
    tensor_conv1d_kernel_0_data              0x08004ca0   Data         270  main.o(.constdata)
    tensor_conv1d_kernel_0_dim               0x08004dae   Data           6  main.o(.constdata)
    tensor_conv1d_kernel_0_dec               0x08004db4   Data           4  main.o(.constdata)
    tensor_conv1d_kernel_0_offset            0x08004db8   Data           4  main.o(.constdata)
    tensor_conv1d_kernel_0                   0x08004dbc   Data          20  main.o(.constdata)
    tensor_conv1d_bias_0_data                0x08004dd0   Data          30  main.o(.constdata)
    tensor_conv1d_bias_0_dim                 0x08004dee   Data           2  main.o(.constdata)
    tensor_conv1d_bias_0_dec                 0x08004df0   Data           4  main.o(.constdata)
    tensor_conv1d_bias_0_offset              0x08004df4   Data           4  main.o(.constdata)
    tensor_conv1d_bias_0                     0x08004df8   Data          20  main.o(.constdata)
    conv1d_output_shift                      0x08004e0c   Data           4  main.o(.constdata)
    conv1d_bias_shift                        0x08004e10   Data           4  main.o(.constdata)
    tensor_conv1d_1_kernel_0_data            0x08004e14   Data        1350  main.o(.constdata)
    tensor_conv1d_1_kernel_0_dim             0x0800535a   Data           6  main.o(.constdata)
    tensor_conv1d_1_kernel_0_dec             0x08005360   Data           4  main.o(.constdata)
    tensor_conv1d_1_kernel_0_offset          0x08005364   Data           4  main.o(.constdata)
    tensor_conv1d_1_kernel_0                 0x08005368   Data          20  main.o(.constdata)
    tensor_conv1d_1_bias_0_data              0x0800537c   Data          15  main.o(.constdata)
    tensor_conv1d_1_bias_0_dim               0x0800538c   Data           2  main.o(.constdata)
    tensor_conv1d_1_bias_0_dec               0x08005390   Data           4  main.o(.constdata)
    tensor_conv1d_1_bias_0_offset            0x08005394   Data           4  main.o(.constdata)
    tensor_conv1d_1_bias_0                   0x08005398   Data          20  main.o(.constdata)
    conv1d_1_output_shift                    0x080053ac   Data           4  main.o(.constdata)
    conv1d_1_bias_shift                      0x080053b0   Data           4  main.o(.constdata)
    tensor_dense_kernel_0_data               0x080053b4   Data         600  main.o(.constdata)
    tensor_dense_kernel_0_dim                0x0800560c   Data           4  main.o(.constdata)
    tensor_dense_kernel_0_dec                0x08005610   Data           4  main.o(.constdata)
    tensor_dense_kernel_0_offset             0x08005614   Data           4  main.o(.constdata)
    tensor_dense_kernel_0                    0x08005618   Data          20  main.o(.constdata)
    tensor_dense_bias_0_data                 0x0800562c   Data          10  main.o(.constdata)
    tensor_dense_bias_0_dim                  0x08005636   Data           2  main.o(.constdata)
    tensor_dense_bias_0_dec                  0x08005638   Data           4  main.o(.constdata)
    tensor_dense_bias_0_offset               0x0800563c   Data           4  main.o(.constdata)
    tensor_dense_bias_0                      0x08005640   Data          20  main.o(.constdata)
    dense_output_shift                       0x08005654   Data           4  main.o(.constdata)
    dense_bias_shift                         0x08005658   Data           4  main.o(.constdata)
    tensor_output0_dim                       0x0800565c   Data           2  main.o(.constdata)
    tensor_output0_dec                       0x08005660   Data           4  main.o(.constdata)
    tensor_output0_offset                    0x08005664   Data           4  main.o(.constdata)
    tensor_output0                           0x08005668   Data          20  main.o(.constdata)
    default_layer_names                      0x0800567c   Data         396  nnom.o(.constdata)
    default_activation_names                 0x08005808   Data          64  nnom.o(.constdata)
    default_cell_names                       0x08005848   Data          32  nnom.o(.constdata)
    Region$$Table$$Base                      0x08005b78   Number         0  anon$$obj.o(Region$$Table)
    Region$$Table$$Limit                     0x08005b98   Number         0  anon$$obj.o(Region$$Table)
    TX_ADDRESS                               0x20000014   Data           5  24l01.o(.data)
    TX_data                                  0x20000019   Data           8  24l01.o(.data)
    USART1_count                             0x20000021   Data           1  usart.o(.data)
    usart1_race_start_bit                    0x20000022   Data           1  usart.o(.data)
    usart1_race_over_bit                     0x20000023   Data           1  usart.o(.data)
    usart1_race_time                         0x20000024   Data           1  usart.o(.data)
    USART2_count                             0x20000025   Data           1  usart.o(.data)
    usart2_race_start_bit                    0x20000026   Data           1  usart.o(.data)
    usart2_race_over_bit                     0x20000027   Data           1  usart.o(.data)
    usart2_race_time                         0x20000028   Data           1  usart.o(.data)
    isRecording                              0x2000002c   Data           1  main.o(.data)
    result                                   0x2000002d   Data           1  main.o(.data)
    motion_index                             0x2000002e   Data           1  main.o(.data)
    AX                                       0x20000030   Data           2  main.o(.data)
    AY                                       0x20000032   Data           2  main.o(.data)
    AZ                                       0x20000034   Data           2  main.o(.data)
    GX                                       0x20000036   Data           2  main.o(.data)
    GY                                       0x20000038   Data           2  main.o(.data)
    GZ                                       0x2000003a   Data           2  main.o(.data)
    model                                    0x2000003c   Data           4  main.o(.data)
    key_new                                  0x20000040   Data           6  main.o(.data)
    key_old                                  0x20000046   Data           6  main.o(.data)
    nnom_memory_taken                        0x2000004c   Data           4  nnom.o(.data)
    __stdout                                 0x2000005c   Data           4  stdout.o(.data)
    mpu6050_acc                              0x20000198   Data        1200  main.o(.bss)
    calibration_mean                         0x20000648   Data          12  main.o(.bss)
    filtered_acc                             0x20000654   Data        1200  main.o(.bss)
    __initial_sp                             0x20002f90   Data           0  startup_stm32f10x_md.o(STACK)



==============================================================================

Memory Map of the image

  Image Entry point : 0x080000ed

  Load Region LR_IROM1 (Base: 0x08000000, Size: 0x00005bf8, Max: 0x00010000, ABSOLUTE)

    Execution Region ER_IROM1 (Exec base: 0x08000000, Load base: 0x08000000, Size: 0x00005b98, Max: 0x00010000, ABSOLUTE)

    Exec Addr    Load Addr    Size         Type   Attr      Idx    E Section Name        Object

    0x08000000   0x08000000   0x000000ec   Data   RO            3    RESET               startup_stm32f10x_md.o
    0x080000ec   0x080000ec   0x00000000   Code   RO         6236  * .ARM.Collect$$$$00000000  mc_w.l(entry.o)
    0x080000ec   0x080000ec   0x00000004   Code   RO         6534    .ARM.Collect$$$$00000001  mc_w.l(entry2.o)
    0x080000f0   0x080000f0   0x00000004   Code   RO         6537    .ARM.Collect$$$$00000004  mc_w.l(entry5.o)
    0x080000f4   0x080000f4   0x00000000   Code   RO         6539    .ARM.Collect$$$$00000008  mc_w.l(entry7b.o)
    0x080000f4   0x080000f4   0x00000000   Code   RO         6541    .ARM.Collect$$$$0000000A  mc_w.l(entry8b.o)
    0x080000f4   0x080000f4   0x00000008   Code   RO         6542    .ARM.Collect$$$$0000000B  mc_w.l(entry9a.o)
    0x080000fc   0x080000fc   0x00000004   Code   RO         6549    .ARM.Collect$$$$0000000E  mc_w.l(entry12b.o)
    0x08000100   0x08000100   0x00000000   Code   RO         6544    .ARM.Collect$$$$0000000F  mc_w.l(entry10a.o)
    0x08000100   0x08000100   0x00000000   Code   RO         6546    .ARM.Collect$$$$00000011  mc_w.l(entry11a.o)
    0x08000100   0x08000100   0x00000004   Code   RO         6535    .ARM.Collect$$$$00002712  mc_w.l(entry2.o)
    0x08000104   0x08000104   0x00000024   Code   RO            4    .text               startup_stm32f10x_md.o
    0x08000128   0x08000128   0x00000062   Code   RO         6239    .text               mc_w.l(uldiv.o)
    0x0800018a   0x0800018a   0x00000024   Code   RO         6243    .text               mc_w.l(llsshr.o)
    0x080001ae   0x080001ae   0x00000024   Code   RO         6245    .text               mc_w.l(memcpya.o)
    0x080001d2   0x080001d2   0x00000024   Code   RO         6247    .text               mc_w.l(memseta.o)
    0x080001f6   0x080001f6   0x000000b0   Code   RO         6512    .text               mf_w.l(fadd.o)
    0x080002a6   0x080002a6   0x00000064   Code   RO         6514    .text               mf_w.l(fmul.o)
    0x0800030a   0x0800030a   0x0000007c   Code   RO         6516    .text               mf_w.l(fdiv.o)
    0x08000386   0x08000386   0x00000018   Code   RO         6518    .text               mf_w.l(fscalb.o)
    0x0800039e   0x0800039e   0x000000e4   Code   RO         6520    .text               mf_w.l(dmul.o)
    0x08000482   0x08000482   0x00000012   Code   RO         6522    .text               mf_w.l(fflti.o)
    0x08000494   0x08000494   0x00000032   Code   RO         6524    .text               mf_w.l(ffixi.o)
    0x080004c6   0x080004c6   0x0000003e   Code   RO         6526    .text               mf_w.l(dfixi.o)
    0x08000504   0x08000504   0x00000026   Code   RO         6528    .text               mf_w.l(f2d.o)
    0x0800052a   0x0800052a   0x00000002   PAD
    0x0800052c   0x0800052c   0x00000014   Code   RO         6532    .text               mf_w.l(cfrcmple.o)
    0x08000540   0x08000540   0x0000002c   Code   RO         6551    .text               mc_w.l(uidiv.o)
    0x0800056c   0x0800056c   0x0000001e   Code   RO         6553    .text               mc_w.l(llshl.o)
    0x0800058a   0x0800058a   0x00000020   Code   RO         6555    .text               mc_w.l(llushr.o)
    0x080005aa   0x080005aa   0x00000000   Code   RO         6557    .text               mc_w.l(iusefp.o)
    0x080005aa   0x080005aa   0x0000006e   Code   RO         6558    .text               mf_w.l(fepilogue.o)
    0x08000618   0x08000618   0x000000ba   Code   RO         6560    .text               mf_w.l(depilogue.o)
    0x080006d2   0x080006d2   0x0000014e   Code   RO         6562    .text               mf_w.l(dadd.o)
    0x08000820   0x08000820   0x000000de   Code   RO         6564    .text               mf_w.l(ddiv.o)
    0x080008fe   0x080008fe   0x00000002   PAD
    0x08000900   0x08000900   0x00000088   Code   RO         6566    .text               mf_w.l(drnd.o)
    0x08000988   0x08000988   0x00000030   Code   RO         6568    .text               mf_w.l(dfixul.o)
    0x080009b8   0x080009b8   0x00000030   Code   RO         6570    .text               mf_w.l(cdcmple.o)
    0x080009e8   0x080009e8   0x00000030   Code   RO         6572    .text               mf_w.l(cdrcmple.o)
    0x08000a18   0x08000a18   0x00000024   Code   RO         6574    .text               mc_w.l(init.o)
    0x08000a3c   0x08000a3c   0x00000002   Code   RO         4022    i.BusFault_Handler  stm32f10x_it.o
    0x08000a3e   0x08000a3e   0x00000002   Code   RO         4023    i.DebugMon_Handler  stm32f10x_it.o
    0x08000a40   0x08000a40   0x00000020   Code   RO         3484    i.Delay_us          mydelay.o
    0x08000a60   0x08000a60   0x00000006   Code   RO         3443    i.EXTI0_IRQHandler  int.o
    0x08000a66   0x08000a66   0x00000006   Code   RO         3444    i.EXTI1_IRQHandler  int.o
    0x08000a6c   0x08000a6c   0x00000006   Code   RO         3445    i.EXTI4_IRQHandler  int.o
    0x08000a72   0x08000a72   0x00000002   PAD
    0x08000a74   0x08000a74   0x0000000c   Code   RO          985    i.EXTI_ClearITPendingBit  stm32f10x_exti.o
    0x08000a80   0x08000a80   0x0000004c   Code   RO         5718    i.Flatten           nnom_flatten.o
    0x08000acc   0x08000acc   0x000000a6   Code   RO         1347    i.GPIO_Init         stm32f10x_gpio.o
    0x08000b72   0x08000b72   0x0000000e   Code   RO         1351    i.GPIO_ReadInputDataBit  stm32f10x_gpio.o
    0x08000b80   0x08000b80   0x00000004   Code   RO         1354    i.GPIO_ResetBits    stm32f10x_gpio.o
    0x08000b84   0x08000b84   0x00000004   Code   RO         1355    i.GPIO_SetBits      stm32f10x_gpio.o
    0x08000b88   0x08000b88   0x0000000c   Code   RO         1358    i.GPIO_WriteBit     stm32f10x_gpio.o
    0x08000b94   0x08000b94   0x000000c0   Code   RO         3431    i.GPIO_init         gpio.o
    0x08000c54   0x08000c54   0x00000002   Code   RO         4024    i.HardFault_Handler  stm32f10x_it.o
    0x08000c56   0x08000c56   0x00000092   Code   RO         3304    i.MPU6050_GetData   mpu6050.o
    0x08000ce8   0x08000ce8   0x0000003a   Code   RO         3306    i.MPU6050_Init      mpu6050.o
    0x08000d22   0x08000d22   0x0000003e   Code   RO         3307    i.MPU6050_ReadReg   mpu6050.o
    0x08000d60   0x08000d60   0x00000030   Code   RO         3308    i.MPU6050_WriteReg  mpu6050.o
    0x08000d90   0x08000d90   0x000000ac   Code   RO         5976    i.MaxPool           nnom_maxpool.o
    0x08000e3c   0x08000e3c   0x00000002   Code   RO         4025    i.MemManage_Handler  stm32f10x_it.o
    0x08000e3e   0x08000e3e   0x00000002   PAD
    0x08000e40   0x08000e40   0x00000034   Code   RO         3506    i.MyI2C_Init        myi2c.o
    0x08000e74   0x08000e74   0x0000001c   Code   RO         3507    i.MyI2C_R_SDA       myi2c.o
    0x08000e90   0x08000e90   0x0000001e   Code   RO         3508    i.MyI2C_ReceiveAck  myi2c.o
    0x08000eae   0x08000eae   0x000000cc   Code   RO         3509    i.MyI2C_ReceiveByte  myi2c.o
    0x08000f7a   0x08000f7a   0x00000016   Code   RO         3510    i.MyI2C_SendAck     myi2c.o
    0x08000f90   0x08000f90   0x000000a8   Code   RO         3511    i.MyI2C_SendByte    myi2c.o
    0x08001038   0x08001038   0x0000001e   Code   RO         3512    i.MyI2C_Start       myi2c.o
    0x08001056   0x08001056   0x00000018   Code   RO         3513    i.MyI2C_Stop        myi2c.o
    0x0800106e   0x0800106e   0x00000002   PAD
    0x08001070   0x08001070   0x0000001c   Code   RO         3514    i.MyI2C_W_SCL       myi2c.o
    0x0800108c   0x0800108c   0x0000001c   Code   RO         3515    i.MyI2C_W_SDA       myi2c.o
    0x080010a8   0x080010a8   0x00000002   Code   RO         4026    i.NMI_Handler       stm32f10x_it.o
    0x080010aa   0x080010aa   0x00000002   PAD
    0x080010ac   0x080010ac   0x00000064   Code   RO          137    i.NVIC_Init         misc.o
    0x08001110   0x08001110   0x00000014   Code   RO          138    i.NVIC_PriorityGroupConfig  misc.o
    0x08001124   0x08001124   0x00000002   Code   RO         4027    i.PendSV_Handler    stm32f10x_it.o
    0x08001126   0x08001126   0x00000002   PAD
    0x08001128   0x08001128   0x0000001c   Code   RO         1775    i.RCC_APB1PeriphClockCmd  stm32f10x_rcc.o
    0x08001144   0x08001144   0x0000001c   Code   RO         1777    i.RCC_APB2PeriphClockCmd  stm32f10x_rcc.o
    0x08001160   0x08001160   0x000000ac   Code   RO         1785    i.RCC_GetClocksFreq  stm32f10x_rcc.o
    0x0800120c   0x0800120c   0x000000d0   Code   RO         3578    i.SPI2_Init_fun     spi.o
    0x080012dc   0x080012dc   0x00000018   Code   RO         2263    i.SPI_Cmd           stm32f10x_spi.o
    0x080012f4   0x080012f4   0x0000000e   Code   RO         2271    i.SPI_I2S_GetFlagStatus  stm32f10x_spi.o
    0x08001302   0x08001302   0x00000004   Code   RO         2274    i.SPI_I2S_ReceiveData  stm32f10x_spi.o
    0x08001306   0x08001306   0x00000004   Code   RO         2275    i.SPI_I2S_SendData  stm32f10x_spi.o
    0x0800130a   0x0800130a   0x00000038   Code   RO         2276    i.SPI_Init          stm32f10x_spi.o
    0x08001342   0x08001342   0x00000002   PAD
    0x08001344   0x08001344   0x00000048   Code   RO         3346    i.SPI_Write_Buf     24l01.o
    0x0800138c   0x0800138c   0x00000038   Code   RO         3347    i.SPI_Write_Reg     24l01.o
    0x080013c4   0x080013c4   0x00000002   Code   RO         4028    i.SVC_Handler       stm32f10x_it.o
    0x080013c6   0x080013c6   0x00000002   PAD
    0x080013c8   0x080013c8   0x00000068   Code   RO         3348    i.Send_2401         24l01.o
    0x08001430   0x08001430   0x00000004   Code   RO           24    i.SetSysClock       system_stm32f10x.o
    0x08001434   0x08001434   0x000000b0   Code   RO           25    i.SetSysClockTo72   system_stm32f10x.o
    0x080014e4   0x080014e4   0x00000048   Code   RO         6114    i.Softmax           nnom_softmax.o
    0x0800152c   0x0800152c   0x00000002   Code   RO         4029    i.SysTick_Handler   stm32f10x_it.o
    0x0800152e   0x0800152e   0x00000002   PAD
    0x08001530   0x08001530   0x00000050   Code   RO           27    i.SystemInit        system_stm32f10x.o
    0x08001580   0x08001580   0x00000090   Code   RO         3617    i.TIM2_IRQHandler   timer.o
    0x08001610   0x08001610   0x00000006   Code   RO         2416    i.TIM_ClearITPendingBit  stm32f10x_tim.o
    0x08001616   0x08001616   0x00000018   Code   RO         2442    i.TIM_GetITStatus   stm32f10x_tim.o
    0x0800162e   0x0800162e   0x00000002   PAD
    0x08001630   0x08001630   0x00000144   Code   RO         3349    i.TX_2401_init_send  24l01.o
    0x08001774   0x08001774   0x00000034   Code   RO         3639    i.USART1_IRQHandler  usart.o
    0x080017a8   0x080017a8   0x000000c0   Code   RO         3640    i.USART1_config     usart.o
    0x08001868   0x08001868   0x00000034   Code   RO         3642    i.USART2_IRQHandler  usart.o
    0x0800189c   0x0800189c   0x00000008   Code   RO         2956    i.USART_ClearFlag   stm32f10x_usart.o
    0x080018a4   0x080018a4   0x00000018   Code   RO         2960    i.USART_Cmd         stm32f10x_usart.o
    0x080018bc   0x080018bc   0x00000040   Code   RO         2964    i.USART_GetITStatus  stm32f10x_usart.o
    0x080018fc   0x080018fc   0x00000036   Code   RO         2966    i.USART_ITConfig    stm32f10x_usart.o
    0x08001932   0x08001932   0x00000002   PAD
    0x08001934   0x08001934   0x000000bc   Code   RO         2967    i.USART_Init        stm32f10x_usart.o
    0x080019f0   0x080019f0   0x00000008   Code   RO         2974    i.USART_ReceiveData  stm32f10x_usart.o
    0x080019f8   0x080019f8   0x00000008   Code   RO         2977    i.USART_SendData    stm32f10x_usart.o
    0x08001a00   0x08001a00   0x00000002   Code   RO         4030    i.UsageFault_Handler  stm32f10x_it.o
    0x08001a02   0x08001a02   0x00000002   PAD
    0x08001a04   0x08001a04   0x00000020   Code   RO         6484    i.__0printf         mc_w.l(printfa.o)
    0x08001a24   0x08001a24   0x0000001c   Code   RO         4085    i.__NNOM_SSAT       nnom_local.o
    0x08001a40   0x08001a40   0x0000001c   Code   RO         4437    i.__NNOM_SSAT       nnom_local_q15.o
    0x08001a5c   0x08001a5c   0x00000018   Code   RO         4086    i.__NNOM_USAT       nnom_local.o
    0x08001a74   0x08001a74   0x0000000e   Code   RO         6578    i.__scatterload_copy  mc_w.l(handlers.o)
    0x08001a82   0x08001a82   0x00000002   Code   RO         6579    i.__scatterload_null  mc_w.l(handlers.o)
    0x08001a84   0x08001a84   0x0000000e   Code   RO         6580    i.__scatterload_zeroinit  mc_w.l(handlers.o)
    0x08001a92   0x08001a92   0x00000002   PAD
    0x08001a94   0x08001a94   0x00000184   Code   RO         6491    i._fp_digits        mc_w.l(printfa.o)
    0x08001c18   0x08001c18   0x000006b4   Code   RO         6492    i._printf_core      mc_w.l(printfa.o)
    0x080022cc   0x080022cc   0x00000024   Code   RO         6493    i._printf_post_padding  mc_w.l(printfa.o)
    0x080022f0   0x080022f0   0x0000002e   Code   RO         6494    i._printf_pre_padding  mc_w.l(printfa.o)
    0x0800231e   0x0800231e   0x00000018   Code   RO         5309    i.act_get_dec_bit   nnom_activation.o
    0x08002336   0x08002336   0x00000002   PAD
    0x08002338   0x08002338   0x00000030   Code   RO         5312    i.act_leaky_relu    nnom_activation.o
    0x08002368   0x08002368   0x00000034   Code   RO         4684    i.allocate_block    nnom.o
    0x0800239c   0x0800239c   0x0000002c   Code   RO         4685    i.allocate_hook     nnom.o
    0x080023c8   0x080023c8   0x00000034   Code   RO         4686    i.allocate_io       nnom.o
    0x080023fc   0x080023fc   0x00000022   Code   RO         4687    i.block_mem_set     nnom.o
    0x0800241e   0x0800241e   0x00000002   PAD
    0x08002420   0x08002420   0x0000009c   Code   RO         4688    i.check_model_version  nnom.o
    0x080024bc   0x080024bc   0x0000021a   Code   RO         4689    i.compile_layers    nnom.o
    0x080026d6   0x080026d6   0x000000f4   Code   RO         5544    i.conv2d_build      nnom_conv2d.o
    0x080027ca   0x080027ca   0x0000001a   Code   RO         5545    i.conv2d_free       nnom_conv2d.o
    0x080027e4   0x080027e4   0x00000106   Code   RO         5546    i.conv2d_run        nnom_conv2d.o
    0x080028ea   0x080028ea   0x00000002   PAD
    0x080028ec   0x080028ec   0x00000148   Code   RO         5547    i.conv2d_s          nnom_conv2d.o
    0x08002a34   0x08002a34   0x00000024   Code   RO         5548    i.conv_output_length  nnom_conv2d.o
    0x08002a58   0x08002a58   0x0000004a   Code   RO         5482    i.default_build     nnom_baselayer.o
    0x08002aa2   0x08002aa2   0x0000001c   Code   RO         3413    i.delay_ms          delay.o
    0x08002abe   0x08002abe   0x00000018   Code   RO         3414    i.delay_us          delay.o
    0x08002ad6   0x08002ad6   0x0000000a   Code   RO         5070    i.delete_tensor     nnom_tensor.o
    0x08002ae0   0x08002ae0   0x000000d0   Code   RO         5652    i.dense_build       nnom_dense.o
    0x08002bb0   0x08002bb0   0x0000001a   Code   RO         5653    i.dense_free        nnom_dense.o
    0x08002bca   0x08002bca   0x0000005a   Code   RO         5654    i.dense_run         nnom_dense.o
    0x08002c24   0x08002c24   0x0000007c   Code   RO         5655    i.dense_s           nnom_dense.o
    0x08002ca0   0x08002ca0   0x00000006   Code   RO         5016    i.dilation          nnom_layers.o
    0x08002ca6   0x08002ca6   0x00000012   Code   RO         4690    i.find_last         nnom.o
    0x08002cb8   0x08002cb8   0x0000004c   Code   RO         5719    i.flatten_build     nnom_flatten.o
    0x08002d04   0x08002d04   0x00000004   Code   RO         5720    i.flatten_run       nnom_flatten.o
    0x08002d08   0x08002d08   0x00000010   Code   RO         5721    i.flatten_s         nnom_flatten.o
    0x08002d18   0x08002d18   0x0000001c   Code   RO         3699    i.fputc             main.o
    0x08002d34   0x08002d34   0x0000002a   Code   RO         5827    i.input_build       nnom_input.o
    0x08002d5e   0x08002d5e   0x0000001e   Code   RO         5828    i.input_run         nnom_input.o
    0x08002d7c   0x08002d7c   0x000000f4   Code   RO         5829    i.input_s           nnom_input.o
    0x08002e70   0x08002e70   0x00000008   Code   RO         5018    i.io_init           nnom_layers.o
    0x08002e78   0x08002e78   0x0000001e   Code   RO         4692    i.io_mem_size       nnom.o
    0x08002e96   0x08002e96   0x00000006   Code   RO         5019    i.kernel            nnom_layers.o
    0x08002e9c   0x08002e9c   0x00000044   Code   RO         4695    i.layer_run         nnom.o
    0x08002ee0   0x08002ee0   0x00000020   Code   RO         4696    i.layer_shortcut_add  nnom.o
    0x08002f00   0x08002f00   0x00000036   Code   RO         5322    i.leaky_relu_run    nnom_activation.o
    0x08002f36   0x08002f36   0x000001c6   Code   RO         4448    i.local_convolve_HWC_q15_nonsquare  nnom_local_q15.o
    0x080030fc   0x080030fc   0x000001b0   Code   RO         4094    i.local_convolve_HWC_q7_nonsquare  nnom_local.o
    0x080032ac   0x080032ac   0x00000238   Code   RO         4102    i.local_fully_connected_q7_opt  nnom_local.o
    0x080034e4   0x080034e4   0x00000024   Code   RO         4459    i.local_leaky_relu_q15  nnom_local_q15.o
    0x08003508   0x08003508   0x00000020   Code   RO         4105    i.local_leaky_relu_q7  nnom_local.o
    0x08003528   0x08003528   0x000000ac   Code   RO         4107    i.local_maxpool_q7_HWC  nnom_local.o
    0x080035d4   0x080035d4   0x00000088   Code   RO         4117    i.local_softmax_q7  nnom_local.o
    0x0800365c   0x0800365c   0x00000174   Code   RO         3701    i.main              main.o
    0x080037d0   0x080037d0   0x000000e0   Code   RO         5977    i.maxpool_build     nnom_maxpool.o
    0x080038b0   0x080038b0   0x00000056   Code   RO         5978    i.maxpool_run       nnom_maxpool.o
    0x08003906   0x08003906   0x00000062   Code   RO         5979    i.maxpool_s         nnom_maxpool.o
    0x08003968   0x08003968   0x0000008c   Code   RO         4697    i.mem_analysis_result  nnom.o
    0x080039f4   0x080039f4   0x00000008   Code   RO         4698    i.model_active      nnom.o
    0x080039fc   0x080039fc   0x00000038   Code   RO         4699    i.model_add         nnom.o
    0x08003a34   0x08003a34   0x000001e8   Code   RO         4700    i.model_compile     nnom.o
    0x08003c1c   0x08003c1c   0x00000028   Code   RO         4703    i.model_hook        nnom.o
    0x08003c44   0x08003c44   0x0000000a   Code   RO         4704    i.model_merge       nnom.o
    0x08003c4e   0x08003c4e   0x00000034   Code   RO         4705    i.model_mergex      nnom.o
    0x08003c82   0x08003c82   0x00000006   Code   RO         4706    i.model_run         nnom.o
    0x08003c88   0x08003c88   0x0000010c   Code   RO         4707    i.model_run_to      nnom.o
    0x08003d94   0x08003d94   0x00000022   Code   RO         4709    i.model_set_ops     nnom.o
    0x08003db6   0x08003db6   0x00000002   PAD
    0x08003db8   0x08003db8   0x00000054   Code   RO         4710    i.new_model         nnom.o
    0x08003e0c   0x08003e0c   0x00000090   Code   RO         5072    i.new_tensor        nnom_tensor.o
    0x08003e9c   0x08003e9c   0x0000001a   Code   RO         4711    i.nnom_alignto      nnom.o
    0x08003eb6   0x08003eb6   0x00000002   PAD
    0x08003eb8   0x08003eb8   0x00000180   Code   RO         3702    i.nnom_feed_input   main.o
    0x08004038   0x08004038   0x00000002   Code   RO         4712    i.nnom_free         nnom.o
    0x0800403a   0x0800403a   0x00000002   PAD
    0x0800403c   0x0800403c   0x00000090   Code   RO         3703    i.nnom_get_output   main.o
    0x080040cc   0x080040cc   0x00000014   Code   RO         4713    i.nnom_hook_length  nnom.o
    0x080040e0   0x080040e0   0x00000040   Code   RO         4715    i.nnom_malloc       nnom.o
    0x08004120   0x08004120   0x0000002c   Code   RO         4716    i.nnom_mem          nnom.o
    0x0800414c   0x0800414c   0x000000c8   Code   RO         3704    i.nnom_model_create  main.o
    0x08004214   0x08004214   0x00000010   Code   RO         4718    i.nnom_set_static_buf  nnom.o
    0x08004224   0x08004224   0x0000001e   Code   RO         6007    i.output_run        nnom_output.o
    0x08004242   0x08004242   0x00000002   PAD
    0x08004244   0x08004244   0x00000030   Code   RO         6008    i.output_s          nnom_output.o
    0x08004274   0x08004274   0x000001c8   Code   RO         4719    i.print_layer_info  nnom.o
    0x0800443c   0x0800443c   0x00000054   Code   RO         4720    i.print_memory_block_info  nnom.o
    0x08004490   0x08004490   0x000001d0   Code   RO         3705    i.read_key          main.o
    0x08004660   0x08004660   0x00000014   Code   RO         4721    i.release_block     nnom.o
    0x08004674   0x08004674   0x0000000e   Code   RO         4722    i.release_comp_mem  nnom.o
    0x08004682   0x08004682   0x00000014   Code   RO         4723    i.release_input_mem  nnom.o
    0x08004696   0x08004696   0x00000002   PAD
    0x08004698   0x08004698   0x00000094   Code   RO         6234    i.round             m_ws.l(round.o)
    0x0800472c   0x0800472c   0x0000001c   Code   RO         3352    i.send_data_init    24l01.o
    0x08004748   0x08004748   0x00000268   Code   RO         3706    i.send_result       main.o
    0x080049b0   0x080049b0   0x00000054   Code   RO         4725    i.set_tailed_activation  nnom.o
    0x08004a04   0x08004a04   0x0000001a   Code   RO         5020    i.shape             nnom_layers.o
    0x08004a1e   0x08004a1e   0x0000003a   Code   RO         6115    i.softmax_build     nnom_softmax.o
    0x08004a58   0x08004a58   0x00000022   Code   RO         6116    i.softmax_run       nnom_softmax.o
    0x08004a7a   0x08004a7a   0x00000010   Code   RO         6117    i.softmax_s         nnom_softmax.o
    0x08004a8a   0x08004a8a   0x00000002   PAD
    0x08004a8c   0x08004a8c   0x00000034   Code   RO         3580    i.spi2_send_byte_fun  spi.o
    0x08004ac0   0x08004ac0   0x00000006   Code   RO         5022    i.stride            nnom_layers.o
    0x08004ac6   0x08004ac6   0x00000056   Code   RO         5074    i.tensor_cpy_attr   nnom_tensor.o
    0x08004b1c   0x08004b1c   0x0000000c   Code   RO         5075    i.tensor_get_num_channel  nnom_tensor.o
    0x08004b28   0x08004b28   0x00000032   Code   RO         4726    i.tensor_mem_set    nnom.o
    0x08004b5a   0x08004b5a   0x0000004a   Code   RO         5077    i.tensor_set_attr   nnom_tensor.o
    0x08004ba4   0x08004ba4   0x0000002a   Code   RO         5078    i.tensor_set_attr_v  nnom_tensor.o
    0x08004bce   0x08004bce   0x00000022   Code   RO         5079    i.tensor_size       nnom_tensor.o
    0x08004bf0   0x08004bf0   0x00000004   Data   RO         3708    .constdata          main.o
    0x08004bf4   0x08004bf4   0x00000004   Data   RO         3709    .constdata          main.o
    0x08004bf8   0x08004bf8   0x00000004   Data   RO         3710    .constdata          main.o
    0x08004bfc   0x08004bfc   0x00000014   Data   RO         3711    .constdata          main.o
    0x08004c10   0x08004c10   0x00000090   Data   RO         3712    .constdata          main.o
    0x08004ca0   0x08004ca0   0x0000010e   Data   RO         3713    .constdata          main.o
    0x08004dae   0x08004dae   0x00000006   Data   RO         3714    .constdata          main.o
    0x08004db4   0x08004db4   0x00000004   Data   RO         3715    .constdata          main.o
    0x08004db8   0x08004db8   0x00000004   Data   RO         3716    .constdata          main.o
    0x08004dbc   0x08004dbc   0x00000014   Data   RO         3717    .constdata          main.o
    0x08004dd0   0x08004dd0   0x0000001e   Data   RO         3718    .constdata          main.o
    0x08004dee   0x08004dee   0x00000002   Data   RO         3719    .constdata          main.o
    0x08004df0   0x08004df0   0x00000004   Data   RO         3720    .constdata          main.o
    0x08004df4   0x08004df4   0x00000004   Data   RO         3721    .constdata          main.o
    0x08004df8   0x08004df8   0x00000014   Data   RO         3722    .constdata          main.o
    0x08004e0c   0x08004e0c   0x00000004   Data   RO         3723    .constdata          main.o
    0x08004e10   0x08004e10   0x00000004   Data   RO         3724    .constdata          main.o
    0x08004e14   0x08004e14   0x00000546   Data   RO         3725    .constdata          main.o
    0x0800535a   0x0800535a   0x00000006   Data   RO         3726    .constdata          main.o
    0x08005360   0x08005360   0x00000004   Data   RO         3727    .constdata          main.o
    0x08005364   0x08005364   0x00000004   Data   RO         3728    .constdata          main.o
    0x08005368   0x08005368   0x00000014   Data   RO         3729    .constdata          main.o
    0x0800537c   0x0800537c   0x0000000f   Data   RO         3730    .constdata          main.o
    0x0800538b   0x0800538b   0x00000001   PAD
    0x0800538c   0x0800538c   0x00000002   Data   RO         3731    .constdata          main.o
    0x0800538e   0x0800538e   0x00000002   PAD
    0x08005390   0x08005390   0x00000004   Data   RO         3732    .constdata          main.o
    0x08005394   0x08005394   0x00000004   Data   RO         3733    .constdata          main.o
    0x08005398   0x08005398   0x00000014   Data   RO         3734    .constdata          main.o
    0x080053ac   0x080053ac   0x00000004   Data   RO         3735    .constdata          main.o
    0x080053b0   0x080053b0   0x00000004   Data   RO         3736    .constdata          main.o
    0x080053b4   0x080053b4   0x00000258   Data   RO         3737    .constdata          main.o
    0x0800560c   0x0800560c   0x00000004   Data   RO         3738    .constdata          main.o
    0x08005610   0x08005610   0x00000004   Data   RO         3739    .constdata          main.o
    0x08005614   0x08005614   0x00000004   Data   RO         3740    .constdata          main.o
    0x08005618   0x08005618   0x00000014   Data   RO         3741    .constdata          main.o
    0x0800562c   0x0800562c   0x0000000a   Data   RO         3742    .constdata          main.o
    0x08005636   0x08005636   0x00000002   Data   RO         3743    .constdata          main.o
    0x08005638   0x08005638   0x00000004   Data   RO         3744    .constdata          main.o
    0x0800563c   0x0800563c   0x00000004   Data   RO         3745    .constdata          main.o
    0x08005640   0x08005640   0x00000014   Data   RO         3746    .constdata          main.o
    0x08005654   0x08005654   0x00000004   Data   RO         3747    .constdata          main.o
    0x08005658   0x08005658   0x00000004   Data   RO         3748    .constdata          main.o
    0x0800565c   0x0800565c   0x00000002   Data   RO         3749    .constdata          main.o
    0x0800565e   0x0800565e   0x00000002   PAD
    0x08005660   0x08005660   0x00000004   Data   RO         3750    .constdata          main.o
    0x08005664   0x08005664   0x00000004   Data   RO         3751    .constdata          main.o
    0x08005668   0x08005668   0x00000014   Data   RO         3752    .constdata          main.o
    0x0800567c   0x0800567c   0x000001ec   Data   RO         4727    .constdata          nnom.o
    0x08005868   0x08005868   0x00000004   Data   RO         5656    .constdata          nnom_dense.o
    0x0800586c   0x0800586c   0x0000004c   Data   RO         3753    .conststring        main.o
    0x080058b8   0x080058b8   0x000002bd   Data   RO         4728    .conststring        nnom.o
    0x08005b75   0x08005b75   0x00000003   PAD
    0x08005b78   0x08005b78   0x00000020   Data   RO         6576    Region$$Table       anon$$obj.o


    Execution Region RW_IRAM1 (Exec base: 0x20000000, Load base: 0x08005b98, Size: 0x00002f90, Max: 0x00005000, ABSOLUTE)

    Exec Addr    Load Addr    Size         Type   Attr      Idx    E Section Name        Object

    0x20000000   0x08005b98   0x00000014   Data   RW         1805    .data               stm32f10x_rcc.o
    0x20000014   0x08005bac   0x0000000d   Data   RW         3353    .data               24l01.o
    0x20000021   0x08005bb9   0x00000001   Data   RW         3647    .data               usart.o
    0x20000022   0x08005bba   0x00000001   Data   RW         3648    .data               usart.o
    0x20000023   0x08005bbb   0x00000001   Data   RW         3650    .data               usart.o
    0x20000024   0x08005bbc   0x00000001   Data   RW         3651    .data               usart.o
    0x20000025   0x08005bbd   0x00000001   Data   RW         3652    .data               usart.o
    0x20000026   0x08005bbe   0x00000001   Data   RW         3653    .data               usart.o
    0x20000027   0x08005bbf   0x00000001   Data   RW         3655    .data               usart.o
    0x20000028   0x08005bc0   0x00000001   Data   RW         3656    .data               usart.o
    0x20000029   0x08005bc1   0x00000003   PAD
    0x2000002c   0x08005bc4   0x00000020   Data   RW         3754    .data               main.o
    0x2000004c   0x08005be4   0x00000010   Data   RW         4729    .data               nnom.o
    0x2000005c   0x08005bf4   0x00000004   Data   RW         6550    .data               mc_w.l(stdout.o)
    0x20000060        -       0x00002b2c   Zero   RW         3707    .bss                main.o
    0x20002b8c   0x08005bf8   0x00000004   PAD
    0x20002b90        -       0x00000400   Zero   RW            1    STACK               startup_stm32f10x_md.o


==============================================================================

Image component sizes


      Code (inc. data)   RO Data    RW Data    ZI Data      Debug   Object Name

       584         44          0         13          0       3298   24l01.o
         0          0          0          0          0       4508   core_cm3.o
        52          0          0          0          0        986   delay.o
       192         26          0          0          0        712   gpio.o
        18          0          0          0          0       1137   int.o
      2208        342       2771         32      11052      32822   main.o
       120         14          0          0          0     204659   misc.o
       314          0          0          0          0       2702   mpu6050.o
        32          0          0          0          0        427   mydelay.o
       614         22          0          0          0       4750   myi2c.o
      3110        874       1193         16          0      26654   nnom.o
       126         12          0          0          0       2167   nnom_activation.o
        74          0          0          0          0        532   nnom_baselayer.o
       896         14          0          0          0       3926   nnom_conv2d.o
       448         20          4          0          0       3157   nnom_dense.o
       172         10          0          0          0       2652   nnom_flatten.o
       316         10          0          0          0       2224   nnom_input.o
        52          0          0          0          0       2979   nnom_layers.o
      1392          0          0          0          0      19995   nnom_local.o
       518          0          0          0          0       4582   nnom_local_q15.o
       580          8          0          0          0       3244   nnom_maxpool.o
        78          8          0          0          0       1488   nnom_output.o
       180          8          0          0          0       2660   nnom_softmax.o
       402         38          0          0          0       4908   nnom_tensor.o
       260         12          0          0          0       1145   spi.o
        36          8        236          0       1024        784   startup_stm32f10x_md.o
         0          0          0          0          0       1628   stm32f10x_adc.o
        12          6          0          0          0        457   stm32f10x_exti.o
       200          0          0          0          0      12232   stm32f10x_gpio.o
        18          0          0          0          0       3454   stm32f10x_it.o
       228         30          0         20          0      12966   stm32f10x_rcc.o
       102          0          0          0          0      10338   stm32f10x_spi.o
        30          0          0          0          0      21866   stm32f10x_tim.o
       354          6          0          0          0      11857   stm32f10x_usart.o
       260         26          0          0          0      31521   system_stm32f10x.o
       144         36          0          0          0        482   timer.o
       296         20          0          8          0       2822   usart.o

    ----------------------------------------------------------------------
     14458       1594       4244         92      12080     448721   Object Totals
         0          0         32          0          0          0   (incl. Generated)
        40          0          8          3          4          0   (incl. Padding)

    ----------------------------------------------------------------------

      Code (inc. data)   RO Data    RW Data    ZI Data      Debug   Library Member Name

       148         12          0          0          0         88   round.o
         0          0          0          0          0          0   entry.o
         0          0          0          0          0          0   entry10a.o
         0          0          0          0          0          0   entry11a.o
         4          0          0          0          0          0   entry12b.o
         8          4          0          0          0          0   entry2.o
         4          0          0          0          0          0   entry5.o
         0          0          0          0          0          0   entry7b.o
         0          0          0          0          0          0   entry8b.o
         8          4          0          0          0          0   entry9a.o
        30          0          0          0          0          0   handlers.o
        36          8          0          0          0         68   init.o
         0          0          0          0          0          0   iusefp.o
        30          0          0          0          0         68   llshl.o
        36          0          0          0          0         68   llsshr.o
        32          0          0          0          0         68   llushr.o
        36          0          0          0          0         68   memcpya.o
        36          0          0          0          0        108   memseta.o
      2218         90          0          0          0        464   printfa.o
         0          0          0          4          0          0   stdout.o
        44          0          0          0          0         80   uidiv.o
        98          0          0          0          0         92   uldiv.o
        48          0          0          0          0         68   cdcmple.o
        48          0          0          0          0         68   cdrcmple.o
        20          0          0          0          0         68   cfrcmple.o
       334          0          0          0          0        148   dadd.o
       222          0          0          0          0        100   ddiv.o
       186          0          0          0          0        176   depilogue.o
        62          0          0          0          0         80   dfixi.o
        48          0          0          0          0         68   dfixul.o
       228          0          0          0          0         96   dmul.o
       136          4          0          0          0         92   drnd.o
        38          0          0          0          0         68   f2d.o
       176          0          0          0          0        140   fadd.o
       124          0          0          0          0         88   fdiv.o
       110          0          0          0          0        168   fepilogue.o
        50          0          0          0          0         68   ffixi.o
        18          0          0          0          0         68   fflti.o
       100          0          0          0          0         76   fmul.o
        24          0          0          0          0         68   fscalb.o

    ----------------------------------------------------------------------
      4746        122          0          4          0       2880   Library Totals
         6          0          0          0          0          0   (incl. Padding)

    ----------------------------------------------------------------------

      Code (inc. data)   RO Data    RW Data    ZI Data      Debug   Library Name

       148         12          0          0          0         88   m_ws.l
      2620        106          0          4          0       1084   mc_w.l
      1972          4          0          0          0       1708   mf_w.l

    ----------------------------------------------------------------------
      4746        122          0          4          0       2880   Library Totals

    ----------------------------------------------------------------------

==============================================================================


      Code (inc. data)   RO Data    RW Data    ZI Data      Debug   

     19204       1716       4244         96      12080     442029   Grand Totals
     19204       1716       4244         96      12080     442029   ELF Image Totals
     19204       1716       4244         96          0          0   ROM Totals

==============================================================================

    Total RO  Size (Code + RO Data)                23448 (  22.90kB)
    Total RW  Size (RW Data + ZI Data)             12176 (  11.89kB)
    Total ROM Size (Code + RO Data + RW Data)      23544 (  22.99kB)

==============================================================================

